07-01 08:03:26.767  2570  3827 I ActivityTaskManager: The Process com.ipdial Already Exists in BG. So sending its PID: 17189
07-01 08:03:26.770  2570  3668 D BackgroundInstallControlService: Package event received: 0
07-01 08:03:26.772  2570  3827 D KeyguardControllerExtImpl: handleOccludedChanged occlude = false isKeyguardLocked = false executeTransition = false
07-01 08:03:26.773  2570  3827 D ActivityTaskManager: setAppVisibility(Token{ed3cd0b ActivityRecord{81999868 u0 com.ipdial/com.startapp.sdk.adsbase.consent.ConsentActivity t14849}}, visible=true):  visible=false mVisibleRequested=false
07-01 08:03:26.773  2570  3827 D ActivityTaskManager: setVisibility(Token{ed3cd0b ActivityRecord{81999868 u0 com.ipdial/com.startapp.sdk.adsbase.consent.ConsentActivity t14849}}, visible=true) defer commitVisibility for transition collecting
07-01 08:03:26.776  2570  3827 D FlexibleTaskController: isFullToFlexibleAnimating: false
07-01 08:03:26.776  2570  3827 D WindowManager: rotation(ROTATION_0) no changed  displayId = 0, lastOrientation = -1
07-01 08:03:26.777  2570  3827 D ActivityTaskManager: setAppVisibility(Token{ed3cd0b ActivityRecord{81999868 u0 com.ipdial/com.startapp.sdk.adsbase.consent.ConsentActivity t14849}}, visible=true):  visible=false mVisibleRequested=true
07-01 08:03:26.778  2570  3827 D ActivityTaskManager: setVisibility(Token{ed3cd0b ActivityRecord{81999868 u0 com.ipdial/com.startapp.sdk.adsbase.consent.ConsentActivity t14849}}, visible=true) defer commitVisibility for transition collecting
07-01 08:03:26.778  2570  3827 D OplusDexOptimizeManager: basepath == oldPackagePath! com.ipdial
07-01 08:03:26.781  2570  2938 I UserAwareMgr: handleTopAppChanged: com.ipdial, pid: 17189, uid: 10806
07-01 08:03:26.781  2570  3827 D ActivityTaskManager: NFW_setLastResumedActivityUncheckLocked:true r:ActivityRecord{81999868 u0 com.ipdial/com.startapp.sdk.adsbase.consent.ConsentActivity t14849} currentFocus:Window{a0f4f0e u0 com.google.android.permissioncontroller/com.android.permissioncontroller.permission.ui.GrantPermissionsActivity}
07-01 08:03:26.781  2570  3827 D WindowManager: NFW_findFocusedWindowIfNeeded:null mCurrentFocus:Window{a0f4f0e u0 com.google.android.permissioncontroller/com.android.permissioncontroller.permission.ui.GrantPermissionsActivity}
07-01 08:03:26.785  2570  3827 V WindowManager: Changing focus from Window{a0f4f0e u0 com.google.android.permissioncontroller/com.android.permissioncontroller.permission.ui.GrantPermissionsActivity} to null,diplayid=0
07-01 08:03:26.788  2570  3827 D WindowManager: setFrameRateStart invalid typeId return!
07-01 08:03:26.790  2570  3827 D WindowManager: setFrameRateStart invalid typeId return!
07-01 08:03:26.794  2570  3827 I OplusJoystickManager: handleApplicationSwitch deprecated!
07-01 08:03:26.794  2570  3827 I GameManagerServiceExt-GameManagerServiceExt: on FG change: com.google.android.permissioncontroller|com.ipdial
07-01 08:03:26.800  2570  2989 E OplusThermalStats: Error getting package info: com.ipdial
07-01 08:03:26.808  2570  3827 I TaskOrganizerController: onTaskInfoChanged taskid 14849 config { mBounds=Rect(0, 0 - 1080, 2400) mAppBounds=Rect(0, 0 - 1080, 2400) mMaxBounds=Rect(0, 0 - 1080, 2400) mDisplayRotation=ROTATION_0 mWindowingMode=fullscreen mActivityType=standard mAlwaysOnTop=undefined mRotation=ROTATION_0}
07-01 08:03:26.811  2570  3827 D OplusFlexibleDragToSplitAnimController: visibleFlexibleTaskInfos delete:14849
07-01 08:03:26.812  2570  3827 E FlexibleWindowManagerService: notifyTaskObserverToAttachController not need to notify!
07-01 08:03:26.812  2570  3827 I FlexibleWindowManagerService: onFlexibleWindowTaskInfoChanged, return for cur task not embedded
07-01 08:03:26.821 17189 17189 D ResourcesManagerExtImpl: applyConfigurationToAppResourcesLocked app.getDisplayId() return callback.displayId:0
07-01 08:03:26.822  2570  2886 D OplusBatteryManager: getPsyBatteryRm: 1590
07-01 08:03:26.823  2570  2886 D BatteryStatsImplExtImpl: resumedUid:10806 resumedBatteryLevel:36  resumedPackage:com.ipdial  resumedBatteryRealtimeCapacity:1590
07-01 08:03:26.823  2570  3064 D VRR [OPlusRefreshRateService]: handleFrontAppChange pkgName: null
07-01 08:03:26.824  2570  2886 D FlexibleTaskController: not in list
07-01 08:03:26.795  2570  3060 D OplusAppSwitchListener: App Activity Change
07-01 08:03:26.827  2570  3060 D OplusAppSwitchListener: Detect com.google.android.permissioncontroller switch to background
07-01 08:03:26.827  2570  3060 D OplusFeatureReduceBrightness: onAppExit , info = com.google.android.permissioncontroller
07-01 08:03:26.827  2570  3060 D OplusAppSwitchListener: Detect com.ipdial switch to foreground
07-01 08:03:26.835  2570  4565 D OplusEapManager: mTargetExitName :com.google.android.permissioncontroller
07-01 08:03:26.838  2570  2889 I TaskOrganizerController: onTaskInfoChanged taskid 14849 config { mBounds=Rect(0, 0 - 1080, 2400) mAppBounds=Rect(0, 0 - 1080, 2400) mMaxBounds=Rect(0, 0 - 1080, 2400) mDisplayRotation=ROTATION_0 mWindowingMode=fullscreen mActivityType=standard mAlwaysOnTop=undefined mRotation=ROTATION_0}
07-01 08:03:26.838  2570  3668 D BackgroundInstallControlService: Package event received: 0
07-01 08:03:26.839  2570  2889 D OplusFlexibleDragToSplitAnimController: visibleFlexibleTaskInfos delete:14849
07-01 08:03:26.839  2570  2889 E FlexibleWindowManagerService: notifyTaskObserverToAttachController not need to notify!
07-01 08:03:26.839  2570  2889 I FlexibleWindowManagerService: onFlexibleWindowTaskInfoChanged, return for cur task not embedded
07-01 08:03:26.843  2570  4565 D OplusAppSwitchRuleInfo: generateAppEnterInfo - launch_source_type =  , launch_source_traceid = 
07-01 08:03:26.847  2570  4565 D OplusEapManager: mTargetEnterName :com.ipdial
07-01 08:03:26.847  2570  4565 D OplusAppSwitchRuleInfo: generateAppEnterInfo - launch_source_type =  , launch_source_traceid = 
07-01 08:03:26.848  2570  4565 D OplusAppSwitchRuleInfo: generateAppEnterInfo - launch_source_type =  , launch_source_traceid = 
07-01 08:03:26.849  2570  4565 D OplusAppSwitchRuleInfo: generateAppEnterInfo - launch_source_type =  , launch_source_traceid = 
07-01 08:03:26.850  2570  4565 D OplusAppSwitchRuleInfo: generateAppEnterInfo - launch_source_type =  , launch_source_traceid = 
07-01 08:03:26.851  2570  4565 D OplusAppSwitchRuleInfo: generateAppEnterInfo - launch_source_type =  , launch_source_traceid = 
07-01 08:03:26.852  2570  4565 D OplusAppSwitchRuleInfo: generateAppEnterInfo - launch_source_type =  , launch_source_traceid = 
07-01 08:03:26.858  2570  3064 D VRR [OPlusRefreshRateService]: handleFrontAppChange pkgName: com.ipdial
07-01 08:03:26.864  2570  4565 D OplusAppSwitchRuleInfo: generateActivityEnterInfo - launch_source_type =  , launch_source_traceid = 
07-01 08:03:26.865  2570  4565 D OplusAppSwitchRuleInfo: generateActivityEnterInfo - launch_source_type =  , launch_source_traceid = 
07-01 08:03:26.927  2570  2967 I ActivityManager: Start proc 17348:com.google.android.webview:sandboxed_process0:org.chromium.content.app.SandboxedProcessService0:0/u0i19 for  {com.ipdial/org.chromium.content.app.SandboxedProcessService0:0}
07-01 08:03:26.928  2570  2883 I ActivityManager: ProcessObserver broadcast disabled
07-01 08:03:26.932  2570  3352 I MemoryOperationUtils: add 17348 to com.ipdial
07-01 08:03:26.988  2570  2890 D SurfaceAnimationRunner: onAnimationEnd:Surface(name=Surface(name=a0f4f0e com.google.android.permissioncontroller/com.android.permissioncontroller.permission.ui.GrantPermissionsActivity)/@0x9bfa9ff - animation-leash of window_animation)/@0x11a3615
07-01 08:03:26.990  2570  2938 W UserAwareMgr: event can not be released, id: 5005, count: 2, releasePid: 2570
07-01 08:03:26.999 17321 17321 F DEBUG   : Process name is com.ipdial, uid is 10806, not key_process
07-01 08:03:26.999 17321 17321 F DEBUG   : keyProcess: 0
07-01 08:03:26.999 17321 17321 F DEBUG   : *** *** *** *** *** *** *** *** *** *** *** *** *** *** *** ***
07-01 08:03:26.999 17321 17321 F DEBUG   : Build fingerprint: 'OnePlus/CPH2621/OP5D49L1:16/BP2A.250605.015/U.R4T2.370c561-12d1a45-12d89e9:user/release-keys'
07-01 08:03:26.999 17321 17321 F DEBUG   : Revision: '0'
07-01 08:03:26.999 17321 17321 F DEBUG   : ABI: 'arm64'
07-01 08:03:26.999 17321 17321 F DEBUG   : Timestamp: 2026-07-01 08:03:26.610195767+0600
07-01 08:03:26.999 17321 17321 F DEBUG   : Process uptime: 3s
07-01 08:03:26.999 17321 17321 F DEBUG   : Cmdline: com.ipdial
07-01 08:03:26.999 17321 17321 F DEBUG   : pid: 17189, tid: 17228, name: DefaultDispatch  >>> com.ipdial <<<
07-01 08:03:26.999 17321 17321 F DEBUG   : uid: 10806
07-01 08:03:26.999 17321 17321 F DEBUG   : tagged_addr_ctrl: 0000000000000001 (PR_TAGGED_ADDR_ENABLE)
07-01 08:03:26.999 17321 17321 F DEBUG   : signal 6 (SIGABRT), code -1 (SI_QUEUE), fault addr --------
07-01 08:03:26.999 17321 17321 F DEBUG   : Abort message: '../src/pj/os_core_unix.c:1278: pj_status_t pj_mutex_lock(pj_mutex_t *): assertion "mutex" failed'
07-01 08:03:26.999 17321 17321 F DEBUG   :     x0  0000000000000000  x1  000000000000434c  x2  0000000000000006  x3  0000007b477173a0
07-01 08:03:26.999 17321 17321 F DEBUG   :     x4  6f1f393736313039  x5  6f1f393736313039  x6  6f1f393736313039  x7  7f7f7f7f7f7f7f7f
07-01 08:03:26.999 17321 17321 F DEBUG   :     x8  00000000000000f0  x9  a9e54aaa5db79254  x10 000000ff00000020  x11 0000000000000000
07-01 08:03:26.999 17321 17321 F DEBUG   :     x12 000000006a44756e  x13 000000007fffffff  x14 00000000002884be  x15 0000006b3408d04f
07-01 08:03:26.999 17321 17321 F DEBUG   :     x16 0000007c857d8828  x17 0000007c857bdb80  x18 0000007b4637c000  x19 0000000000004325
07-01 08:03:26.999 17321 17321 F DEBUG   :     x20 000000000000434c  x21 00000000ffffffff  x22 0000007b60fa582e  x23 000000000000000e
07-01 08:03:26.999 17321 17321 F DEBUG   :     x24 0000007bfaec1c40  x25 0000007b477179a8  x26 b400007bab3aa670  x27 b400007bb5866380
07-01 08:03:26.999 17321 17321 F DEBUG   :     x28 0000007b477178a0  x29 0000007b47717420
07-01 08:03:26.999 17321 17321 F DEBUG   :     lr  0000007c857578e8  sp  0000007b477173a0  pc  0000007c8575790c  pst 0000000000001000
07-01 08:03:26.999 17321 17321 F DEBUG   : 28 total frames
07-01 08:03:26.999 17321 17321 F DEBUG   : backtrace:
07-01 08:03:26.999 17321 17321 F DEBUG   :       #00 pc 000000000008a90c  /apex/com.android.runtime/lib64/bionic/libc.so (abort+160) (BuildId: e86c12767b7ffe779233d6bd0a8f6b8a)
07-01 08:03:26.999 17321 17321 F DEBUG   :       #01 pc 000000000008b190  /apex/com.android.runtime/lib64/bionic/libc.so (__assert2+40) (BuildId: e86c12767b7ffe779233d6bd0a8f6b8a)
07-01 08:03:26.999 17321 17321 F DEBUG   :       #02 pc 0000000000589614  /data/app/~~E3gtp_mW0Bns0peHOyZtAA==/com.ipdial--R9HsdJsWw-1OWn_Ueg3Zw==/lib/arm64/libpjsua2.so (pj_mutex_lock+124) (BuildId: 69dfd2f5d7a61abb87f953b9fe98831da87032c4)
07-01 08:03:26.999 17321 17321 F DEBUG   :       #03 pc 00000000002b639c  /data/app/~~E3gtp_mW0Bns0peHOyZtAA==/com.ipdial--R9HsdJsWw-1OWn_Ueg3Zw==/lib/arm64/libpjsua2.so (pj::Endpoint::libRegisterThread(std::__ndk1::basic_string<char, std::__ndk1::char_traits<char>, std::__ndk1::allocator<char>> const&)+640) (BuildId: 69dfd2f5d7a61abb87f953b9fe98831da87032c4)
07-01 08:03:26.999 17321 17321 F DEBUG   :       #04 pc 0000000000242974  /data/app/~~E3gtp_mW0Bns0peHOyZtAA==/com.ipdial--R9HsdJsWw-1OWn_Ueg3Zw==/lib/arm64/libpjsua2.so (Java_org_pjsip_pjsua2_pjsua2JNI_Endpoint_1libRegisterThread+236) (BuildId: 69dfd2f5d7a61abb87f953b9fe98831da87032c4)
07-01 08:03:26.999 17321 17321 F DEBUG   :       #05 pc 00000000002c23a0  /apex/com.android.art/lib64/libart.so (art_quick_generic_jni_trampoline+144) (BuildId: cecb684d19b4f44ee3cbd66142c315f4)
07-01 08:03:26.999 17321 17321 F DEBUG   :       #06 pc 000000000072b39c  /apex/com.android.art/lib64/libart.so (nterp_helper+780) (BuildId: cecb684d19b4f44ee3cbd66142c315f4)
07-01 08:03:26.999 17321 17321 F DEBUG   :       #07 pc 000000000058e82e  [anon:dalvik-classes.dex extracte...AA==/com.ipdial--R9HsdJsWw-1OWn_Ueg3Zw==/base.apk] (org.pjsip.pjsua2.Endpoint.libRegisterThread+10)
07-01 08:03:26.999 17321 17321 F DEBUG   :       #08 pc 000000000072b884  /apex/com.android.art/lib64/libart.so (nterp_helper+2036) (BuildId: cecb684d19b4f44ee3cbd66142c315f4)
07-01 08:03:26.999 17321 17321 F DEBUG   :       #09 pc 00000000004ed356  [anon:dalvik-classes.dex extracte...AA==/com.ipdial--R9HsdJsWw-1OWn_Ueg3Zw==/base.apk] (com.ipdial.service.SipEngine.init+194)
07-01 08:03:26.999 17321 17321 F DEBUG   :       #10 pc 000000000072b884  /apex/com.android.art/lib64/libart.so (nterp_helper+2036) (BuildId: cecb684d19b4f44ee3cbd66142c315f4)
07-01 08:03:26.999 17321 17321 F DEBUG   :       #11 pc 00000000001dad90  [anon:dalvik-classes.dex extracte...AA==/com.ipdial--R9HsdJsWw-1OWn_Ueg3Zw==/base.apk] (ip.invokeSuspend+376)
07-01 08:03:26.999 17321 17321 F DEBUG   :       #12 pc 000000000072b884  /apex/com.android.art/lib64/libart.so (nterp_helper+2036) (BuildId: cecb684d19b4f44ee3cbd66142c315f4)
07-01 08:03:26.999 17321 17321 F DEBUG   :       #13 pc 00000000001d7a06  [anon:dalvik-classes.dex extracte...AA==/com.ipdial--R9HsdJsWw-1OWn_Ueg3Zw==/base.apk] (io.resumeWith+14)
07-01 08:03:26.999 17321 17321 F DEBUG   :       #14 pc 000000000072b910  /apex/com.android.art/lib64/libart.so (nterp_helper+2176) (BuildId: cecb684d19b4f44ee3cbd66142c315f4)
07-01 08:03:26.999 17321 17321 F DEBUG   :       #15 pc 0000000000244312  [anon:dalvik-classes.dex extracte...AA==/com.ipdial--R9HsdJsWw-1OWn_Ueg3Zw==/base.apk] (bj0.run+226)
07-01 08:03:26.999 17321 17321 F DEBUG   :       #16 pc 000000000072b884  /apex/com.android.art/lib64/libart.so (nterp_helper+2036) (BuildId: cecb684d19b4f44ee3cbd66142c315f4)
07-01 08:03:26.999 17321 17321 F DEBUG   :       #17 pc 0000000000195316  [anon:dalvik-classes.dex extracte...AA==/com.ipdial--R9HsdJsWw-1OWn_Ueg3Zw==/base.apk] (a9.run+1954)
07-01 08:03:26.999 17321 17321 F DEBUG   :       #18 pc 000000000072b884  /apex/com.android.art/lib64/libart.so (nterp_helper+2036) (BuildId: cecb684d19b4f44ee3cbd66142c315f4)
07-01 08:03:26.999 17321 17321 F DEBUG   :       #19 pc 000000000039ebec  [anon:dalvik-classes.dex extracte...AA==/com.ipdial--R9HsdJsWw-1OWn_Ueg3Zw==/base.apk] (di3.run+4)
07-01 08:03:26.999 17321 17321 F DEBUG   :       #20 pc 000000000072b884  /apex/com.android.art/lib64/libart.so (nterp_helper+2036) (BuildId: cecb684d19b4f44ee3cbd66142c315f4)
07-01 08:03:26.999 17321 17321 F DEBUG   :       #21 pc 000000000022b326  [anon:dalvik-classes.dex extracte...AA==/com.ipdial--R9HsdJsWw-1OWn_Ueg3Zw==/base.apk] (ib0.run+174)
07-01 08:03:26.999 17321 17321 F DEBUG   :       #22 pc 00000000002aaf94  /apex/com.android.art/lib64/libart.so (art_quick_invoke_stub+612) (BuildId: cecb684d19b4f44ee3cbd66142c315f4)
07-01 08:03:26.999 17321 17321 F DEBUG   :       #23 pc 00000000002a9268  /apex/com.android.art/lib64/libart.so (art::ArtMethod::Invoke(art::Thread*, unsigned int*, unsigned int, art::JValue*, char const*)+148) (BuildId: cecb684d19b4f44ee3cbd66142c315f4)
07-01 08:03:26.999 17321 17321 F DEBUG   :       #24 pc 00000000004e1a68  /apex/com.android.art/lib64/libart.so (art::Thread::CreateCallback(void*)+1384) (BuildId: cecb684d19b4f44ee3cbd66142c315f4)
07-01 08:03:26.999 17321 17321 F DEBUG   :       #25 pc 00000000004e14ec  /apex/com.android.art/lib64/libart.so (art::Thread::CreateCallbackWithUffdGc(void*)+12) (BuildId: cecb684d19b4f44ee3cbd66142c315f4)
07-01 08:03:26.999 17321 17321 F DEBUG   :       #26 pc 000000000009bc74  /apex/com.android.runtime/lib64/bionic/libc.so (__pthread_start(void*)+184) (BuildId: e86c12767b7ffe779233d6bd0a8f6b8a)
07-01 08:03:26.999 17321 17321 F DEBUG   :       #27 pc 000000000008e134  /apex/com.android.runtime/lib64/bionic/libc.so (__start_thread+68) (BuildId: e86c12767b7ffe779233d6bd0a8f6b8a)
07-01 08:03:27.007  2570  2890 D SurfaceAnimationRunner: onAnimationEnd:Surface(name=Dim Layer for - Task=14849)/@0xa5461f6
07-01 08:03:27.025 17189 17189 D ActivityThread: ComponentInfo{com.ipdial/com.startapp.sdk.adsbase.consent.ConsentActivity} checkFinished=false 2
07-01 08:03:27.025 17189 17189 D ResourcesManagerExtImpl: applyConfigurationToAppResourcesLocked app.getDisplayId() return callback.displayId:0
07-01 08:03:27.040  2570  3827 I WindowManager: addWindow: New client android.os.BinderProxy@ab1cd1c : window=Window{9db0d25 u0 com.ipdial/com.startapp.sdk.adsbase.consent.ConsentActivity}
07-01 08:03:27.047 17189 17189 D ResourcesManagerExtImpl: applyConfigurationToAppResourcesLocked app.getDisplayId() return callback.displayId:0
07-01 08:03:27.057  2570  4174 V WindowManager: Relayout Window{9db0d25 u0 com.ipdial/com.startapp.sdk.adsbase.consent.ConsentActivity}: viewVisibility=0, oldvis=4, req=1080x2400 , apr = 0, vsysui=, x=0, y=0
07-01 08:03:27.057  2570  4174 I WindowManager: Window{9db0d25 u0 com.ipdial/com.startapp.sdk.adsbase.consent.ConsentActivity} state from NO_SURFACE to DRAW_PENDING; reason: resetDrawState
07-01 08:03:27.071  2570  4174 D WindowManager: NFW_findFocusedWindowIfNeeded:Window{9db0d25 u0 com.ipdial/com.startapp.sdk.adsbase.consent.ConsentActivity} mCurrentFocus:null
07-01 08:03:27.072  2570  3401 I DropBoxManagerService: add tag=SYSTEM_TOMBSTONE_PROTO_WITH_HEADERS isTagEnabled=true flags=0x4
07-01 08:03:27.073  2570  4174 V WindowManager: Changing focus from null to Window{9db0d25 u0 com.ipdial/com.startapp.sdk.adsbase.consent.ConsentActivity},diplayid=0
07-01 08:03:27.076  2570  2971 I ActivityManager: Process PhantomProcessRecord {c67f17f 17321:17189:crash_dump64/u0a806} died
07-01 08:03:27.077  2570  4174 D WindowManager: setFrameRateStart invalid typeId return!
07-01 08:03:27.079  2570  4174 D WindowManager: setFrameRateStart invalid typeId return!
07-01 08:03:27.085  2570  3827 D CoreBackPreview: Window{9db0d25 u0 com.ipdial/com.startapp.sdk.adsbase.consent.ConsentActivity}: Setting back callback OnBackInvokedCallbackInfo{mCallback=android.window.IOnBackInvokedCallback$Stub$Proxy@c6f2a11, mPriority=-1, mIsAnimationCallback=false, mOverrideBehavior=0}
07-01 08:03:27.090  2570 17385 I DropBoxManagerService: add tag=data_app_native_crash isTagEnabled=true flags=0x2
07-01 08:03:27.094  2570 17385 D DropBoxManagerService: file :: /data/system/dropbox/data_app_native_crash@1782871407091.txt
07-01 08:03:27.094  2570 17382 D OplusDexAotCrashController:  this pkg path already deleted aot files: com.ipdial
07-01 08:03:27.095  2570 17382 W ActivityTaskManager:   Force finishing activity com.ipdial/com.startapp.sdk.adsbase.consent.ConsentActivity
07-01 08:03:27.095  2570 17382 D ActivityTaskManager: setAppVisibility(Token{ed3cd0b ActivityRecord{81999868 u0 com.ipdial/com.startapp.sdk.adsbase.consent.ConsentActivity t14849 f}}}, visible=false):  visible=false mVisibleRequested=true
07-01 08:03:27.096  2570 17382 D ActivityTaskManager: setVisibility(Token{ed3cd0b ActivityRecord{81999868 u0 com.ipdial/com.startapp.sdk.adsbase.consent.ConsentActivity t14849 f}}}, visible=false) defer commitVisibility for transition collecting
07-01 08:03:27.098  2570  2971 I ActivityManager: Process PhantomProcessRecord {b26ce13 17325:17189:com.ipdial/u0a806} died
07-01 08:03:27.099  2570 17382 W ActivityTaskManager:   Force finishing activity com.google.android.permissioncontroller/com.android.permissioncontroller.permission.ui.GrantPermissionsActivity
07-01 08:03:27.099  2570  3401 D DropBoxManagerService: file :: /data/system/dropbox/SYSTEM_TOMBSTONE_PROTO_WITH_HEADERS@1782871407098.dat.gz
07-01 08:03:27.099  2570 17382 D ActivityTaskManager: setAppVisibility(Token{6f40cc1 ActivityRecord{166247883 u0 com.google.android.permissioncontroller/com.android.permissioncontroller.permission.ui.GrantPermissionsActivity t14849 f}}}, visible=false):  visible=true mVisibleRequested=true
07-01 08:03:27.100  2570 17382 D ActivityTaskManager: setVisibility(Token{6f40cc1 ActivityRecord{166247883 u0 com.google.android.permissioncontroller/com.android.permissioncontroller.permission.ui.GrantPermissionsActivity t14849 f}}}, visible=false) defer commitVisibility for transition collecting
07-01 08:03:27.101 17348 17348 V Configuration: Updating configuration, locales updated from [] to [en_BD]
07-01 08:03:27.102  2570 17382 D KeyguardControllerExtImpl: handleOccludedChanged occlude = false isKeyguardLocked = false executeTransition = false
07-01 08:03:27.114  2570  3401 I BootReceiver: Copying /data/tombstones/tombstone_31 to DropBox (SYSTEM_TOMBSTONE)
07-01 08:03:27.114  2570  2883 I ActivityManager: hookHandleApplicationCrashBeforeInner do not showErrorDialog shouldThottle= true
07-01 08:03:27.118  2570  3401 I DropBoxManagerService: add tag=SYSTEM_TOMBSTONE isTagEnabled=true flags=0x6
07-01 08:03:27.122  2570  2890 D SurfaceAnimationRunner: onAnimationStart:Surface(name=Dim Layer for - Task=14849)/@0xa5461f6
07-01 08:03:27.122 17348 17348 E OplusCustomizePackageManager: mIOplusCustomizePackageManagerService is null
07-01 08:03:27.123 17348 17348 E OplusCustomizePackageManager: mIOplusCustomizePackageManagerService is null
07-01 08:03:27.123 17348 17348 E OplusCustomizePackageManager: isOplusCertificatePackage Errorjava.lang.NullPointerException: Attempt to invoke interface method 'boolean android.os.customize.IOplusCustomizePackageManagerService.isOplusCertificatePackage(java.lang.String)' on a null object reference
07-01 08:03:27.125  2570  3539 I WindowManager: WINDOW DIED Window{9db0d25 u0 com.ipdial/com.startapp.sdk.adsbase.consent.ConsentActivity}
07-01 08:03:27.126  2570  3539 I WindowManager: Window{9db0d25 u0 com.ipdial/com.startapp.sdk.adsbase.consent.ConsentActivity} state from DRAW_PENDING to NO_SURFACE; reason: destroySurface
07-01 08:03:27.126  1417  1456 E FrameworkListener: read() failed (Connection reset by peer)
07-01 08:03:27.128  2570  3539 D WindowManager: NFW_findFocusedWindowIfNeeded:null mCurrentFocus:Window{9db0d25 u0 com.ipdial/com.startapp.sdk.adsbase.consent.ConsentActivity}
07-01 08:03:27.128  2570  3539 V WindowManager: Changing focus from Window{9db0d25 u0 com.ipdial/com.startapp.sdk.adsbase.consent.ConsentActivity} to null,diplayid=0
07-01 08:03:27.128 17348 17348 D ResourcesManagerExtImpl: applyConfigurationToAppResourcesLocked app.getDisplayId() return callback.displayId:-1
07-01 08:03:27.131  2570  3539 D WindowManager: setFrameRateStart invalid typeId return!
07-01 08:03:27.131  2570  3870 I ActivityManager: Flag disabled. Ignoring finishAttachApplication from uid: 99019. pid: 17348
07-01 08:03:27.134  2570  3539 D WindowManager: setFrameRateStart invalid typeId return!
07-01 08:03:27.135  2570  4706 I ActivityManager: Death received, pid = 17189, processName = com.ipdial for thread android.os.BinderProxy@1f8a7a3
07-01 08:03:27.137  2570  4052 I ActivityManager: Process com.ipdial (pid 17189) has died: fg  TOP 
07-01 08:03:27.137  2570  2570 E JobServiceContext: 10806 ComponentInfo{com.ipdial/com.google.android.datatransport.runtime.scheduling.jobscheduling.JobInfoSchedulerService} unexpectedly disconnected
07-01 08:03:27.139  2570  3539 D WindowManager: NFW_findFocusedWindowIfNeeded:null mCurrentFocus:null
07-01 08:03:27.139  2570  3401 D DropBoxManagerService: file :: /data/system/dropbox/SYSTEM_TOMBSTONE@1782871407138.txt.gz
07-01 08:03:27.141  2570  3539 I WindowManager: WINDOW DIED Window{e7e966d u0 com.ipdial/com.ipdial.MainActivityDefault}
07-01 08:03:27.142  2570  3539 D WindowManager: NFW_findFocusedWindowIfNeeded:null mCurrentFocus:null
07-01 08:03:27.144  2570  2691 I WindowManager: WIN DEATH: Window{e7e966d u0 com.ipdial/com.ipdial.MainActivityDefault EXITING}
07-01 08:03:27.144  2570  2691 D WindowManager: NFW_findFocusedWindowIfNeeded:null mCurrentFocus:null
07-01 08:03:27.146  2570  2889 W ActivityManager: pid 2570 system sent binder code 55 with flags 1 to frozen apps and got error -32
07-01 08:03:27.146  2570  2889 W ClientLifecycleManager: Failed to deliver transaction for ProcessRecord{1c7303b 17189:com.ipdial/u0a806}
07-01 08:03:27.146  2570  2889 W ClientLifecycleManager: transaction=com.android.server.wm.ClientLifecycleManager@907f5dc
07-01 08:03:27.146  2570  2889 W ClientLifecycleManager: android.os.DeadObjectException
07-01 08:03:27.146  2570  2889 W ClientLifecycleManager: 	at android.os.BinderProxy.transactNative(Native Method)
07-01 08:03:27.146  2570  2889 W ClientLifecycleManager: 	at android.os.BinderProxy.transact(BinderProxy.java:685)
07-01 08:03:27.146  2570  2889 W ClientLifecycleManager: 	at android.app.IApplicationThread$Stub$Proxy.scheduleTransaction(IApplicationThread.java:2553)
07-01 08:03:27.146  2570  2889 W ClientLifecycleManager: 	at android.app.IApplicationThread$Delegator.scheduleTransaction(IApplicationThread.java:490)
07-01 08:03:27.146  2570  2889 W ClientLifecycleManager: 	at android.app.servertransaction.ClientTransaction.schedule(ClientTransaction.java:249)
07-01 08:03:27.146  2570  2889 W ClientLifecycleManager: 	at com.android.server.wm.ClientLifecycleManager.scheduleTransaction(ClientLifecycleManager.java:98)
07-01 08:03:27.146  2570  2889 W ClientLifecycleManager: 	at com.android.server.wm.ClientLifecycleManager.scheduleTransactionItemNow(ClientLifecycleManager.java:123)
07-01 08:03:27.146  2570  2889 W ClientLifecycleManager: 	at com.android.server.wm.WindowProcessController.scheduleClientTransactionItem(WindowProcessController.java:2017)
07-01 08:03:27.146  2570  2889 W ClientLifecycleManager: 	at com.android.server.wm.WindowProcessController.scheduleClientTransactionItem(WindowProcessController.java:2007)
07-01 08:03:27.146  2570  2889 W ClientLifecycleManager: 	at com.android.server.wm.WindowState.notifyInsetsControlChanged(WindowState.java:4337)
07-01 08:03:27.146  2570  2889 W ClientLifecycleManager: 	at com.android.server.wm.InsetsStateController.lambda$notifyPendingInsetsControlChanged$4(InsetsStateController.java:483)
07-01 08:03:27.146  2570  2889 W ClientLifecycleManager: 	at com.android.server.wm.InsetsStateController.$r8$lambda$a0HV9ad2Wd_wQT3ba_TprluaiHw(InsetsStateController.java:0)
07-01 08:03:27.146  2570  2889 W ClientLifecycleManager: 	at com.android.server.wm.InsetsStateController$$ExternalSyntheticLambda1.run(D8$$SyntheticClass:0)
07-01 08:03:27.146  2570  2889 W ClientLifecycleManager: 	at com.android.server.wm.WindowAnimator.lambda$animate$2(WindowAnimator.java:239)
07-01 08:03:27.146  2570  2889 W ClientLifecycleManager: 	at com.android.server.wm.WindowAnimator.$r8$lambda$YA-_zT1Nyp9vmAAkWN_rtDVYlnE(WindowAnimator.java:0)
07-01 08:03:27.146  2570  2889 W ClientLifecycleManager: 	at com.android.server.wm.WindowAnimator$$ExternalSyntheticLambda2.onTransactionCommitted(D8$$SyntheticClass:0)
07-01 08:03:27.146  2570  2889 W ClientLifecycleManager: 	at android.view.SurfaceControl$Transaction$$ExternalSyntheticLambda4.run(D8$$SyntheticClass:0)
07-01 08:03:27.146  2570  2889 W ClientLifecycleManager: 	at android.os.Handler.handleCallback(Handler.java:1027)
07-01 08:03:27.146  2570  2889 W ClientLifecycleManager: 	at android.os.Handler.dispatchMessage(Handler.java:108)
07-01 08:03:27.146  2570  2889 W ClientLifecycleManager: 	at android.os.Looper.loopOnce(Looper.java:302)
07-01 08:03:27.146  2570  2889 W ClientLifecycleManager: 	at android.os.Looper.loop(Looper.java:412)
07-01 08:03:27.146  2570  2889 W ClientLifecycleManager: 	at android.os.HandlerThread.run(HandlerThread.java:85)
07-01 08:03:27.146  2570  2889 W ClientLifecycleManager: 	at com.android.server.ServiceThread.run(ServiceThread.java:49)
07-01 08:03:27.146  2570  2889 W ActivityTaskManager: Failed for dead process. ClientTransactionItem=WindowStateInsetsControlChangeItem{mWindow=android.view.IWindow$Stub$Proxy@f3e45ba} owner=ProcessRecord{1c7303b 17189:com.ipdial/u0a806}
07-01 08:03:27.149  2570  3401 W OplusEapManager handleErrorInfo sendEvent: : com.ipdial happenednative_crash
07-01 08:03:27.150  2570  4687 W OplusSelfProtectManager: pkg[com.oplus.crashbox] not in policy list
07-01 08:03:27.155  2570  4052 I ActivityManager: Killing 17348:com.google.android.webview:sandboxed_process0:org.chromium.content.app.SandboxedProcessService0:0/u0a806i19 (adj 0): isolated not needed
07-01 08:03:27.158  2570  2938 I UserAwareMgr: handleAppChangedToBg, pkgName: com.google.android.adservices.api, pid: 11995
07-01 08:03:27.158  2570  2938 W UserAwareMgr: app not not found or not visible: null
07-01 08:03:27.158  2570  2938 W UserAwareMgr: handleAppChangedToBg process is empty
07-01 08:03:27.162  2570  2938 W UserAwareMgr: top app is killed
07-01 08:03:27.162  2570  2938 I UserAwareMgr: process killed: {pkgName='com.ipdial', serviceName='', procName=com.ipdial, pid=17189, uid=10806, appId=0, owner='null', flags='tp', renderTid=17237, hwuiTids=[17247, 17248], glTids=null, threadInfos=null, mVideoActivityList=[], mStates=0}
07-01 08:03:27.162  2570  2938 I UserAwareMgr: handleProcessKilled, pkgName: com.ipdial, pid: 17189
07-01 08:03:27.163  2570  4052 D ActivityTaskManager: removeAppToken: ActivityRecord{81999868 u0 com.ipdial/com.startapp.sdk.adsbase.consent.ConsentActivity t14849 f}} delayed=true parent=Task{82a7899 #14849 type=standard A=10806:com.ipdial} animating=true Callers=com.android.server.wm.DisplayContent.removeAppToken:1764 com.android.server.wm.ActivityRecord.removeFromHistory:4970 com.android.server.wm.ActivityRecord.handleAppDied:5329 com.android.server.wm.WindowProcessController.handleAppDied:1720 
07-01 08:03:27.164  2570  4052 D WindowManager: NFW_findFocusedWindowIfNeeded:null mCurrentFocus:null
07-01 08:03:27.164  2570  4052 W ActivityTaskManager: Force removing ActivityRecord{216981475 u0 com.ipdial/.MainActivityDefault t14849}: app died, no saved state
07-01 08:03:27.164  2570  4052 D ActivityTaskManager: removeAppToken: ActivityRecord{216981475 u0 com.ipdial/.MainActivityDefault t14849 f}} delayed=true parent=Task{82a7899 #14849 type=standard A=10806:com.ipdial} animating=true Callers=com.android.server.wm.DisplayContent.removeAppToken:1764 com.android.server.wm.ActivityRecord.removeFromHistory:4970 com.android.server.wm.ActivityRecord.handleAppDied:5329 com.android.server.wm.WindowProcessController.handleAppDied:1720 
07-01 08:03:27.164  2570  4052 D FlexibleWindowManagerService: [resetSiblingEmbeddedTasksToFullScreen]size of embedded tasks is illegal
07-01 08:03:27.165  2570  2938 W QosScheduler: getScenario failed! scenarios is null, mask=2
07-01 08:03:27.165  2570  2938 W QosScheduler: executeSceneQosStrategy get scenario failed! scenario is null
07-01 08:03:27.166  2570  4052 D RefreshRate: Trigger app switch boost, ar=ActivityRecord{116431392 u0 com.android.launcher/.Launcher t5},currDisplayRate=120.00001,boostId=3
07-01 08:03:27.166  2570  4052 D RefreshRate: setDisplayConfigSpecs complete: targetMode={id=1, width=1080, height=2400, fps=120.00001, vsync=120.00001, synthetic=false, alternativeRefreshRates=[60.000004], supportedHdrTypes=[]},srcMode={id=1, width=1080, height=2400, fps=120.00001, vsync=120.00001, synthetic=false, alternativeRefreshRates=[60.000004], supportedHdrTypes=[]},sfModId=0,rate=120.00001
07-01 08:03:27.166  2570  4052 D RefreshRate: startAppSwitchBoost targetMode={id=1, width=1080, height=2400, fps=120.00001, vsync=120.00001, synthetic=false, alternativeRefreshRates=[60.000004], supportedHdrTypes=[]} record=ActivityRecord{116431392 u0 com.android.launcher/.Launcher t5}: votes=PRIORITY_START_ANIMATION_BOOST -> Vote{mRefreshRate=120.0, mMinRefreshRate=120.0, mRequestSource=null};PRIORITY_WINDOW_REQUEST -> Vote{mRefreshRate=120.0, mMinRefreshRate=120.0, mRequestSource=null};
07-01 08:03:27.166  2570  4052 D ActivityTaskManager: setAppVisibility(Token{cfd4c7c ActivityRecord{116431392 u0 com.android.launcher/.Launcher t5}}, visible=true):  visible=false mVisibleRequested=false
07-01 08:03:27.166  2570  4052 D WindowManager: NFW_setClientVisible:ActivityRecord{116431392 u0 com.android.launcher/.Launcher t5} clientVisible:true
07-01 08:03:27.167  2570  3064 D RefreshRate: do setDisplayConfigSpecs  
07-01 08:03:27.167  2570  4052 D ActivityTaskManager: setVisibility(Token{cfd4c7c ActivityRecord{116431392 u0 com.android.launcher/.Launcher t5}}, visible=true) defer commitVisibility for transition collecting
07-01 08:03:27.168  2570  4052 D ActivityTaskManager: onWindowFocusChanged Task{ceecb50 #5 type=home I=com.android.launcher/.Launcher} would transfer to compact
07-01 08:03:27.168  2570  2938 I UserAwareMgr: handleTopAppChanged: com.android.launcher, pid: 4086, uid: 10191
07-01 08:03:27.168  2570  4052 D ActivityTaskManager: NFW_setLastResumedActivityUncheckLocked:true r:ActivityRecord{116431392 u0 com.android.launcher/.Launcher t5} currentFocus:null
07-01 08:03:27.168  2570  4052 D QuickBackInputPolicy: hasMultiChildrenInTask: false
07-01 08:03:27.168  2570  4052 D WindowManager: NFW_findFocusedWindowIfNeeded:Window{24487cc u0 com.android.launcher/com.android.launcher.Launcher} mCurrentFocus:null
07-01 08:03:27.168  2570  4052 D WindowManager: attachImeScreenshotOnTargetIfNeeded, mImeHiding = false, requestedVisibleTypes = -9
07-01 08:03:27.169  2570  4052 D QuickBackInputPolicy: hasMultiChildrenInTask: false
07-01 08:03:27.169  2570  4052 V WindowManager: Changing focus from null to Window{24487cc u0 com.android.launcher/com.android.launcher.Launcher},diplayid=0
07-01 08:03:27.170  2570  4174 I ActivityManager: Death received, pid = 17348, processName = com.google.android.webview:sandboxed_process0:org.chromium.content.app.SandboxedProcessService0:0 for thread android.os.BinderProxy@93e1de3
07-01 08:03:27.172  2570  4052 D WindowManager: setFrameRateStart invalid typeId return!
07-01 08:03:27.174  2570  4052 D WindowManager: setFrameRateStart invalid typeId return!
07-01 08:03:27.174  2570  4052 D FlexibleTaskController: onTaskFocusChanged prevTask:null ,currentTask:Task{ceecb50 #5 type=home I=com.android.launcher/.Launcher}, reason: resumeTopActivity - onActivityStateChanged
07-01 08:03:27.175  2570  4052 D OplusFlexibleDCSManager: onNextPkgChanged pkg = com.android.launcher
07-01 08:03:27.175  2570  3064 D DisplayModeDirector: setAppRequest displayId : 0  modeId: 1  requestedRefreshRate: 120.00001  requestedMinRefreshRateRange: 120.00001  requestedMaxRefreshRateRange: 120.00001
07-01 08:03:27.175  2570  4052 D KeyguardControllerExtImpl: handleOccludedChanged occlude = false isKeyguardLocked = false executeTransition = false
07-01 08:03:27.176  2570  4052 D FlexibleTaskController: isFullToFlexibleAnimating: false
07-01 08:03:27.176  2570  4052 D WindowManager: rotation(ROTATION_0) no changed  displayId = 0, lastOrientation = 5
07-01 08:03:27.178  2570  4052 D WindowManager: NFW_setClientVisible:WallpaperWindowToken{ce3237b showWhenLocked=false} clientVisible:true
07-01 08:03:27.180  2570  4052 D DisplayModeDirector: setAppRequest displayId : 0  modeId: 1  requestedRefreshRate: 0.0  requestedMinRefreshRateRange: 0.0  requestedMaxRefreshRateRange: 120.00001
07-01 08:03:27.182  2570  4052 I TaskOrganizerController: onTaskInfoChanged taskid 14849 config { mBounds=Rect(0, 0 - 1080, 2400) mAppBounds=Rect(0, 0 - 1080, 2400) mMaxBounds=Rect(0, 0 - 1080, 2400) mDisplayRotation=ROTATION_0 mWindowingMode=fullscreen mActivityType=standard mAlwaysOnTop=undefined mRotation=ROTATION_0}
07-01 08:03:27.183  2570  4052 D OplusFlexibleDragToSplitAnimController: visibleFlexibleTaskInfos delete:14849
07-01 08:03:27.183  2570  4052 E FlexibleWindowManagerService: notifyTaskObserverToAttachController not need to notify!
07-01 08:03:27.183  2570  4052 I FlexibleWindowManagerService: onFlexibleWindowTaskInfoChanged, return for cur task not embedded
07-01 08:03:27.185  2570  4052 I TaskOrganizerController: onTaskInfoChanged taskid 1 config { mBounds=Rect(0, 0 - 1080, 2400) mAppBounds=Rect(0, 0 - 1080, 2400) mMaxBounds=Rect(0, 0 - 1080, 2400) mDisplayRotation=ROTATION_0 mWindowingMode=fullscreen mActivityType=home mAlwaysOnTop=undefined mRotation=ROTATION_0}
07-01 08:03:27.186  4086  4086 D ActivityThread: ComponentInfo{com.android.launcher/com.android.launcher.Launcher} checkFinished=false 2
07-01 08:03:27.186  4086  4086 D ResourcesManagerExtImpl: applyConfigurationToAppResourcesLocked app.getDisplayId() return callback.displayId:0
07-01 08:03:27.192  3855  3923 D WindowManagerShell: setLauncherKeepClearAreaHeight: visible=true, height=201
07-01 08:03:27.193  4086  4086 D VRI[Launcher]: relayoutWindow result, sizeChanged:false, surfaceControlChanged:false, transformHintChanged:false, mSurfaceSize:Point(1080, 2400), mLastSurfaceSize:Point(1080, 2400), mWidth:1080, mHeight:2400, requestedWidth:1080, requestedHeight:2400, transformHint:0, installOrientation:0, displayRotation:0, isSurfaceValid:true, attr.flag:-2121203456, tmpFrames:ClientWindowFrames{frame=[0,0][1080,2400] display=[0,0][1080,2400] parentFrame=[0,0][1080,2400]}, relayoutAsync:true, mSyncSeqId:0
07-01 08:03:27.193  4086  4086 W VRI[Launcher]: updateBlastSurfaceIfNeeded, surfaceSize:Point(1080, 2400), lastSurfaceSize:Point(1080, 2400), format:-2, blastBufferQueue:android.graphics.BLASTBufferQueue@59b20c5
07-01 08:03:27.196  2570  4052 D OplusFlexibleDragToSplitAnimController: visibleFlexibleTaskInfos delete:1
07-01 08:03:27.196  2570  4052 E FlexibleWindowManagerService: notifyTaskObserverToAttachController not need to notify!
07-01 08:03:27.196  2570  4052 I FlexibleWindowManagerService: onFlexibleWindowTaskInfoChanged, return for cur task not embedded
07-01 08:03:27.196  2570  4052 D WindowManager: onSyncFinishedDrawing: Window{24487cc u0 com.android.launcher/com.android.launcher.Launcher}
07-01 08:03:27.198  2570  4052 D ActivityTaskManager: commitVisibility: ActivityRecord{116431392 u0 com.android.launcher/.Launcher t5}: visible=true visibleRequested=true, isInTransition=true 
07-01 08:03:27.202  2570  4052 E OplusAppQuickStart_AppQuickStartController: not start from launcher transition:168
07-01 08:03:27.202  2570  4052 D Transition: collectOrderChanges onTopTasksEnd: [Task{96667d7 #1 type=home}, Task{ceecb50 #5 type=home I=com.android.launcher/.Launcher}], reportedOnTop:null, mOnTopTasksStart: [Task{82a7899 #14849 type=standard A=10806:com.ipdial}], TDA child: [Task{7f4cfa3 #2 type=undefined}, Task{23621be #14840 type=standard A=10241:com.google.android.apps.messaging}, Task{de87a2 #14841 type=standard A=10190:com.facebook.katana}, Task{be4af85 #14842 type=standard A=10157:com.google.android.youtube}, Task{85c016 #14843 type=standard A=1000:com.android.settings.root}, Task{82a7899 #14849 type=standard A=10806:com.ipdial}, Task{96667d7 #1 type=home}]
07-01 08:03:27.202  2570  4052 D Transition: collectOrderChanges **mParticipants add task: Task{ceecb50 #5 type=home I=com.android.launcher/.Launcher}
07-01 08:03:27.202  2570  4052 D Transition: collectOrderChanges **mParticipants add task: Task{96667d7 #1 type=home}
07-01 08:03:27.204  2570  4052 D OplusFlexibleActivityTransitionManager: fixTransitType type result:1, targets: [ChangeInfo{62a92a4 container=Task{96667d7 #1 type=home} flags=0x30}, ChangeInfo{7a6980d container=Task{82a7899 #14849 type=standard A=10806:com.ipdial} flags=0x10}, ChangeInfo{b50e3c2 container=WallpaperWindowToken{ce3237b showWhenLocked=false} flags=0x0}]
07-01 08:03:27.205  2570  4052 D OplusTransitionAnimationManager: activityRecordCount0fullScreenArBeHindStartingWindow null
07-01 08:03:27.205  2570  4052 D OplusTransitionAnimationManager: activityRecordCount0fullScreenArBeHindStartingWindow null
07-01 08:03:27.206  2570  4052 D OplusTransitionAnimationManager: activityRecordCount0fullScreenArBeHindStartingWindow null
07-01 08:03:27.207  2570  4052 D ContinuousTransitionController: is match the remote transition.
07-01 08:03:27.207  2570  4052 D QuickBackInputPolicy: resetInputInterceptState for remoteTransition: false
07-01 08:03:27.207  2570  4052 D OplusTransitionController: onTransactionReady, transition: 168, info: {id=168 t=OPEN f=0x0 trk=0 r=[0@Point(0, 0)] c=[{WCT{RemoteToken{de0c78e Task{96667d7 #1 type=home}}} m=TO_FRONT f=SHOW_WALLPAPER|MOVE_TO_TOP leash=Surface(name=Task=1)/@0x1825942 sb=Rect(0, 0 - 1080, 2400) eb=Rect(0, 0 - 1080, 2400) epz=Point(1080, 2400) d=0 taskParent=-1},{WCT{RemoteToken{ee58a0d Task{82a7899 #14849 type=standard A=10806:com.ipdial}}} m=TO_BACK f=NONE leash=Surface(name=Task=14849)/@0xced5b6a sb=Rect(0, 0 - 1080, 2400) eb=Rect(0, 0 - 1080, 2400) epz=Point(1080, 2400) d=0 taskParent=-1},{m=TO_FRONT f=IS_WALLPAPER leash=Surface(name=WallpaperWindowToken{ce3237b showWhenLocked=false})/@0x6be4d53 sb=Rect(0, 0 - 1080, 2400) eb=Rect(0, 0 - 1080, 2400) epz=Point(1080, 2400) d=0}] 
07-01 08:03:27.207  2570  4052 D OplusTransitionController: extendInfo=[
07-01 08:03:27.207  2570  4052 D OplusTransitionController:  OplusTransitionExtendedInfo{mTmpFinishT=null, mInOplusCompatMode=false, mIsProcessRunning=false, mHasMismatchBoundsTarget=false, mRecentsController=null, mRemoteTransition=null, mIsTranslucentActivityToHome=false, mAvoidInterceptKeyEventToHome=false, mIsFromHome=false, mParentLeash=null, mBackAnimClosingLeash=null, mIsOplusAnimRes=false, mKeepBgForContinuous=false, mIsBalAllow=false, mTaskNotInRecent=false, mIsPredictiveBackAnim=false, mIsMergedWithPredictive=false, mIsLaunchFromSpruce=false, mIsLaunchFromDrive=false, mGlobalSearchPageSwitch=false, mNeedNoAlphaGlobalSearchScene=false, mAssistScreenShowing=false, mSwipeUpBrowserScreenShowing=false, mUserIdTransition=0
07-01 08:03:27.207  2570  4052 D OplusTransitionController: , mInRemoteScene=false, mInPreReady=false, mPreStart=false, mToken=null, mAbortByRemoteFromHome=false, mShellApplyToken=null, mRequestTransitionTaskId=14849, mAbortTransitionOnShell=0, mStartFromShortcut=false, mRemovedTaskId=-1, mTransitionInterruptType=0, mMergeSecondTaskId=-1, mTaskIdStartFromRecents=0, mTransitionId=168, mCanUseSpringSlideAnim=false, mTransitionLaunchFrom=0, mFoldChangeType=-1, mAnimStartingPosition=[0, 0, 0, 0], mIsOpeningStkDialogActivity=false, mSecondaryHomeToFrontWhenUnFolding=false, mIsNeedApplyStartTForEmbedded=false
07-01 08:03:27.207  2570  4052 D OplusTransitionController: , mNeedCanvasExitAnim=false, mMergeSecondTaskAnimation=false, mIsLaunchUnityStart=false, mIsLaunchFromAssistantByDefault=false, mSkipRemoteTransitionfalse, mIsStartFromKeyguard=false flags=0x0, mWCT=null, mIsOpenMergeToInValidPredictive=false, mPromoteTaskWhenKeyguard-1, mRootLayerZOrderArray={}}]}, targets : [ChangeInfo{62a92a4 container=Task{96667d7 #1 type=home} flags=0x30}, ChangeInfo{7a6980d container=Task{82a7899 #14849 type=standard A=10806:com.ipdial} flags=0x10}, ChangeInfo{b50e3c2 container=WallpaperWindowToken{ce3237b showWhenLocked=false} flags=0x0}], participants: {ActivityRecord{81999868 u0 com.ipdial/com.startapp.sdk.adsbase.consent.ConsentActivity t-1 f}}, ActivityRecord{116431392 u0 com.android.launcher/.Launcher t5}, Task{96667d7 #1 type=home}, ActivityRecord{166247883 u0 com.google.android.permissioncontroller/com.android.permissioncontroller.permission.ui.GrantPermissionsActivity t14849 f}}, WallpaperWindowToken{ce3237b showWhenLocked=false}, Task{ceecb50 #5 type=home I=com.android.launcher/.Launcher}, ActivityRecord{216981475 u0 com.ipdial/.MainActivityDefault t14849 f} isExiting}}
07-01 08:03:27.208  2570  4052 D CoreBackPreview:  return markWindowHasDrawn mComposed: false  mWaitTransition: false
07-01 08:03:27.209  2570  4052 W WindowManager: captureTaskSnapshot mSnapshotMode= 0 source=Task{82a7899 #14849 type=standard A=10806:com.ipdial}
07-01 08:03:27.210  3855  4369 V WindowManagerShell: onTransitionReady(transaction=11038065960959)
07-01 08:03:27.211  2570  4052 D TaskSnapshotControllerExtImpl: createTaskSnapshot isCompatMode:false, isCompactWindow:false
07-01 08:03:27.211  2570  4052 W AbsAppSnapshotControllerExtImpl: updateExcludeLayers, addExcludeLayerList is null or empty, return excludeLayers
07-01 08:03:27.211  3855  3923 V WindowManagerShell: onTransitionReady (#168) android.os.BinderProxy@265ac96: {id=168 t=OPEN f=0x0 trk=0 r=[0@Point(0, 0)] c=[
07-01 08:03:27.211  3855  3923 V WindowManagerShell:         {m=TO_FRONT f=SHOW_WALLPAPER|MOVE_TO_TOP leash=Surface(name=Task=1)/@0x8e355ed sb=Rect(0, 0 - 1080, 2400) eb=Rect(0, 0 - 1080, 2400) epz=Point(1080, 2400) d=0 taskParent=-1},
07-01 08:03:27.211  3855  3923 V WindowManagerShell:         {m=TO_BACK f=NONE leash=Surface(name=Task=14849)/@0xf47fc22 sb=Rect(0, 0 - 1080, 2400) eb=Rect(0, 0 - 1080, 2400) epz=Point(1080, 2400) d=0 taskParent=-1},
07-01 08:03:27.211  3855  3923 V WindowManagerShell:         {m=TO_FRONT f=IS_WALLPAPER leash=Surface(name=WallpaperWindowToken{ce3237b showWhenLocked=false})/@0x4c4e6b3 sb=Rect(0, 0 - 1080, 2400) eb=Rect(0, 0 - 1080, 2400) epz=Point(1080, 2400) d=0}
07-01 08:03:27.211  3855  3923 V WindowManagerShell:     ] 
07-01 08:03:27.211  3855  3923 V WindowManagerShell: extendInfo=[
07-01 08:03:27.211  3855  3923 V WindowManagerShell:  OplusTransitionExtendedInfo{mTmpFinishT=null, mInOplusCompatMode=false, mIsProcessRunning=false, mHasMismatchBoundsTarget=false, mRecentsController=null, mRemoteTransition=null, mIsTranslucentActivityToHome=false, mAvoidInterceptKeyEventToHome=false, mIsFromHome=false, mParentLeash=null, mBackAnimClosingLeash=null, mIsOplusAnimRes=false, mKeepBgForContinuous=false, mIsBalAllow=false, mTaskNotInRecent=false, mIsPredictiveBackAnim=false, mIsMergedWithPredictive=false, mIsLaunchFromSpruce=false, mIsLaunchFromDrive=false, mGlobalSearchPageSwitch=false, mNeedNoAlphaGlobalSearchScene=false, mAssistScreenShowing=false, mSwipeUpBrowserScreenShowing=false, mUserIdTransition=0
07-01 08:03:27.211  3855  3923 V WindowManagerShell: , mInRemoteScene=false, mInPreReady=false, mPreStart=false, mToken=null, mAbortByRemoteFromHome=false, mShellApplyToken=null, mRequestTransitionTaskId=14849, mAbortTransitionOnShell=0, mStartFromShortcut=false, mRemovedTaskId=-1, mTransitionInterruptType=0, mMergeSecondTaskId=-1, mTaskIdStartFromRecents=0, mTransitionId=168, mCanUseSpringSlideAnim=false, mTransitionLaunchFrom=0, mFoldChangeType=-1, mAnimStartingPosition=[0, 0, 0, 0], mIsOpeningStkDialogActivity=false, mSecondaryHomeToFrontWhenUnFolding=false, mIsNeedApplyStartTForEmbedded=false
07-01 08:03:27.211  3855  3923 V WindowManagerShell: , mNeedCanvasExitAnim=false, mMergeSecondTaskAnimation=false, mIsLaunchUnityStart=false, mIsLaunchFromAssistantByDefault=false, mSkipRemoteTransitionfalse, mIsStartFromKeyguard=false flags=0x0, mWCT=null, mIsOpenMergeToInValidPredictive=false, mPromoteTaskWhenKeyguard-1, mRootLayerZOrderArray={}}]}
07-01 08:03:27.212  3855  3923 V WindowManagerShell: Playing animation for (#168) android.os.BinderProxy@265ac96@0
07-01 08:03:27.214  3855  3923 D ShellSplitScreen: startAnimation: transition=168 isSplitActive=false
07-01 08:03:27.214  3855  3923 V ShellRecents: RecentsTransitionHandler.startAnimation: no controller found
07-01 08:03:27.215  3855  3923 V WindowManagerShell: start OnePuttTransition animation, info = {id=168 t=OPEN f=0x0 trk=0 r=[0@Point(0, 0)] c=[{m=TO_FRONT f=SHOW_WALLPAPER|MOVE_TO_TOP leash=Surface(name=Task=1)/@0x8e355ed sb=Rect(0, 0 - 1080, 2400) eb=Rect(0, 0 - 1080, 2400) epz=Point(1080, 2400) d=0 taskParent=-1},{m=TO_BACK f=NONE leash=Surface(name=Task=14849)/@0xf47fc22 sb=Rect(0, 0 - 1080, 2400) eb=Rect(0, 0 - 1080, 2400) epz=Point(1080, 2400) d=0 taskParent=-1},{m=TO_FRONT f=IS_WALLPAPER leash=Surface(name=WallpaperWindowToken{ce3237b showWhenLocked=false})/@0x4c4e6b3 sb=Rect(0, 0 - 1080, 2400) eb=Rect(0, 0 - 1080, 2400) epz=Point(1080, 2400) d=0}] 
07-01 08:03:27.215  3855  3923 V WindowManagerShell: extendInfo=[
07-01 08:03:27.215  3855  3923 V WindowManagerShell:  OplusTransitionExtendedInfo{mTmpFinishT=null, mInOplusCompatMode=false, mIsProcessRunning=false, mHasMismatchBoundsTarget=false, mRecentsController=null, mRemoteTransition=null, mIsTranslucentActivityToHome=false, mAvoidInterceptKeyEventToHome=false, mIsFromHome=false, mParentLeash=null, mBackAnimClosingLeash=null, mIsOplusAnimRes=false, mKeepBgForContinuous=false, mIsBalAllow=false, mTaskNotInRecent=false, mIsPredictiveBackAnim=false, mIsMergedWithPredictive=false, mIsLaunchFromSpruce=false, mIsLaunchFromDrive=false, mGlobalSearchPageSwitch=false, mNeedNoAlphaGlobalSearchScene=false, mAssistScreenShowing=false, mSwipeUpBrowserScreenShowing=false, mUserIdTransition=0
07-01 08:03:27.215  3855  3923 V WindowManagerShell: , mInRemoteScene=false, mInPreReady=false, mPreStart=false, mToken=null, mAbortByRemoteFromHome=false, mShellApplyToken=null, mRequestTransitionTaskId=14849, mAbortTransitionOnShell=0, mStartFromShortcut=false, mRemovedTaskId=-1, mTransitionInterruptType=0, mMergeSecondTaskId=-1, mTaskIdStartFromRecents=0, mTransitionId=168, mCanUseSpringSlideAnim=false, mTransitionLaunchFrom=0, mFoldChangeType=-1, mAnimStartingPosition=[0, 0, 0, 0], mIsOpeningStkDialogActivity=false, mSecondaryHomeToFrontWhenUnFolding=false, mIsNeedApplyStartTForEmbedded=false
07-01 08:03:27.215  3855  3923 V WindowManagerShell: , mNeedCanvasExitAnim=false, mMergeSecondTaskAnimation=false, mIsLaunchUnityStart=false, mIsLaunchFromAssistantByDefault=false, mSkipRemoteTransitionfalse, mIsStartFromKeyguard=false flags=0x0, mWCT=null, mIsOpenMergeToInValidPredictive=false, mPromoteTaskWhenKeyguard-1, mRootLayerZOrderArray={}}]}
07-01 08:03:27.216  3855  3923 V WindowManagerShell: Transition doesn't have explicit remote, search filters for match for {id=168 t=OPEN f=0x0 trk=0 r=[0@Point(0, 0)] c=[{m=TO_FRONT f=SHOW_WALLPAPER|MOVE_TO_TOP leash=Surface(name=Task=1)/@0x8e355ed sb=Rect(0, 0 - 1080, 2400) eb=Rect(0, 0 - 1080, 2400) epz=Point(1080, 2400) d=0 taskParent=-1},{m=TO_BACK f=NONE leash=Surface(name=Task=14849)/@0xf47fc22 sb=Rect(0, 0 - 1080, 2400) eb=Rect(0, 0 - 1080, 2400) epz=Point(1080, 2400) d=0 taskParent=-1},{m=TO_FRONT f=IS_WALLPAPER leash=Surface(name=WallpaperWindowToken{ce3237b showWhenLocked=false})/@0x4c4e6b3 sb=Rect(0, 0 - 1080, 2400) eb=Rect(0, 0 - 1080, 2400) epz=Point(1080, 2400) d=0}] 
07-01 08:03:27.216  3855  3923 V WindowManagerShell: extendInfo=[
