07-01 08:05:12.415  2570  2889 E OplusAppQuickStart_AppQuickStartController: not start from launcher transition:181
07-01 08:05:12.415  2570  2889 D Transition: collectOrderChanges onTopTasksEnd: [Task{96667d7 #1 type=home}, Task{ceecb50 #5 type=home I=com.android.launcher/.Launcher}], reportedOnTop:null, mOnTopTasksStart: [Task{9c88fbb #14854 type=standard A=10806:com.ipdial}], TDA child: [Task{7f4cfa3 #2 type=undefined}, Task{23621be #14840 type=standard A=10241:com.google.android.apps.messaging}, Task{de87a2 #14841 type=standard A=10190:com.facebook.katana}, Task{be4af85 #14842 type=standard A=10157:com.google.android.youtube}, Task{85c016 #14843 type=standard A=1000:com.android.settings.root}, Task{9c88fbb #14854 type=standard A=10806:com.ipdial}, Task{96667d7 #1 type=home}]
07-01 08:05:12.415  2570  2889 D Transition: collectOrderChanges **mParticipants add task: Task{ceecb50 #5 type=home I=com.android.launcher/.Launcher}
07-01 08:05:12.415  2570  2889 D Transition: collectOrderChanges **mParticipants add task: Task{96667d7 #1 type=home}
07-01 08:05:12.415  2570  2570 D NotificationGroupType: maybeUngroupOplus:after all cleared
07-01 08:05:12.416  2570  2889 D OplusFlexibleActivityTransitionManager: fixTransitType type result:1, targets: [ChangeInfo{b643007 container=Task{96667d7 #1 type=home} flags=0x30}, ChangeInfo{cb4c534 container=Task{9c88fbb #14854 type=standard A=10806:com.ipdial} flags=0x10}, ChangeInfo{745ff5d container=WallpaperWindowToken{ce3237b showWhenLocked=false} flags=0x0}]
07-01 08:05:12.418  2570  2889 D OplusTransitionAnimationManager: activityRecordCount0fullScreenArBeHindStartingWindow null
07-01 08:05:12.418  2570  2889 D OplusTransitionAnimationManager: activityRecordCount0fullScreenArBeHindStartingWindow null
07-01 08:05:12.418  2570  2889 D OplusTransitionAnimationManager: activityRecordCount0fullScreenArBeHindStartingWindow null
07-01 08:05:12.419  2570  2889 D ContinuousTransitionController: is match the remote transition.
07-01 08:05:12.419  2570  2889 D QuickBackInputPolicy: resetInputInterceptState for remoteTransition: false
07-01 08:05:12.420  2570  2889 D OplusTransitionController: onTransactionReady, transition: 181, info: {id=181 t=OPEN f=0x0 trk=0 r=[0@Point(0, 0)] c=[{WCT{RemoteToken{de0c78e Task{96667d7 #1 type=home}}} m=TO_FRONT f=SHOW_WALLPAPER|MOVE_TO_TOP leash=Surface(name=Task=1)/@0x1825942 sb=Rect(0, 0 - 1080, 2400) eb=Rect(0, 0 - 1080, 2400) epz=Point(1080, 2400) d=0 taskParent=-1},{WCT{RemoteToken{e44578f Task{9c88fbb #14854 type=standard A=10806:com.ipdial}}} m=CLOSE f=NONE leash=Surface(name=Task=14854)/@0x87c6e84 sb=Rect(0, 0 - 1080, 2400) eb=Rect(0, 0 - 1080, 2400) epz=Point(1080, 2400) d=0 taskParent=-1},{m=TO_FRONT f=IS_WALLPAPER leash=Surface(name=WallpaperWindowToken{ce3237b showWhenLocked=false})/@0x6be4d53 sb=Rect(0, 0 - 1080, 2400) eb=Rect(0, 0 - 1080, 2400) epz=Point(1080, 2400) d=0}] 
07-01 08:05:12.420  2570  2889 D OplusTransitionController: extendInfo=[
07-01 08:05:12.420  2570  2889 D OplusTransitionController:  OplusTransitionExtendedInfo{mTmpFinishT=null, mInOplusCompatMode=false, mIsProcessRunning=false, mHasMismatchBoundsTarget=false, mRecentsController=null, mRemoteTransition=null, mIsTranslucentActivityToHome=false, mAvoidInterceptKeyEventToHome=false, mIsFromHome=false, mParentLeash=null, mBackAnimClosingLeash=null, mIsOplusAnimRes=false, mKeepBgForContinuous=false, mIsBalAllow=false, mTaskNotInRecent=false, mIsPredictiveBackAnim=false, mIsMergedWithPredictive=false, mIsLaunchFromSpruce=false, mIsLaunchFromDrive=false, mGlobalSearchPageSwitch=false, mNeedNoAlphaGlobalSearchScene=false, mAssistScreenShowing=false, mSwipeUpBrowserScreenShowing=false, mUserIdTransition=0
07-01 08:05:12.420  2570  2889 D OplusTransitionController: , mInRemoteScene=false, mInPreReady=false, mPreStart=false, mToken=null, mAbortByRemoteFromHome=false, mShellApplyToken=null, mRequestTransitionTaskId=14854, mAbortTransitionOnShell=0, mStartFromShortcut=false, mRemovedTaskId=-1, mTransitionInterruptType=0, mMergeSecondTaskId=-1, mTaskIdStartFromRecents=0, mTransitionId=181, mCanUseSpringSlideAnim=false, mTransitionLaunchFrom=0, mFoldChangeType=-1, mAnimStartingPosition=[0, 0, 0, 0], mIsOpeningStkDialogActivity=false, mSecondaryHomeToFrontWhenUnFolding=false, mIsNeedApplyStartTForEmbedded=false
07-01 08:05:12.420  2570  2889 D OplusTransitionController: , mNeedCanvasExitAnim=false, mMergeSecondTaskAnimation=false, mIsLaunchUnityStart=false, mIsLaunchFromAssistantByDefault=false, mSkipRemoteTransitionfalse, mIsStartFromKeyguard=false flags=0x0, mWCT=null, mIsOpenMergeToInValidPredictive=false, mPromoteTaskWhenKeyguard-1, mRootLayerZOrderArray={}}]}, targets : [ChangeInfo{b643007 container=Task{96667d7 #1 type=home} flags=0x30}, ChangeInfo{cb4c534 container=Task{9c88fbb #14854 type=standard A=10806:com.ipdial} flags=0x10}, ChangeInfo{745ff5d container=WallpaperWindowToken{ce3237b showWhenLocked=false} flags=0x0}], participants: {ActivityRecord{116431392 u0 com.android.launcher/.Launcher t5}, ActivityRecord{153874392 u0 com.ipdial/com.startapp.sdk.adsbase.consent.ConsentActivity t-1 f}}, Task{96667d7 #1 type=home}, ActivityRecord{163530165 u0 com.ipdial/.MainActivityDefault t14854 f} isExiting}, Task{9c88fbb #14854 type=standard A=10806:com.ipdial}, WallpaperWindowToken{ce3237b showWhenLocked=false}, Task{ceecb50 #5 type=home I=com.android.launcher/.Launcher}}
07-01 08:05:12.422  2570  2889 W WindowManager: captureTaskSnapshot mSnapshotMode= 0 source=Task{9c88fbb #14854 type=standard A=10806:com.ipdial}
07-01 08:05:12.422  2570  2889 D TaskSnapshotControllerExtImpl: createTaskSnapshot isCompatMode:false, isCompactWindow:false
07-01 08:05:12.422  2570  2889 W AbsAppSnapshotControllerExtImpl: updateExcludeLayers, addExcludeLayerList is null or empty, return excludeLayers
07-01 08:05:12.422  3855  7786 V WindowManagerShell: onTransitionReady(transaction=11038065961617)
07-01 08:05:12.423  3855  3923 V WindowManagerShell: onTransitionReady (#181) android.os.BinderProxy@d1a7ed5: {id=181 t=OPEN f=0x0 trk=0 r=[0@Point(0, 0)] c=[
07-01 08:05:12.423  3855  3923 V WindowManagerShell:         {m=TO_FRONT f=SHOW_WALLPAPER|MOVE_TO_TOP leash=Surface(name=Task=1)/@0xde54078 sb=Rect(0, 0 - 1080, 2400) eb=Rect(0, 0 - 1080, 2400) epz=Point(1080, 2400) d=0 taskParent=-1},
07-01 08:05:12.423  3855  3923 V WindowManagerShell:         {m=CLOSE f=NONE leash=Surface(name=Task=14854)/@0x9113351 sb=Rect(0, 0 - 1080, 2400) eb=Rect(0, 0 - 1080, 2400) epz=Point(1080, 2400) d=0 taskParent=-1},
07-01 08:05:12.423  3855  3923 V WindowManagerShell:         {m=TO_FRONT f=IS_WALLPAPER leash=Surface(name=WallpaperWindowToken{ce3237b showWhenLocked=false})/@0xb9bb7b6 sb=Rect(0, 0 - 1080, 2400) eb=Rect(0, 0 - 1080, 2400) epz=Point(1080, 2400) d=0}
07-01 08:05:12.423  3855  3923 V WindowManagerShell:     ] 
07-01 08:05:12.423  3855  3923 V WindowManagerShell: extendInfo=[
07-01 08:05:12.423  3855  3923 V WindowManagerShell:  OplusTransitionExtendedInfo{mTmpFinishT=null, mInOplusCompatMode=false, mIsProcessRunning=false, mHasMismatchBoundsTarget=false, mRecentsController=null, mRemoteTransition=null, mIsTranslucentActivityToHome=false, mAvoidInterceptKeyEventToHome=false, mIsFromHome=false, mParentLeash=null, mBackAnimClosingLeash=null, mIsOplusAnimRes=false, mKeepBgForContinuous=false, mIsBalAllow=false, mTaskNotInRecent=false, mIsPredictiveBackAnim=false, mIsMergedWithPredictive=false, mIsLaunchFromSpruce=false, mIsLaunchFromDrive=false, mGlobalSearchPageSwitch=false, mNeedNoAlphaGlobalSearchScene=false, mAssistScreenShowing=false, mSwipeUpBrowserScreenShowing=false, mUserIdTransition=0
07-01 08:05:12.423  3855  3923 V WindowManagerShell: , mInRemoteScene=false, mInPreReady=false, mPreStart=false, mToken=null, mAbortByRemoteFromHome=false, mShellApplyToken=null, mRequestTransitionTaskId=14854, mAbortTransitionOnShell=0, mStartFromShortcut=false, mRemovedTaskId=-1, mTransitionInterruptType=0, mMergeSecondTaskId=-1, mTaskIdStartFromRecents=0, mTransitionId=181, mCanUseSpringSlideAnim=false, mTransitionLaunchFrom=0, mFoldChangeType=-1, mAnimStartingPosition=[0, 0, 0, 0], mIsOpeningStkDialogActivity=false, mSecondaryHomeToFrontWhenUnFolding=false, mIsNeedApplyStartTForEmbedded=false
07-01 08:05:12.423  3855  3923 V WindowManagerShell: , mNeedCanvasExitAnim=false, mMergeSecondTaskAnimation=false, mIsLaunchUnityStart=false, mIsLaunchFromAssistantByDefault=false, mSkipRemoteTransitionfalse, mIsStartFromKeyguard=false flags=0x0, mWCT=null, mIsOpenMergeToInValidPredictive=false, mPromoteTaskWhenKeyguard-1, mRootLayerZOrderArray={}}]}
07-01 08:05:12.424  3855  3923 V WindowManagerShell: Playing animation for (#181) android.os.BinderProxy@d1a7ed5@0
07-01 08:05:12.425  3855  3923 D ShellSplitScreen: startAnimation: transition=181 isSplitActive=false
07-01 08:05:12.425  3855  3923 V ShellRecents: RecentsTransitionHandler.startAnimation: no controller found
07-01 08:05:12.426  3855  3923 V WindowManagerShell: start OnePuttTransition animation, info = {id=181 t=OPEN f=0x0 trk=0 r=[0@Point(0, 0)] c=[{m=TO_FRONT f=SHOW_WALLPAPER|MOVE_TO_TOP leash=Surface(name=Task=1)/@0xde54078 sb=Rect(0, 0 - 1080, 2400) eb=Rect(0, 0 - 1080, 2400) epz=Point(1080, 2400) d=0 taskParent=-1},{m=CLOSE f=NONE leash=Surface(name=Task=14854)/@0x9113351 sb=Rect(0, 0 - 1080, 2400) eb=Rect(0, 0 - 1080, 2400) epz=Point(1080, 2400) d=0 taskParent=-1},{m=TO_FRONT f=IS_WALLPAPER leash=Surface(name=WallpaperWindowToken{ce3237b showWhenLocked=false})/@0xb9bb7b6 sb=Rect(0, 0 - 1080, 2400) eb=Rect(0, 0 - 1080, 2400) epz=Point(1080, 2400) d=0}] 
07-01 08:05:12.426  3855  3923 V WindowManagerShell: extendInfo=[
07-01 08:05:12.426  3855  3923 V WindowManagerShell:  OplusTransitionExtendedInfo{mTmpFinishT=null, mInOplusCompatMode=false, mIsProcessRunning=false, mHasMismatchBoundsTarget=false, mRecentsController=null, mRemoteTransition=null, mIsTranslucentActivityToHome=false, mAvoidInterceptKeyEventToHome=false, mIsFromHome=false, mParentLeash=null, mBackAnimClosingLeash=null, mIsOplusAnimRes=false, mKeepBgForContinuous=false, mIsBalAllow=false, mTaskNotInRecent=false, mIsPredictiveBackAnim=false, mIsMergedWithPredictive=false, mIsLaunchFromSpruce=false, mIsLaunchFromDrive=false, mGlobalSearchPageSwitch=false, mNeedNoAlphaGlobalSearchScene=false, mAssistScreenShowing=false, mSwipeUpBrowserScreenShowing=false, mUserIdTransition=0
07-01 08:05:12.426  3855  3923 V WindowManagerShell: , mInRemoteScene=false, mInPreReady=false, mPreStart=false, mToken=null, mAbortByRemoteFromHome=false, mShellApplyToken=null, mRequestTransitionTaskId=14854, mAbortTransitionOnShell=0, mStartFromShortcut=false, mRemovedTaskId=-1, mTransitionInterruptType=0, mMergeSecondTaskId=-1, mTaskIdStartFromRecents=0, mTransitionId=181, mCanUseSpringSlideAnim=false, mTransitionLaunchFrom=0, mFoldChangeType=-1, mAnimStartingPosition=[0, 0, 0, 0], mIsOpeningStkDialogActivity=false, mSecondaryHomeToFrontWhenUnFolding=false, mIsNeedApplyStartTForEmbedded=false
07-01 08:05:12.426  3855  3923 V WindowManagerShell: , mNeedCanvasExitAnim=false, mMergeSecondTaskAnimation=false, mIsLaunchUnityStart=false, mIsLaunchFromAssistantByDefault=false, mSkipRemoteTransitionfalse, mIsStartFromKeyguard=false flags=0x0, mWCT=null, mIsOpenMergeToInValidPredictive=false, mPromoteTaskWhenKeyguard-1, mRootLayerZOrderArray={}}]}
07-01 08:05:12.427  3855  3923 V WindowManagerShell: Transition doesn't have explicit remote, search filters for match for {id=181 t=OPEN f=0x0 trk=0 r=[0@Point(0, 0)] c=[{m=TO_FRONT f=SHOW_WALLPAPER|MOVE_TO_TOP leash=Surface(name=Task=1)/@0xde54078 sb=Rect(0, 0 - 1080, 2400) eb=Rect(0, 0 - 1080, 2400) epz=Point(1080, 2400) d=0 taskParent=-1},{m=CLOSE f=NONE leash=Surface(name=Task=14854)/@0x9113351 sb=Rect(0, 0 - 1080, 2400) eb=Rect(0, 0 - 1080, 2400) epz=Point(1080, 2400) d=0 taskParent=-1},{m=TO_FRONT f=IS_WALLPAPER leash=Surface(name=WallpaperWindowToken{ce3237b showWhenLocked=false})/@0xb9bb7b6 sb=Rect(0, 0 - 1080, 2400) eb=Rect(0, 0 - 1080, 2400) epz=Point(1080, 2400) d=0}] 
07-01 08:05:12.427  3855  3923 V WindowManagerShell: extendInfo=[
07-01 08:05:12.427  3855  3923 V WindowManagerShell:  OplusTransitionExtendedInfo{mTmpFinishT=null, mInOplusCompatMode=false, mIsProcessRunning=false, mHasMismatchBoundsTarget=false, mRecentsController=null, mRemoteTransition=null, mIsTranslucentActivityToHome=false, mAvoidInterceptKeyEventToHome=false, mIsFromHome=false, mParentLeash=null, mBackAnimClosingLeash=null, mIsOplusAnimRes=false, mKeepBgForContinuous=false, mIsBalAllow=false, mTaskNotInRecent=false, mIsPredictiveBackAnim=false, mIsMergedWithPredictive=false, mIsLaunchFromSpruce=false, mIsLaunchFromDrive=false, mGlobalSearchPageSwitch=false, mNeedNoAlphaGlobalSearchScene=false, mAssistScreenShowing=false, mSwipeUpBrowserScreenShowing=false, mUserIdTransition=0
07-01 08:05:12.427  3855  3923 V WindowManagerShell: , mInRemoteScene=false, mInPreReady=false, mPreStart=false, mToken=null, mAbortByRemoteFromHome=false, mShellApplyToken=null, mRequestTransitionTaskId=14854, mAbortTransitionOnShell=0, mStartFromShortcut=false, mRemovedTaskId=-1, mTransitionInterruptType=0, mMergeSecondTaskId=-1, mTaskIdStartFromRecents=0, mTransitionId=181, mCanUseSpringSlideAnim=false, mTransitionLaunchFrom=0, mFoldChangeType=-1, mAnimStartingPosition=[0, 0, 0, 0], mIsOpeningStkDialogActivity=false, mSecondaryHomeToFrontWhenUnFolding=false, mIsNeedApplyStartTForEmbedded=false
07-01 08:05:12.427  3855  3923 V WindowManagerShell: , mNeedCanvasExitAnim=false, mMergeSecondTaskAnimation=false, mIsLaunchUnityStart=false, mIsLaunchFromAssistantByDefault=false, mSkipRemoteTransitionfalse, mIsStartFromKeyguard=false flags=0x0, mWCT=null, mIsOpenMergeToInValidPredictive=false, mPromoteTaskWhenKeyguard-1, mRootLayerZOrderArray={}}]}
07-01 08:05:12.427  3855  3923 V WindowManagerShell:  Checking filter Pair{{types=[] flags=0x0] notFlags=0x100 checks=[{atype=home independent=true modes=[OPEN,TO_FRONT] flags=NONE mustBeTask=false order=TOP topActivity=ComponentInfo{com.android.launcher/com.android.launcher.Launcher} launchCookie=null windowingMode=undefined},{atype=standard independent=true modes=[CLOSE,TO_BACK] flags=NONE mustBeTask=false order=ANY topActivity=null launchCookie=null windowingMode=undefined}]} RemoteTransition { remoteTransition = android.window.IRemoteTransition$Stub$Proxy@64fb9d5, appThread = android.app.IApplicationThread$Stub$Proxy@a4f35ea, debugName = QuickstepLaunchHome }}
07-01 08:05:12.427  3855  3923 D RemoteTransitionHandler: Found filterPair{{types=[] flags=0x0] notFlags=0x100 checks=[{atype=home independent=true modes=[OPEN,TO_FRONT] flags=NONE mustBeTask=false order=TOP topActivity=ComponentInfo{com.android.launcher/com.android.launcher.Launcher} launchCookie=null windowingMode=undefined},{atype=standard independent=true modes=[CLOSE,TO_BACK] flags=NONE mustBeTask=false order=ANY topActivity=null launchCookie=null windowingMode=undefined}]} RemoteTransition { remoteTransition = android.window.IRemoteTransition$Stub$Proxy@64fb9d5, appThread = android.app.IApplicationThread$Stub$Proxy@a4f35ea, debugName = QuickstepLaunchHome }}
07-01 08:05:12.427  3855  3923 V WindowManagerShell:  Delegate animation for (#181) to RemoteTransition { remoteTransition = android.window.IRemoteTransition$Stub$Proxy@64fb9d5, appThread = android.app.IApplicationThread$Stub$Proxy@a4f35ea, debugName = QuickstepLaunchHome }
07-01 08:05:12.434  2570  2889 D TaskSnapshotCache: putSnapshot mRunningCache top= ActivityRecord{163530165 u0 com.ipdial/.MainActivityDefault t14854 f} isExiting}, mTaskId=14854, snapshot=TaskSnapshot{ mId=1782871512422 mCaptureTime=24081869712072 mTopActivityComponent=com.ipdial/.MainActivity mSnapshot=android.hardware.HardwareBuffer@61328f7 (756x1680) mColorSpace=sRGB IEC61966-2.1 (id=0, model=RGB) mOrientation=1 mRotation=0 mTaskSize=Point(1080, 2400) mOplusCompatMode=false mTopActivityBounds=[0,0][1080,2400] mHasDimLayer=false mContentInsets=[0,107][0,48] mLetterboxInsets=[0,0][0,0] mIsLowResolution=false mIsRealSnapshot=true mWindowingMode=1 mAppearance=24 mIsTranslucent=false mHasImeSurface=false mInternalReferences=2 mUiMode=11, mAppIdMap size= 5
07-01 08:05:12.435  2570  2882 V WindowManager: Sent Transition (#181) createdAt=07-01 08:05:12.011 via request=TransitionRequestInfo { type = OPEN, triggerTask = TaskInfo{userId=0 taskId=14854 effectiveUid=10806 displayId=0 isRunning=true baseIntent=Intent { act=android.intent.action.MAIN cat=[android.intent.category.LAUNCHER] flg=0x10200000 cmp=com.ipdial/.MainActivityDefault mCallingUid=10191 } baseActivity=ComponentInfo{com.ipdial/com.ipdial.MainActivity} topActivity=ComponentInfo{com.ipdial/com.startapp.sdk.adsbase.consent.ConsentActivity} origActivity=ComponentInfo{com.ipdial/com.ipdial.MainActivityDefault} realActivity=ComponentInfo{com.ipdial/com.ipdial.MainActivity}
07-01 08:05:12.435  2570  2882 V WindowManager:  numActivities=2 lastActiveTime=24081452 supportsSplitScreenMultiWindow=true supportsMultiWindow=true supportsPocketStudioMultiWindow=true isInFlexibleEmbedded = false uid = 10806 pid = 0 resizeMode=1 isResizeable=true minWidth=-1 minHeight=-1 defaultMinSize=220 token=WCT{RemoteToken{e44578f Task{9c88fbb #14854 type=standard A=10806:com.ipdial}}} topActivityType=1 pictureInPictureParams=null shouldDockBigOverlays=false launchIntoPipHostTaskId=-1 lastParentTaskIdBeforePip=-1 displayCutoutSafeInsets=Rect(0, 0 - 0, 0)
07-01 08:05:12.435  2570  2882 V WindowManager:  topActivityInfo=ActivityInfo{77df7b9 com.startapp.sdk.adsbase.consent.ConsentActivity} launchCookies=[android.os.BinderProxy@b397ee4] positionInParent=Point(0, 0) parentTaskId=-1 isFocused=true isVisible=true isVisibleRequested=true isTopActivityNoDisplay=false isSleeping=false locusId=null displayAreaFeatureId=1 isTopActivityTransparent=true isActivityStackTransparent=false lastNonFullscreenBounds=Rect(281, 689 - 800, 1769) capturedLink=null capturedLinkTimestamp=0 requestedVisibleTypes=-9 topActivityRequestOpenInBrowserEducationTimestamp=0
07-01 08:05:12.435  2570  2882 V WindowManager:  appCompatTaskInfo=AppCompatTaskInfo { topActivityInSizeCompat=false topActivityInOplusCompatMode=false eligibleForLetterboxEducation= false isLetterboxEducationEnabled= false isLetterboxDoubleTapEnabled= false eligibleForUserAspectRatioButton= false topActivityBoundsLetterboxed= false isFromLetterboxDoubleTap= false topActivityLetterboxVerticalPosition= -1 topActivityLetterboxHorizontalPosition= -1 topActivityLetterboxWidth=-1 topActivityLetterboxHeight=-1 topActivityAppBounds=Rect(0, 0 - 1080, 2400) isUserFullscreenOverrideEnabled=false isSystemFullscreenOverrideEnabled=false hasMinAspectRatioOverride=false topActivityLetterboxBounds=null cameraCompatTaskInfo=CameraCompatTaskInfo { freeformCameraCompatMode=inactive}} topActivityMainWindowFrame=null topActivityLetterboxInsets=Rect(0, 0 - 0, 0)
07-01 08:05:12.435  2570  2882 V WindowManager:  mOplusExtraBundle = Bundle[{androidx.flexible.taskFrame=Rect(0, 0 - 0, 0), topOpaqueSystemBarsAppearance=8, androidx.flexible.Alpha=1.0, androidx.activity.task.attach.blur=0, androidx.activity.LaunchInsensible=0, androidx.activity.LaunchCornerRadius=0, key_flexible_task_state=0, topActivitySupportAppInnerSplit=false, key_flexible_task_animating_type=-1, key_flexible_task_root_activity_processname=com.ipdial, androidx.activity.LaunchScenario=0, is_oplus_clone_task=false, flexible_super_mini_state=false, topRunningActivityHash=153874392, androidx.activity.LaunchScale=1.0, androidx.activity.LaunchShadowRadius=0, is_transient_hide_for_task_info=false, key_flexible_task_root_activity_pid=18979, key_flexible_task_root_activity_uid=10806}]}, pipChange = null, remoteTransition = null, displayChange = null, flags = 0, debugId = 181 }
07-01 08:05:12.435  2570  2882 V WindowManager:     startWCT=WindowContainerTransaction { changes= {} hops= [] errorCallbackToken=null taskFragmentOrganizer=null }
07-01 08:05:12.435  2570  2882 V WindowManager:     info={id=181 t=OPEN f=0x0 trk=0 r=[0@Point(0, 0)] c=[
07-01 08:05:12.435  2570  2882 V WindowManager:         {WCT{RemoteToken{de0c78e Task{96667d7 #1 type=home}}} m=TO_FRONT f=SHOW_WALLPAPER|MOVE_TO_TOP leash=Surface(name=Task=1)/@0x1825942 sb=Rect(0, 0 - 1080, 2400) eb=Rect(0, 0 - 1080, 2400) epz=Point(1080, 2400) d=0 taskParent=-1},
07-01 08:05:12.435  2570  2882 V WindowManager:         {WCT{RemoteToken{e44578f Task{9c88fbb #14854 type=standard A=10806:com.ipdial}}} m=CLOSE f=NONE leash=Surface(name=Task=14854)/@0x87c6e84 sb=Rect(0, 0 - 1080, 2400) eb=Rect(0, 0 - 1080, 2400) epz=Point(1080, 2400) d=0 taskParent=-1},
07-01 08:05:12.435  2570  2882 V WindowManager:         {m=TO_FRONT f=IS_WALLPAPER leash=Surface(name=WallpaperWindowToken{ce3237b showWhenLocked=false})/@0x6be4d53 sb=Rect(0, 0 - 1080, 2400) eb=Rect(0, 0 - 1080, 2400) epz=Point(1080, 2400) d=0}
07-01 08:05:12.435  2570  2882 V WindowManager:     ] 
07-01 08:05:12.435  2570  2882 V WindowManager: extendInfo=[
07-01 08:05:12.435  2570  2882 V WindowManager:  OplusTransitionExtendedInfo{mTmpFinishT=null, mInOplusCompatMode=false, mIsProcessRunning=false, mHasMismatchBoundsTarget=false, mRecentsController=null, mRemoteTransition=null, mIsTranslucentActivityToHome=false, mAvoidInterceptKeyEventToHome=false, mIsFromHome=false, mParentLeash=null, mBackAnimClosingLeash=null, mIsOplusAnimRes=false, mKeepBgForContinuous=false, mIsBalAllow=false, mTaskNotInRecent=false, mIsPredictiveBackAnim=false, mIsMergedWithPredictive=false, mIsLaunchFromSpruce=false, mIsLaunchFromDrive=false, mGlobalSearchPageSwitch=false, mNeedNoAlphaGlobalSearchScene=false, mAssistScreenShowing=false, mSwipeUpBrowserScreenShowing=false, mUserIdTransition=0
07-01 08:05:12.435  2570  2882 V WindowManager: , mInRemoteScene=false, mInPreReady=false, mPreStart=false, mToken=null, mAbortByRemoteFromHome=false, mShellApplyToken=null, mRequestTransitionTaskId=14854, mAbortTransitionOnShell=0, mStartFromShortcut=false, mRemovedTaskId=-1, mTransitionInterruptType=0, mMergeSecondTaskId=-1, mTaskIdStartFromRecents=0, mTransitionId=181, mCanUseSpringSlideAnim=false, mTransitionLaunchFrom=0, mFoldChangeType=-1, mAnimStartingPosition=[0, 0, 0, 0], mIsOpeningStkDialogActivity=false, mSecondaryHomeToFrontWhenUnFolding=false, mIsNeedApplyStartTForEmbedded=false
07-01 08:05:12.435  2570  2882 V WindowManager: , mNeedCanvasExitAnim=false, mMergeSecondTaskAnimation=false, mIsLaunchUnityStart=false, mIsLaunchFromAssistantByDefault=false, mSkipRemoteTransitionfalse, mIsStartFromKeyguard=false flags=0x0, mWCT=null, mIsOpenMergeToInValidPredictive=false, mPromoteTaskWhenKeyguard-1, mRootLayerZOrderArray={}}]}
07-01 08:05:12.436  2570  2889 I TaskOrganizerController: onTaskInfoChanged taskid 1 config { mBounds=Rect(0, 0 - 1080, 2400) mAppBounds=Rect(0, 0 - 1080, 2400) mMaxBounds=Rect(0, 0 - 1080, 2400) mDisplayRotation=ROTATION_0 mWindowingMode=fullscreen mActivityType=home mAlwaysOnTop=undefined mRotation=ROTATION_0}
07-01 08:05:12.436  2570  2889 D OplusVisibleTasks:  notifyTasksNumChange no need to notify.
07-01 08:05:12.437  2570  2889 D OplusFlexibleDragToSplitAnimController: visibleFlexibleTaskInfos delete:1
07-01 08:05:12.437  2570  2889 E FlexibleWindowManagerService: notifyTaskObserverToAttachController not need to notify!
07-01 08:05:12.437  2570  2889 I FlexibleWindowManagerService: onFlexibleWindowTaskInfoChanged, return for cur task not embedded
07-01 08:05:12.437  2570  2690 W ActivityTaskManager: setRunningRemoteTransition: no process for null
07-01 08:05:12.438  3855  3923 V WindowManagerShell:  animated by com.android.wm.shell.transition.RemoteTransitionHandler@f67bb59
07-01 08:05:12.442  2570  3668 D BackgroundInstallControlService: Package event received: 0
07-01 08:05:12.443  2570  2989 D BatteryExternalStatsWorker: begin updateExternalStatsSync reason=remove-uid flag:1
07-01 08:05:12.447  2570  3870 I BLASTSyncEngine: onCommitted syncId: 181, timeout: false ran: false
07-01 08:05:12.451  2570  3668 D BackgroundInstallControlService: Package event received: 0
07-01 08:05:12.472  2570  3551 D InputMethodManagerService: isSecurity: attribute.packageName = com.android.launcher mCurMethodId = com.codepotro.borno.keyboard/.BornoIME isSecurity = false ( enable = false needShow = false inBlackList = false isExist = true )
07-01 08:05:12.475  2570  2989 D BatteryExternalStatsWorker: end updateExternalStatsSync
07-01 08:05:12.480  2570  4740 D WindowManager: setFrameRateStart invalid typeId return!
07-01 08:05:12.723  2570  2886 W ActivityTaskManager: Activity top resumed state loss timeout for ActivityRecord{153874392 u0 com.ipdial/com.startapp.sdk.adsbase.consent.ConsentActivity t-1 f}}
07-01 08:05:12.724  2570  2886 I OplusJoystickManager: handleApplicationSwitch deprecated!
07-01 08:05:12.724  2570  2886 I GameManagerServiceExt-GameManagerServiceExt: on FG change: com.ipdial|com.android.launcher
07-01 08:05:12.725  2570  3060 D OplusAppSwitchListener: App Activity Change
07-01 08:05:12.725  2570  3060 D OplusAppSwitchListener: Detect com.ipdial switch to background
07-01 08:05:12.725  2570  3060 D OplusFeatureReduceBrightness: onAppExit , info = com.ipdial
07-01 08:05:12.725  2570  3060 D OplusAppSwitchListener: Detect com.android.launcher switch to foreground
07-01 08:05:12.726  2570  3060 W OplusFeatureGlobalLimitBrightness: switch to display normal mode 
07-01 08:05:12.727  2570  3043 D OplusBiometricsDisplayHelper: isFold: false, isUnblockByFp: null
07-01 08:05:12.728  4086  4086 D ResourcesManagerExtImpl: applyConfigurationToAppResourcesLocked app.getDisplayId() return callback.displayId:0
07-01 08:05:12.729  2570  4565 D OplusEapManager: mTargetExitName :com.ipdial
07-01 08:05:12.729  2570  3064 D VRR [OPlusRefreshRateService]: handleFrontAppChange pkgName: null
07-01 08:05:12.731  2570  4565 D OplusAppSwitchRuleInfo: generateAppEnterInfo - launch_source_type =  , launch_source_traceid = 
07-01 08:05:12.732  2570  3064 D VRR [OPlusRefreshRateService]: handleFrontAppChange pkgName: com.android.launcher
07-01 08:05:12.735  2570  4565 D OplusEapManager: mTargetEnterName :com.android.launcher
07-01 08:05:12.735  2570  4565 D OplusAppSwitchRuleInfo: generateAppEnterInfo - launch_source_type =  , launch_source_traceid = 
07-01 08:05:12.736  2570  4565 D OplusAppSwitchRuleInfo: generateAppEnterInfo - launch_source_type =  , launch_source_traceid = 
07-01 08:05:12.736  2570  4565 D OplusAppSwitchRuleInfo: generateAppEnterInfo - launch_source_type =  , launch_source_traceid = 
07-01 08:05:12.736  2570  4565 D OplusAppSwitchRuleInfo: generateAppEnterInfo - launch_source_type =  , launch_source_traceid = 
07-01 08:05:12.737  2570  4565 D OplusAppSwitchRuleInfo: generateAppEnterInfo - launch_source_type =  , launch_source_traceid = 
07-01 08:05:12.738  2570  4565 D OplusAppSwitchRuleInfo: generateAppEnterInfo - launch_source_type =  , launch_source_traceid = 
07-01 08:05:12.738  2570  4565 D OplusAppSwitchRuleInfo: generateActivityEnterInfo - launch_source_type =  , launch_source_traceid = 
07-01 08:05:12.738  2570  4565 D OplusAppSwitchRuleInfo: generateActivityEnterInfo - launch_source_type =  , launch_source_traceid = 
07-01 08:05:12.739  2570  4565 D OplusAppSwitchRuleInfo: generateActivityEnterInfo - launch_source_type =  , launch_source_traceid = 
07-01 08:05:12.739  2570  4565 D OplusAppSwitchRuleInfo: generateActivityEnterInfo - launch_source_type =  , launch_source_traceid = 
07-01 08:05:12.883  2570  2938 W QosScheduler: getScenario failed! scenarios is null, mask=2
07-01 08:05:12.883  2570  2938 W QosScheduler: executeSceneQosStrategy get scenario failed! scenario is null
07-01 08:05:12.922  3855  3923 V WindowManagerShell: Transition animation finished (aborted=false), notifying core (#181) android.os.BinderProxy@d1a7ed5@0
07-01 08:05:12.922  3855  3923 D SplitScreen-->AppLockManager: setStartFromSafeControl mStartFromSafeControl=false
07-01 08:05:12.928  2570  2690 D Transition: finishTransaction-onCommitted syncId=181
07-01 08:05:12.928  2570  5689 D Transition: finishTransition ar ActivityRecord{116431392 u0 com.android.launcher/.Launcher t5}, isVisibleRequested=true, state=RESUMED, visibleAtTransitionEndTokens={ActivityRecord{116431392 u0 com.android.launcher/.Launcher t5}, WallpaperWindowToken{ce3237b showWhenLocked=false}}, this=TransitionRecord{e09c5a3 id=181 track=0 type=OPEN flags=0x0 state=2 c=[
07-01 08:05:12.928  2570  5689 D Transition:    ChangeInfo{37300a0 container=Display{#0 state=ON size=1080x2400 ROTATION_0} flags=0x0}
07-01 08:05:12.928  2570  5689 D Transition:    ChangeInfo{de83459 container=DefaultTaskDisplayArea@74644813 flags=0x0}
07-01 08:05:12.928  2570  5689 D Transition:    ChangeInfo{1a7981e container=ActivityRecord{116431392 u0 com.android.launcher/.Launcher t5} flags=0x0}
07-01 08:05:12.928  2570  5689 D Transition:    ChangeInfo{9e918ff container=ActivityRecord{153874392 u0 com.ipdial/com.startapp.sdk.adsbase.consent.ConsentActivity t-1 f}} flags=0x0}
07-01 08:05:12.928  2570  5689 D Transition:    ChangeInfo{b643007 container=Task{96667d7 #1 type=home} flags=0x30}
07-01 08:05:12.928  2570  5689 D Transition:    ChangeInfo{21786cc container=ActivityRecord{163530165 u0 com.ipdial/.MainActivityDefault t14854 f} isExiting} flags=0x0}
07-01 08:05:12.928  2570  5689 D Transition:    ChangeInfo{cb4c534 container=Task{9c88fbb #14854 type=standard A=10806:com.ipdial} flags=0x10}
07-01 08:05:12.928  2570  5689 D Transition:    ChangeInfo{745ff5d container=WallpaperWindowToken{ce3237b showWhenLocked=false} flags=0x0}
07-01 08:05:12.928  2570  5689 D Transition:    ChangeInfo{cdebd15 container=Task{ceecb50 #5 type=home I=com.android.launcher/.Launcher} flags=0x30}
07-01 08:05:12.928  2570  5689 D Transition: ]
07-01 08:05:12.928  2570  5689 D Transition: }
07-01 08:05:12.928  2570  5689 D Transition: finishTransition ar ActivityRecord{163530165 u0 com.ipdial/.MainActivityDefault t14854 f} isExiting}, isVisibleRequested=false, state=DESTROYED, visibleAtTransitionEndTokens={ActivityRecord{116431392 u0 com.android.launcher/.Launcher t5}, WallpaperWindowToken{ce3237b showWhenLocked=false}}, this=TransitionRecord{e09c5a3 id=181 track=0 type=OPEN flags=0x0 state=2 c=[
07-01 08:05:12.928  2570  5689 D Transition:    ChangeInfo{37300a0 container=Display{#0 state=ON size=1080x2400 ROTATION_0} flags=0x0}
07-01 08:05:12.928  2570  5689 D Transition:    ChangeInfo{de83459 container=DefaultTaskDisplayArea@74644813 flags=0x0}
07-01 08:05:12.928  2570  5689 D Transition:    ChangeInfo{1a7981e container=ActivityRecord{116431392 u0 com.android.launcher/.Launcher t5} flags=0x0}
07-01 08:05:12.928  2570  5689 D Transition:    ChangeInfo{9e918ff container=ActivityRecord{153874392 u0 com.ipdial/com.startapp.sdk.adsbase.consent.ConsentActivity t-1 f}} flags=0x0}
07-01 08:05:12.928  2570  5689 D Transition:    ChangeInfo{b643007 container=Task{96667d7 #1 type=home} flags=0x30}
07-01 08:05:12.928  2570  5689 D Transition:    ChangeInfo{21786cc container=ActivityRecord{163530165 u0 com.ipdial/.MainActivityDefault t14854 f} isExiting} flags=0x0}
07-01 08:05:12.928  2570  5689 D Transition:    ChangeInfo{cb4c534 container=Task{9c88fbb #14854 type=standard A=10806:com.ipdial} flags=0x10}
07-01 08:05:12.928  2570  5689 D Transition:    ChangeInfo{745ff5d container=WallpaperWindowToken{ce3237b showWhenLocked=false} flags=0x0}
07-01 08:05:12.928  2570  5689 D Transition:    ChangeInfo{cdebd15 container=Task{ceecb50 #5 type=home I=com.android.launcher/.Launcher} flags=0x30}
07-01 08:05:12.928  2570  5689 D Transition: ]
07-01 08:05:12.928  2570  5689 D Transition: }
07-01 08:05:12.929  2570  5689 D ActivityTaskManager: commitVisibility: ActivityRecord{163530165 u0 com.ipdial/.MainActivityDefault t14854 f} isExiting}: visible=false visibleRequested=false, isInTransition=false 
07-01 08:05:12.929  2570  5689 D WindowManager: NFW_setClientVisible:ActivityRecord{163530165 u0 com.ipdial/.MainActivityDefault t14854 f} isExiting} clientVisible:false
07-01 08:05:12.930  2570  5689 W ActivityManager: pid 2570 system sent binder code 7 with flags 1 to frozen apps and got error -32
07-01 08:05:12.930  2570  5689 D ActivityManager: Too many transaction errors, throttling freezer binder callback.
07-01 08:05:12.930  2570  5689 W WindowManager: Exception thrown during dispatchAppVisibility Window{267f9ed u0 com.ipdial/com.ipdial.MainActivityDefault EXITING}
07-01 08:05:12.930  2570  5689 W WindowManager: android.os.DeadObjectException
07-01 08:05:12.930  2570  5689 W WindowManager: 	at android.os.BinderProxy.transactNative(Native Method)
07-01 08:05:12.930  2570  5689 W WindowManager: 	at android.os.BinderProxy.transact(BinderProxy.java:685)
07-01 08:05:12.930  2570  5689 W WindowManager: 	at android.view.IWindow$Stub$Proxy.dispatchAppVisibility(IWindow.java:609)
07-01 08:05:12.930  2570  5689 W WindowManager: 	at com.android.server.wm.WindowState.sendAppVisibilityToClients(WindowState.java:3670)
07-01 08:05:12.930  2570  5689 W WindowManager: 	at com.android.server.wm.WindowContainer.sendAppVisibilityToClients(WindowContainer.java:1499)
07-01 08:05:12.930  2570  5689 W WindowManager: 	at com.android.server.wm.WindowToken.setClientVisible(WindowToken.java:427)
07-01 08:05:12.930  2570  5689 W WindowManager: 	at com.android.server.wm.ActivityRecord.setClientVisible(ActivityRecord.java:8317)
07-01 08:05:12.930  2570  5689 W WindowManager: 	at com.android.server.wm.ActivityRecord.commitVisibility(ActivityRecord.java:6830)
07-01 08:05:12.930  2570  5689 W WindowManager: 	at com.android.server.wm.Transition.finishTransition(Transition.java:1706)
07-01 08:05:12.930  2570  5689 W WindowManager: 	at com.android.server.wm.TransitionController.finishTransition(TransitionController.java:1180)
07-01 08:05:12.930  2570  5689 W WindowManager: 	at com.android.server.wm.WindowOrganizerController.finishTransition(WindowOrganizerController.java:597)
07-01 08:05:12.930  2570  5689 W WindowManager: 	at android.window.IWindowOrganizerController$Stub.onTransact(IWindowOrganizerController.java:376)
07-01 08:05:12.930  2570  5689 W WindowManager: 	at com.android.server.wm.WindowOrganizerController.onTransact(WindowOrganizerController.java:240)
07-01 08:05:12.930  2570  5689 W WindowManager: 	at android.os.Binder.execTransactInternal(Binder.java:1439)
07-01 08:05:12.930  2570  5689 W WindowManager: 	at android.os.Binder.execTransact(Binder.java:1378)
07-01 08:05:12.931  2570  5689 I WindowManager: Window{267f9ed u0 com.ipdial/com.ipdial.MainActivityDefault EXITING} state from HAS_DRAWN to DRAW_PENDING; reason: resetDrawState
07-01 08:05:12.931  2570  5689 I OplusAppSwitchManagerService:  handleAppVisible , r = ActivityRecord{116431392 u0 com.android.launcher/.Launcher t5}
07-01 08:05:12.933  2570  5689 D QuickBackInputPolicy: hasMultiChildrenInTask: false
07-01 08:05:12.933  2570  5689 D WindowManager: NFW_findFocusedWindowIfNeeded:Window{24487cc u0 com.android.launcher/com.android.launcher.Launcher} mCurrentFocus:Window{24487cc u0 com.android.launcher/com.android.launcher.Launcher}
07-01 08:05:12.938  2570  5689 I TaskOrganizerController: onTaskInfoChanged taskid 14854 config { mBounds=Rect(0, 0 - 1080, 2400) mAppBounds=Rect(0, 0 - 1080, 2400) mMaxBounds=Rect(0, 0 - 1080, 2400) mDisplayRotation=ROTATION_0 mWindowingMode=fullscreen mActivityType=standard mAlwaysOnTop=undefined mRotation=ROTATION_0}
07-01 08:05:12.938  2570  5689 D OplusFlexibleDragToSplitAnimController: visibleFlexibleTaskInfos delete:14854
07-01 08:05:12.938  2570  5689 E FlexibleWindowManagerService: notifyTaskObserverToAttachController not need to notify!
07-01 08:05:12.938  2570  5689 I FlexibleWindowManagerService: onFlexibleWindowTaskInfoChanged, return for cur task not embedded
07-01 08:05:12.939  2570  5689 D SnapshotCache: removeRunningEntry id: 14854, callers=com.android.server.wm.SnapshotCache.onAppRemoved:91 com.android.server.wm.AbsAppSnapshotController.onAppRemoved:762 com.android.server.wm.SnapshotController.onAppRemoved:97 
07-01 08:05:12.939  2570  5689 D ActivityTaskManager: removeAppToken: ActivityRecord{163530165 u0 com.ipdial/.MainActivityDefault t14854 f}} delayed=false parent=Task{9c88fbb #14854 type=standard A=10806:com.ipdial} animating=false Callers=com.android.server.wm.ActivityRecord.removeImmediately:5344 com.android.server.wm.WindowToken.removeIfPossible:267 com.android.server.wm.WindowToken.handleCompleteDeferredRemoval:273 com.android.server.wm.WindowContainer.handleCompleteDeferredRemoval:1646 
07-01 08:05:12.939  2570  5689 D QuickBackInputPolicy: hasMultiChildrenInTask: false
07-01 08:05:12.939  2570  5689 D WindowManager: NFW_findFocusedWindowIfNeeded:Window{24487cc u0 com.android.launcher/com.android.launcher.Launcher} mCurrentFocus:Window{24487cc u0 com.android.launcher/com.android.launcher.Launcher}
07-01 08:05:12.942  2570  5689 I WindowManager: Window{267f9ed u0 com.ipdial/com.ipdial.MainActivityDefault EXITING} state from DRAW_PENDING to NO_SURFACE; reason: destroySurface
07-01 08:05:12.947  2570  5689 D OplusMirageWindowManagerService: onTaskRemoved displayid:0 taskId:14854 callers:com.android.server.wm.MirageWindowManagerExtImpl.onTaskRemoved:47 com.android.server.wm.TaskDisplayArea.removeChildTask:391 com.android.server.wm.TaskDisplayArea.removeChild:380 com.android.server.wm.WindowContainer.removeImmediately:1098 com.android.server.wm.TaskFragment.removeImmediately:3767 
07-01 08:05:12.947  2570  5689 I OplusScreenSecurityMask: onStackRemoved task = Task{9c88fbb #14854 type=standard A=10806:com.ipdial} record = null displayId = 0
07-01 08:05:12.948  2570  5689 D OplusTransitionController: finishTransition, transition: TransitionRecord{e09c5a3 id=181 track=0 type=OPEN flags=0x0 state=4 c=[
07-01 08:05:12.948  2570  5689 D OplusTransitionController:    ChangeInfo{37300a0 container=Display{#0 state=ON size=1080x2400 ROTATION_0} flags=0x0}
07-01 08:05:12.948  2570  5689 D OplusTransitionController:    ChangeInfo{de83459 container=DefaultTaskDisplayArea@74644813 flags=0x0}
07-01 08:05:12.948  2570  5689 D OplusTransitionController:    ChangeInfo{1a7981e container=ActivityRecord{116431392 u0 com.android.launcher/.Launcher t5} flags=0x0}
07-01 08:05:12.948  2570  5689 D OplusTransitionController:    ChangeInfo{9e918ff container=ActivityRecord{153874392 u0 com.ipdial/com.startapp.sdk.adsbase.consent.ConsentActivity t-1 f}} flags=0x0}
07-01 08:05:12.948  2570  5689 D OplusTransitionController:    ChangeInfo{b643007 container=Task{96667d7 #1 type=home} flags=0x30}
07-01 08:05:12.948  2570  5689 D OplusTransitionController:    ChangeInfo{21786cc container=ActivityRecord{163530165 u0 com.ipdial/.MainActivityDefault t-1 f}} flags=0x0}
07-01 08:05:12.948  2570  5689 D OplusTransitionController:    ChangeInfo{cb4c534 container=Task{9c88fbb #14854 type=standard A=10806:com.ipdial} flags=0x10}
07-01 08:05:12.948  2570  5689 D OplusTransitionController:    ChangeInfo{745ff5d container=WallpaperWindowToken{ce3237b showWhenLocked=false} flags=0x0}
07-01 08:05:12.948  2570  5689 D OplusTransitionController:    ChangeInfo{cdebd15 container=Task{ceecb50 #5 type=home I=com.android.launcher/.Launcher} flags=0x30}
07-01 08:05:12.948  2570  5689 D OplusTransitionController: ]
07-01 08:05:12.948  2570  5689 D OplusTransitionController: }
07-01 08:05:12.949  2570  5689 D FlexibleTaskTransitionController:  finishTransition pendingRecentToFlexibleTask:null,isRotationTransition:false ,pendingRecentToFlexible:null ,transition:TransitionRecord{e09c5a3 id=181 track=0 type=OPEN flags=0x0 state=4 c=[
07-01 08:05:12.949  2570  5689 D FlexibleTaskTransitionController:    ChangeInfo{37300a0 container=Display{#0 state=ON size=1080x2400 ROTATION_0} flags=0x0}
07-01 08:05:12.949  2570  5689 D FlexibleTaskTransitionController:    ChangeInfo{de83459 container=DefaultTaskDisplayArea@74644813 flags=0x0}
07-01 08:05:12.949  2570  5689 D FlexibleTaskTransitionController:    ChangeInfo{1a7981e container=ActivityRecord{116431392 u0 com.android.launcher/.Launcher t5} flags=0x0}
07-01 08:05:12.949  2570  5689 D FlexibleTaskTransitionController:    ChangeInfo{9e918ff container=ActivityRecord{153874392 u0 com.ipdial/com.startapp.sdk.adsbase.consent.ConsentActivity t-1 f}} flags=0x0}
07-01 08:05:12.949  2570  5689 D FlexibleTaskTransitionController:    ChangeInfo{b643007 container=Task{96667d7 #1 type=home} flags=0x30}
07-01 08:05:12.949  2570  5689 D FlexibleTaskTransitionController:    ChangeInfo{21786cc container=ActivityRecord{163530165 u0 com.ipdial/.MainActivityDefault t-1 f}} flags=0x0}
07-01 08:05:12.949  2570  5689 D FlexibleTaskTransitionController:    ChangeInfo{cb4c534 container=Task{9c88fbb #14854 type=standard A=10806:com.ipdial} flags=0x10}
07-01 08:05:12.949  2570  5689 D FlexibleTaskTransitionController:    ChangeInfo{745ff5d container=WallpaperWindowToken{ce3237b showWhenLocked=false} flags=0x0}
07-01 08:05:12.949  2570  5689 D FlexibleTaskTransitionController:    ChangeInfo{cdebd15 container=Task{ceecb50 #5 type=home I=com.android.launcher/.Launcher} flags=0x30}
07-01 08:05:12.949  2570  5689 D FlexibleTaskTransitionController: ]
07-01 08:05:12.949  2570  5689 D FlexibleTaskTransitionController: }
07-01 08:05:12.950  2570  5689 D KEYLOG_PhoneWindowManager: setKeyguardOccludedLw occluded=false,true,true
07-01 08:05:12.950  2570  2938 W UserAwareMgr: event can not be released, id: 5005, count: 4, releasePid: 2570
07-01 08:05:12.950  2570  5689 D TransitionControllerExtImpl: NFW_send RECOMPUTE_FOCUS in finishTransition
07-01 08:05:12.951  3855  3923 D ShellTaskOrganizer: onTransitionFinish, isRecent:false
07-01 08:05:12.951  3855  3923 V WindowManagerShell: Track 0 became idle
07-01 08:05:12.951  3855  3923 V WindowManagerShell: All active transition animations finished
07-01 08:05:12.957  2570  2889 D OplusFlexibleWindowMinimizedManagerHelper: onTaskVanished taskInfo:14854 task:Task{9c88fbb #14854 type=standard A=10806:com.ipdial}
07-01 08:05:12.957  2570  2889 D OplusFlexibleDragToSplitAnimController: visibleFlexibleTaskInfos delete:14854
07-01 08:05:12.957  2570  2889 D FlexibleTaskController: no need releaseFlexibleCaptionView or destroyFlexibleDragLeash when non-caption-view-task vanished, task=Task{9c88fbb #14854 type=standard A=10806:com.ipdial}
07-01 08:05:12.957  2570  2889 D FlexibleWindowManagerService: notifyFlexibleTaskVanish taskId : 14854 is not taskEmbedded
07-01 08:05:12.957  2570  2889 D FlexibleWindowManagerService: onFlexibleWindowTaskVanished: task = 14854,size:0
07-01 08:05:12.958  2570  2889 D OplusFlexibleWindowMinimizedManagerHelper: onTaskVanished taskInfo:14854 task:Task{9c88fbb #14854 type=standard A=10806:com.ipdial}
07-01 08:05:12.958  2570  2889 D OplusFlexibleDragToSplitAnimController: visibleFlexibleTaskInfos delete:14854
07-01 08:05:12.958  2570  2889 D FlexibleTaskController: no need releaseFlexibleCaptionView or destroyFlexibleDragLeash when non-caption-view-task vanished, task=Task{9c88fbb #14854 type=standard A=10806:com.ipdial}
07-01 08:05:12.958  2570  2889 D FlexibleWindowManagerService: notifyFlexibleTaskVanish taskId : 14854 is not taskEmbedded
07-01 08:05:12.958  2570  2889 D FlexibleWindowManagerService: onFlexibleWindowTaskVanished: task = 14854,size:0
07-01 08:05:12.958  2570  3870 D ActivityTaskManager: Skipping, invisible task: Task{ceecb50 #5 type=home I=com.android.launcher/.Launcher}
07-01 08:05:12.959  2570  3870 D OplusSplitScreenManagerService: com.android.settings unSupportsSplitScreen by blockList or ForbidActivityList
07-01 08:05:12.959  2570  3870 D OplusSplitScreenManagerService: com.android.settings unSupportsSplitScreen by blockList or ForbidActivityList
07-01 08:05:12.959  2570  3870 D OplusSplitScreenManagerService: com.android.settings unSupportsSplitScreen by blockList or ForbidActivityList
07-01 08:05:12.959  2570  3870 D OplusSplitScreenManagerService: com.android.settings unSupportsSplitScreen by blockList or ForbidActivityList
07-01 08:05:12.960  2570  3870 D ActivityTaskManager: after skip size:7,pre-Filtered:com.ipdial # com.android.settings # com.android.settings # com.android.settings # com.google.android.youtube # com.facebook.katana # com.google.android.apps.messaging # 
07-01 08:05:12.962  2570  2886 D QuickBackInputPolicy: hasMultiChildrenInTask: false
07-01 08:05:12.962  2570  2886 D WindowManager: NFW_findFocusedWindowIfNeeded:Window{24487cc u0 com.android.launcher/com.android.launcher.Launcher} mCurrentFocus:Window{24487cc u0 com.android.launcher/com.android.launcher.Launcher}
07-01 08:05:12.964  3855  3923 D FlexibleSeekBarManager: removeAlpha for taskId=14854
07-01 08:05:12.972  2570  2938 W UserAwareMgr: event can not be released, id: 2020, count: 2, releasePid: 4086
07-01 08:05:12.974  2570  5689 D ActivityTaskManager: Skipping, invisible task: Task{ceecb50 #5 type=home I=com.android.launcher/.Launcher}
07-01 08:05:12.975  2570  5689 D OplusSplitScreenManagerService: com.android.settings unSupportsSplitScreen by blockList or ForbidActivityList
07-01 08:05:12.975  2570  5689 D OplusSplitScreenManagerService: com.android.settings unSupportsSplitScreen by blockList or ForbidActivityList
07-01 08:05:12.975  2570  5689 D OplusSplitScreenManagerService: com.android.settings unSupportsSplitScreen by blockList or ForbidActivityList
07-01 08:05:12.975  2570  5689 D OplusSplitScreenManagerService: com.android.settings unSupportsSplitScreen by blockList or ForbidActivityList
07-01 08:05:12.975  2570  5689 D ActivityTaskManager: after skip size:7,pre-Filtered:com.ipdial # com.android.settings # com.android.settings # com.android.settings # com.google.android.youtube # com.facebook.katana # com.google.android.apps.messaging # 
07-01 08:05:13.469  3855  4743 V OplusCustomizeCacheManager: queryCache name: cache_key.system_server.common_customize_cache11011 param: null
07-01 08:05:13.482  3855  4743 V OplusCustomizeCacheManager: queryCache name: cache_key.system_server.common_customize_cache18013 param: null
07-01 08:05:13.482  3855  4743 V OplusCustomizeCacheManager: queryCache name: cache_key.system_server.common_customize_cache18014 param: null
07-01 08:05:13.482  3855  4743 V OplusCustomizeCacheManager: queryCache name: cache_key.system_server.common_customize_cache18017 param: Bundle[{SETTING=BLOCK, BUSINESS=NCT-DATA}]
07-01 08:05:13.495  3855  4743 V OplusCustomizeCacheManager: queryCache name: cache_key.system_server.common_customize_cache18025 param: null
07-01 08:05:13.503  3855  4743 V OplusCustomizeCacheManager: queryCache name: cache_key.system_server.common_customize_cache11010 param: null
07-01 08:05:13.506  3855  4743 V OplusCustomizeCacheManager: queryCache name: cache_key.system_server.common_customize_cache11009 param: null
07-01 08:05:13.506  3855  4743 V OplusCustomizeCacheManager: queryCache name: cache_key.system_server.common_customize_cache11010 param: null
07-01 08:05:13.546  3855  4743 V OplusCustomizeCacheManager: queryCache name: cache_key.system_server.common_customize_cache18026 param: null
07-01 08:05:13.555  3855  4743 V OplusCustomizeCacheManager: queryCache name: cache_key.system_server.common_customize_cache18027 param: null
07-01 08:05:14.661  2570  3352 D osense.compress: com.facebook.katana do shrink, target ratio = 35, final ratio = 70, cur ratio = 0
07-01 08:05:15.810  2570  3352 D osense.compress: com.google.android.apps.messaging do shrink, target ratio = 45, final ratio = 90, cur ratio = 0
07-01 08:05:15.812  2570  3352 D osense.compress: com.google.android.gms do shrink, target ratio = 20, final ratio = 40, cur ratio = 0
07-01 08:05:24.820  2570  3352 D osense.compress: com.android.settings do shrink, target ratio = 10, final ratio = 20, cur ratio = 0
07-01 08:05:24.822  2570  3352 D osense.compress: com.google.android.youtube do shrink, target ratio = 35, final ratio = 70, cur ratio = 0
07-01 08:05:29.226  2570  2989 D BatteryStatsImplExtImpl: mActiveProcesses size = 53
07-01 08:05:29.227  2570  2989 D BatteryStatsImplExtImpl: rpmhStats is null or interval time is too short.
07-01 08:05:34.663  2570  3352 D osense.compress: com.facebook.katana do shrink, target ratio = 35, final ratio = 70, cur ratio = 0
07-01 08:05:35.810  2570  3352 D osense.compress: com.google.android.apps.messaging do shrink, target ratio = 45, final ratio = 90, cur ratio = 0
07-01 08:05:35.813  2570  3352 D osense.compress: com.google.android.gms do shrink, target ratio = 20, final ratio = 40, cur ratio = 0
07-01 08:05:39.768  2570  2989 E BluetoothPowerStatsCollector: Cannot acquire BluetoothActivityEnergyInfo
07-01 08:05:39.768  2570  2989 E BluetoothPowerStatsCollector: java.util.concurrent.ExecutionException: java.lang.RuntimeException: error: 11
07-01 08:05:39.768  2570  2989 E BluetoothPowerStatsCollector: 	at java.util.concurrent.CompletableFuture.reportGet(CompletableFuture.java:372)
07-01 08:05:39.768  2570  2989 E BluetoothPowerStatsCollector: 	at java.util.concurrent.CompletableFuture.get(CompletableFuture.java:2072)
07-01 08:05:39.768  2570  2989 E BluetoothPowerStatsCollector: 	at com.android.server.power.stats.BluetoothPowerStatsCollector.collectBluetoothActivityInfo(BluetoothPowerStatsCollector.java:192)
07-01 08:05:39.768  2570  2989 E BluetoothPowerStatsCollector: 	at com.android.server.power.stats.BluetoothPowerStatsCollector.collectStats(BluetoothPowerStatsCollector.java:155)
07-01 08:05:39.768  2570  2989 E BluetoothPowerStatsCollector: 	at com.android.server.power.stats.PowerStatsCollector.collectAndDeliverStats(PowerStatsCollector.java:176)
07-01 08:05:39.768  2570  2989 E BluetoothPowerStatsCollector: 	at com.android.server.power.stats.PowerStatsCollector$$ExternalSyntheticLambda0.run(D8$$SyntheticClass:0)
07-01 08:05:39.768  2570  2989 E BluetoothPowerStatsCollector: 	at android.os.Handler.handleCallback(Handler.java:1027)
07-01 08:05:39.768  2570  2989 E BluetoothPowerStatsCollector: 	at android.os.Handler.dispatchMessage(Handler.java:108)
07-01 08:05:39.768  2570  2989 E BluetoothPowerStatsCollector: 	at android.os.Looper.loopOnce(Looper.java:302)
