--------- beginning of crash
08-08 11:17:09.653  1051  1051 F libc    : Fatal signal 6 (SIGABRT), code -1 (SI_QUEUE) in tid 1051 (init), pid 1051 (init)
08-08 11:17:09.708  1051  1051 F libc    : Crash due to signal: crash_dump helper failed to exec, or was killed
07-01 01:24:44.255  5093  5093 F libc    : Fatal signal 6 (SIGABRT), code -1 (SI_QUEUE) in tid 5093 (init), pid 5093 (init)
07-01 01:24:44.362  5093  5093 F libc    : Crash due to signal: crash_dump helper failed to exec, or was killed
07-01 08:02:34.959 16281 16321 F libc    : ../src/pj/os_core_unix.c:1278: pj_status_t pj_mutex_lock(pj_mutex_t *): assertion "mutex" failed
07-01 08:02:34.968 16281 16321 F libc    : Fatal signal 6 (SIGABRT), code -1 (SI_QUEUE) in tid 16321 (DefaultDispatch), pid 16281 (com.ipdial)
07-01 08:02:37.478 16438 16438 F DEBUG   : Process name is com.ipdial, uid is 10806, not key_process
07-01 08:02:37.478 16438 16438 F DEBUG   : keyProcess: 0
07-01 08:02:37.478 16438 16438 F DEBUG   : *** *** *** *** *** *** *** *** *** *** *** *** *** *** *** ***
07-01 08:02:37.478 16438 16438 F DEBUG   : Build fingerprint: 'OnePlus/CPH2621/OP5D49L1:16/BP2A.250605.015/U.R4T2.370c561-12d1a45-12d89e9:user/release-keys'
07-01 08:02:37.478 16438 16438 F DEBUG   : Revision: '0'
07-01 08:02:37.478 16438 16438 F DEBUG   : ABI: 'arm64'
07-01 08:02:37.478 16438 16438 F DEBUG   : Timestamp: 2026-07-01 08:02:35.743966828+0600
07-01 08:02:37.478 16438 16438 F DEBUG   : Process uptime: 3s
07-01 08:02:37.478 16438 16438 F DEBUG   : Cmdline: com.ipdial
07-01 08:02:37.478 16438 16438 F DEBUG   : pid: 16281, tid: 16321, name: DefaultDispatch  >>> com.ipdial <<<
07-01 08:02:37.478 16438 16438 F DEBUG   : uid: 10806
07-01 08:02:37.478 16438 16438 F DEBUG   : tagged_addr_ctrl: 0000000000000001 (PR_TAGGED_ADDR_ENABLE)
07-01 08:02:37.478 16438 16438 F DEBUG   : signal 6 (SIGABRT), code -1 (SI_QUEUE), fault addr --------
07-01 08:02:37.478 16438 16438 F DEBUG   : Abort message: '../src/pj/os_core_unix.c:1278: pj_status_t pj_mutex_lock(pj_mutex_t *): assertion "mutex" failed'
07-01 08:02:37.478 16438 16438 F DEBUG   :     x0  0000000000000000  x1  0000000000003fc1  x2  0000000000000006  x3  0000007b4e9e73e0
07-01 08:02:37.478 16438 16438 F DEBUG   :     x4  6f1f393736313039  x5  6f1f393736313039  x6  6f1f393736313039  x7  7f7f7f7f7f7f7f7f
07-01 08:02:37.478 16438 16438 F DEBUG   :     x8  00000000000000f0  x9  0393076fee18bd92  x10 000000ff00000020  x11 0000000000000000
07-01 08:02:37.478 16438 16438 F DEBUG   :     x12 000000006a44753a  x13 000000007fffffff  x14 0000000000282736  x15 0000006af94f38bf
07-01 08:02:37.478 16438 16438 F DEBUG   :     x16 0000007c857d8828  x17 0000007c857bdb80  x18 0000007b4c9e4000  x19 0000000000003f99
07-01 08:02:37.478 16438 16438 F DEBUG   :     x20 0000000000003fc1  x21 00000000ffffffff  x22 b400007bb5678ea0  x23 0000000000000000
07-01 08:02:37.478 16438 16438 F DEBUG   :     x24 0000000000000000  x25 0000007b4e9e79a8  x26 b400007bab334a70  x27 b400007bb5866380
07-01 08:02:37.478 16438 16438 F DEBUG   :     x28 0000000000000056  x29 0000007b4e9e7460
07-01 08:02:37.478 16438 16438 F DEBUG   :     lr  0000007c857578e8  sp  0000007b4e9e73e0  pc  0000007c8575790c  pst 0000000000001000
07-01 08:02:37.478 16438 16438 F DEBUG   : 28 total frames
07-01 08:02:37.478 16438 16438 F DEBUG   : backtrace:
07-01 08:02:37.478 16438 16438 F DEBUG   :       #00 pc 000000000008a90c  /apex/com.android.runtime/lib64/bionic/libc.so (abort+160) (BuildId: e86c12767b7ffe779233d6bd0a8f6b8a)
07-01 08:02:37.478 16438 16438 F DEBUG   :       #01 pc 000000000008b190  /apex/com.android.runtime/lib64/bionic/libc.so (__assert2+40) (BuildId: e86c12767b7ffe779233d6bd0a8f6b8a)
07-01 08:02:37.478 16438 16438 F DEBUG   :       #02 pc 0000000000589614  /data/app/~~E3gtp_mW0Bns0peHOyZtAA==/com.ipdial--R9HsdJsWw-1OWn_Ueg3Zw==/lib/arm64/libpjsua2.so (pj_mutex_lock+124) (BuildId: 69dfd2f5d7a61abb87f953b9fe98831da87032c4)
07-01 08:02:37.478 16438 16438 F DEBUG   :       #03 pc 00000000002b639c  /data/app/~~E3gtp_mW0Bns0peHOyZtAA==/com.ipdial--R9HsdJsWw-1OWn_Ueg3Zw==/lib/arm64/libpjsua2.so (pj::Endpoint::libRegisterThread(std::__ndk1::basic_string<char, std::__ndk1::char_traits<char>, std::__ndk1::allocator<char>> const&)+640) (BuildId: 69dfd2f5d7a61abb87f953b9fe98831da87032c4)
07-01 08:02:37.478 16438 16438 F DEBUG   :       #04 pc 0000000000242974  /data/app/~~E3gtp_mW0Bns0peHOyZtAA==/com.ipdial--R9HsdJsWw-1OWn_Ueg3Zw==/lib/arm64/libpjsua2.so (Java_org_pjsip_pjsua2_pjsua2JNI_Endpoint_1libRegisterThread+236) (BuildId: 69dfd2f5d7a61abb87f953b9fe98831da87032c4)
07-01 08:02:37.478 16438 16438 F DEBUG   :       #05 pc 00000000012624f8  /data/misc/apexdata/com.android.art/dalvik-cache/arm64/boot.oat (art_jni_trampoline+136)
07-01 08:02:37.478 16438 16438 F DEBUG   :       #06 pc 000000000072b39c  /apex/com.android.art/lib64/libart.so (nterp_helper+780) (BuildId: cecb684d19b4f44ee3cbd66142c315f4)
07-01 08:02:37.478 16438 16438 F DEBUG   :       #07 pc 000000000058e86e  /data/app/~~E3gtp_mW0Bns0peHOyZtAA==/com.ipdial--R9HsdJsWw-1OWn_Ueg3Zw==/oat/arm64/base.vdex (org.pjsip.pjsua2.Endpoint.libRegisterThread+10)
07-01 08:02:37.478 16438 16438 F DEBUG   :       #08 pc 000000000072b884  /apex/com.android.art/lib64/libart.so (nterp_helper+2036) (BuildId: cecb684d19b4f44ee3cbd66142c315f4)
07-01 08:02:37.478 16438 16438 F DEBUG   :       #09 pc 00000000004ed396  /data/app/~~E3gtp_mW0Bns0peHOyZtAA==/com.ipdial--R9HsdJsWw-1OWn_Ueg3Zw==/oat/arm64/base.vdex (com.ipdial.service.SipEngine.init+194)
07-01 08:02:37.478 16438 16438 F DEBUG   :       #10 pc 000000000072b884  /apex/com.android.art/lib64/libart.so (nterp_helper+2036) (BuildId: cecb684d19b4f44ee3cbd66142c315f4)
07-01 08:02:37.478 16438 16438 F DEBUG   :       #11 pc 00000000001dadd0  /data/app/~~E3gtp_mW0Bns0peHOyZtAA==/com.ipdial--R9HsdJsWw-1OWn_Ueg3Zw==/oat/arm64/base.vdex (ip.invokeSuspend+376)
07-01 08:02:37.478 16438 16438 F DEBUG   :       #12 pc 000000000072b884  /apex/com.android.art/lib64/libart.so (nterp_helper+2036) (BuildId: cecb684d19b4f44ee3cbd66142c315f4)
07-01 08:02:37.478 16438 16438 F DEBUG   :       #13 pc 00000000001d7a46  /data/app/~~E3gtp_mW0Bns0peHOyZtAA==/com.ipdial--R9HsdJsWw-1OWn_Ueg3Zw==/oat/arm64/base.vdex (io.resumeWith+14)
07-01 08:02:37.478 16438 16438 F DEBUG   :       #14 pc 000000000072b910  /apex/com.android.art/lib64/libart.so (nterp_helper+2176) (BuildId: cecb684d19b4f44ee3cbd66142c315f4)
07-01 08:02:37.478 16438 16438 F DEBUG   :       #15 pc 0000000000244352  /data/app/~~E3gtp_mW0Bns0peHOyZtAA==/com.ipdial--R9HsdJsWw-1OWn_Ueg3Zw==/oat/arm64/base.vdex (bj0.run+226)
07-01 08:02:37.478 16438 16438 F DEBUG   :       #16 pc 000000000072b884  /apex/com.android.art/lib64/libart.so (nterp_helper+2036) (BuildId: cecb684d19b4f44ee3cbd66142c315f4)
07-01 08:02:37.478 16438 16438 F DEBUG   :       #17 pc 0000000000195356  /data/app/~~E3gtp_mW0Bns0peHOyZtAA==/com.ipdial--R9HsdJsWw-1OWn_Ueg3Zw==/oat/arm64/base.vdex (a9.run+1954)
07-01 08:02:37.478 16438 16438 F DEBUG   :       #18 pc 000000000072b884  /apex/com.android.art/lib64/libart.so (nterp_helper+2036) (BuildId: cecb684d19b4f44ee3cbd66142c315f4)
07-01 08:02:37.478 16438 16438 F DEBUG   :       #19 pc 000000000039ec2c  /data/app/~~E3gtp_mW0Bns0peHOyZtAA==/com.ipdial--R9HsdJsWw-1OWn_Ueg3Zw==/oat/arm64/base.vdex (di3.run+4)
07-01 08:02:37.478 16438 16438 F DEBUG   :       #20 pc 000000000072b884  /apex/com.android.art/lib64/libart.so (nterp_helper+2036) (BuildId: cecb684d19b4f44ee3cbd66142c315f4)
07-01 08:02:37.478 16438 16438 F DEBUG   :       #21 pc 000000000022b366  /data/app/~~E3gtp_mW0Bns0peHOyZtAA==/com.ipdial--R9HsdJsWw-1OWn_Ueg3Zw==/oat/arm64/base.vdex (ib0.run+174)
07-01 08:02:37.478 16438 16438 F DEBUG   :       #22 pc 00000000002aaf94  /apex/com.android.art/lib64/libart.so (art_quick_invoke_stub+612) (BuildId: cecb684d19b4f44ee3cbd66142c315f4)
07-01 08:02:37.478 16438 16438 F DEBUG   :       #23 pc 00000000002a9268  /apex/com.android.art/lib64/libart.so (art::ArtMethod::Invoke(art::Thread*, unsigned int*, unsigned int, art::JValue*, char const*)+148) (BuildId: cecb684d19b4f44ee3cbd66142c315f4)
07-01 08:02:37.478 16438 16438 F DEBUG   :       #24 pc 00000000004e1a68  /apex/com.android.art/lib64/libart.so (art::Thread::CreateCallback(void*)+1384) (BuildId: cecb684d19b4f44ee3cbd66142c315f4)
07-01 08:02:37.478 16438 16438 F DEBUG   :       #25 pc 00000000004e14ec  /apex/com.android.art/lib64/libart.so (art::Thread::CreateCallbackWithUffdGc(void*)+12) (BuildId: cecb684d19b4f44ee3cbd66142c315f4)
07-01 08:02:37.478 16438 16438 F DEBUG   :       #26 pc 000000000009bc74  /apex/com.android.runtime/lib64/bionic/libc.so (__pthread_start(void*)+184) (BuildId: e86c12767b7ffe779233d6bd0a8f6b8a)
07-01 08:02:37.478 16438 16438 F DEBUG   :       #27 pc 000000000008e134  /apex/com.android.runtime/lib64/bionic/libc.so (__start_thread+68) (BuildId: e86c12767b7ffe779233d6bd0a8f6b8a)
--------- beginning of system
07-01 08:02:37.702  2570  4052 D OplusTransitionController: onTransactionReady, transition: 162, info: {id=162 t=CLOSE f=0x10 trk=0 r=[0@Point(0, 0)] c=[{WCT{RemoteToken{de0c78e Task{96667d7 #1 type=home}}} m=TO_FRONT f=SHOW_WALLPAPER|MOVE_TO_TOP leash=Surface(name=Task=1)/@0x1825942 sb=Rect(0, 0 - 1080, 2400) eb=Rect(0, 0 - 1080, 2400) epz=Point(1080, 2400) d=0 taskParent=-1},{WCT{RemoteToken{cdef0b9 Task{d2538f2 #14847 type=standard A=10806:com.ipdial}}} m=TO_BACK f=NONE leash=Surface(name=Task=14847)/@0x4bd8fe5 sb=Rect(0, 0 - 1080, 2400) eb=Rect(0, 0 - 1080, 2400) epz=Point(1080, 2400) d=0 taskParent=-1},{m=TO_FRONT f=IS_WALLPAPER leash=Surface(name=WallpaperWindowToken{ce3237b showWhenLocked=false})/@0x6be4d53 sb=Rect(0, 0 - 1080, 2400) eb=Rect(0, 0 - 1080, 2400) epz=Point(1080, 2400) d=0}] 
07-01 08:02:37.702  2570  4052 D OplusTransitionController: extendInfo=[
07-01 08:02:37.702  2570  4052 D OplusTransitionController:  OplusTransitionExtendedInfo{mTmpFinishT=null, mInOplusCompatMode=false, mIsProcessRunning=false, mHasMismatchBoundsTarget=false, mRecentsController=null, mRemoteTransition=null, mIsTranslucentActivityToHome=false, mAvoidInterceptKeyEventToHome=false, mIsFromHome=false, mParentLeash=null, mBackAnimClosingLeash=null, mIsOplusAnimRes=false, mKeepBgForContinuous=false, mIsBalAllow=false, mTaskNotInRecent=false, mIsPredictiveBackAnim=false, mIsMergedWithPredictive=false, mIsLaunchFromSpruce=false, mIsLaunchFromDrive=false, mGlobalSearchPageSwitch=false, mNeedNoAlphaGlobalSearchScene=false, mAssistScreenShowing=false, mSwipeUpBrowserScreenShowing=false, mUserIdTransition=0
07-01 08:02:37.702  2570  4052 D OplusTransitionController: , mInRemoteScene=false, mInPreReady=false, mPreStart=false, mToken=null, mAbortByRemoteFromHome=false, mShellApplyToken=null, mRequestTransitionTaskId=14847, mAbortTransitionOnShell=0, mStartFromShortcut=false, mRemovedTaskId=-1, mTransitionInterruptType=0, mMergeSecondTaskId=-1, mTaskIdStartFromRecents=0, mTransitionId=162, mCanUseSpringSlideAnim=false, mTransitionLaunchFrom=0, mFoldChangeType=-1, mAnimStartingPosition=[0, 0, 0, 0], mIsOpeningStkDialogActivity=false, mSecondaryHomeToFrontWhenUnFolding=false, mIsNeedApplyStartTForEmbedded=false
07-01 08:02:37.702  2570  4052 D OplusTransitionController: , mNeedCanvasExitAnim=false, mMergeSecondTaskAnimation=false, mIsLaunchUnityStart=false, mIsLaunchFromAssistantByDefault=false, mSkipRemoteTransitionfalse, mIsStartFromKeyguard=false flags=0x0, mWCT=null, mIsOpenMergeToInValidPredictive=false, mPromoteTaskWhenKeyguard-1, mRootLayerZOrderArray={}}]}, targets : [ChangeInfo{1388593 container=Task{96667d7 #1 type=home} flags=0x30}, ChangeInfo{75d9d0 container=Task{d2538f2 #14847 type=standard A=10806:com.ipdial} flags=0x10}, ChangeInfo{16b4dc9 container=WallpaperWindowToken{ce3237b showWhenLocked=false} flags=0x0}], participants: {ActivityRecord{116431392 u0 com.android.launcher/.Launcher t5}, Task{96667d7 #1 type=home}, WallpaperWindowToken{ce3237b showWhenLocked=false}, Task{ceecb50 #5 type=home I=com.android.launcher/.Launcher}, ActivityRecord{238460097 u0 com.ipdial/.MainActivity t14847 f} isExiting}, ActivityRecord{258513354 u0 com.ipdial/com.startapp.sdk.adsbase.consent.ConsentActivity t14847 f} isExiting}, ActivityRecord{267923834 u0 com.google.android.permissioncontroller/com.android.permissioncontroller.permission.ui.GrantPermissionsActivity t14847 f}}}
07-01 08:02:37.703  2570  4052 D CoreBackPreview:  return markWindowHasDrawn mComposed: false  mWaitTransition: false
07-01 08:02:37.705  2570  4052 W WindowManager: captureTaskSnapshot mSnapshotMode= 0 source=Task{d2538f2 #14847 type=standard A=10806:com.ipdial}
07-01 08:02:37.705  2570  4052 D TaskSnapshotControllerExtImpl: createTaskSnapshot isCompatMode:false, isCompactWindow:false
07-01 08:02:37.705  2570  4052 W AbsAppSnapshotControllerExtImpl: updateExcludeLayers, addExcludeLayerList is null or empty, return excludeLayers
07-01 08:02:37.705  3855  4369 V WindowManagerShell: onTransitionReady(transaction=11038065960583)
07-01 08:02:37.706  3855  3923 V WindowManagerShell: onTransitionReady (#162) android.os.BinderProxy@b31058e: {id=162 t=CLOSE f=0x10 trk=0 r=[0@Point(0, 0)] c=[
07-01 08:02:37.706  3855  3923 V WindowManagerShell:         {m=TO_FRONT f=SHOW_WALLPAPER|MOVE_TO_TOP leash=Surface(name=Task=1)/@0x7175d45 sb=Rect(0, 0 - 1080, 2400) eb=Rect(0, 0 - 1080, 2400) epz=Point(1080, 2400) d=0 taskParent=-1},
07-01 08:02:37.706  3855  3923 V WindowManagerShell:         {m=TO_BACK f=NONE leash=Surface(name=Task=14847)/@0xbbbec9a sb=Rect(0, 0 - 1080, 2400) eb=Rect(0, 0 - 1080, 2400) epz=Point(1080, 2400) d=0 taskParent=-1},
07-01 08:02:37.706  3855  3923 V WindowManagerShell:         {m=TO_FRONT f=IS_WALLPAPER leash=Surface(name=WallpaperWindowToken{ce3237b showWhenLocked=false})/@0xa36d9cb sb=Rect(0, 0 - 1080, 2400) eb=Rect(0, 0 - 1080, 2400) epz=Point(1080, 2400) d=0}
07-01 08:02:37.706  3855  3923 V WindowManagerShell:     ] 
07-01 08:02:37.706  3855  3923 V WindowManagerShell: extendInfo=[
07-01 08:02:37.706  3855  3923 V WindowManagerShell:  OplusTransitionExtendedInfo{mTmpFinishT=null, mInOplusCompatMode=false, mIsProcessRunning=false, mHasMismatchBoundsTarget=false, mRecentsController=null, mRemoteTransition=null, mIsTranslucentActivityToHome=false, mAvoidInterceptKeyEventToHome=false, mIsFromHome=false, mParentLeash=null, mBackAnimClosingLeash=null, mIsOplusAnimRes=false, mKeepBgForContinuous=false, mIsBalAllow=false, mTaskNotInRecent=false, mIsPredictiveBackAnim=false, mIsMergedWithPredictive=false, mIsLaunchFromSpruce=false, mIsLaunchFromDrive=false, mGlobalSearchPageSwitch=false, mNeedNoAlphaGlobalSearchScene=false, mAssistScreenShowing=false, mSwipeUpBrowserScreenShowing=false, mUserIdTransition=0
07-01 08:02:37.706  3855  3923 V WindowManagerShell: , mInRemoteScene=false, mInPreReady=false, mPreStart=false, mToken=null, mAbortByRemoteFromHome=false, mShellApplyToken=null, mRequestTransitionTaskId=14847, mAbortTransitionOnShell=0, mStartFromShortcut=false, mRemovedTaskId=-1, mTransitionInterruptType=0, mMergeSecondTaskId=-1, mTaskIdStartFromRecents=0, mTransitionId=162, mCanUseSpringSlideAnim=false, mTransitionLaunchFrom=0, mFoldChangeType=-1, mAnimStartingPosition=[0, 0, 0, 0], mIsOpeningStkDialogActivity=false, mSecondaryHomeToFrontWhenUnFolding=false, mIsNeedApplyStartTForEmbedded=false
07-01 08:02:37.706  3855  3923 V WindowManagerShell: , mNeedCanvasExitAnim=false, mMergeSecondTaskAnimation=false, mIsLaunchUnityStart=false, mIsLaunchFromAssistantByDefault=false, mSkipRemoteTransitionfalse, mIsStartFromKeyguard=false flags=0x0, mWCT=null, mIsOpenMergeToInValidPredictive=false, mPromoteTaskWhenKeyguard-1, mRootLayerZOrderArray={}}]}
07-01 08:02:37.708  3855  3923 V WindowManagerShell: Playing animation for (#162) android.os.BinderProxy@b31058e@0
07-01 08:02:37.708  3855  3923 D ShellSplitScreen: startAnimation: transition=162 isSplitActive=false
07-01 08:02:37.708  3855  3923 V ShellRecents: RecentsTransitionHandler.startAnimation: no controller found
07-01 08:02:37.710  3855  3923 V WindowManagerShell: start OnePuttTransition animation, info = {id=162 t=CLOSE f=0x10 trk=0 r=[0@Point(0, 0)] c=[{m=TO_FRONT f=SHOW_WALLPAPER|MOVE_TO_TOP leash=Surface(name=Task=1)/@0x7175d45 sb=Rect(0, 0 - 1080, 2400) eb=Rect(0, 0 - 1080, 2400) epz=Point(1080, 2400) d=0 taskParent=-1},{m=TO_BACK f=NONE leash=Surface(name=Task=14847)/@0xbbbec9a sb=Rect(0, 0 - 1080, 2400) eb=Rect(0, 0 - 1080, 2400) epz=Point(1080, 2400) d=0 taskParent=-1},{m=TO_FRONT f=IS_WALLPAPER leash=Surface(name=WallpaperWindowToken{ce3237b showWhenLocked=false})/@0xa36d9cb sb=Rect(0, 0 - 1080, 2400) eb=Rect(0, 0 - 1080, 2400) epz=Point(1080, 2400) d=0}] 
07-01 08:02:37.710  3855  3923 V WindowManagerShell: extendInfo=[
07-01 08:02:37.710  3855  3923 V WindowManagerShell:  OplusTransitionExtendedInfo{mTmpFinishT=null, mInOplusCompatMode=false, mIsProcessRunning=false, mHasMismatchBoundsTarget=false, mRecentsController=null, mRemoteTransition=null, mIsTranslucentActivityToHome=false, mAvoidInterceptKeyEventToHome=false, mIsFromHome=false, mParentLeash=null, mBackAnimClosingLeash=null, mIsOplusAnimRes=false, mKeepBgForContinuous=false, mIsBalAllow=false, mTaskNotInRecent=false, mIsPredictiveBackAnim=false, mIsMergedWithPredictive=false, mIsLaunchFromSpruce=false, mIsLaunchFromDrive=false, mGlobalSearchPageSwitch=false, mNeedNoAlphaGlobalSearchScene=false, mAssistScreenShowing=false, mSwipeUpBrowserScreenShowing=false, mUserIdTransition=0
07-01 08:02:37.710  3855  3923 V WindowManagerShell: , mInRemoteScene=false, mInPreReady=false, mPreStart=false, mToken=null, mAbortByRemoteFromHome=false, mShellApplyToken=null, mRequestTransitionTaskId=14847, mAbortTransitionOnShell=0, mStartFromShortcut=false, mRemovedTaskId=-1, mTransitionInterruptType=0, mMergeSecondTaskId=-1, mTaskIdStartFromRecents=0, mTransitionId=162, mCanUseSpringSlideAnim=false, mTransitionLaunchFrom=0, mFoldChangeType=-1, mAnimStartingPosition=[0, 0, 0, 0], mIsOpeningStkDialogActivity=false, mSecondaryHomeToFrontWhenUnFolding=false, mIsNeedApplyStartTForEmbedded=false
07-01 08:02:37.710  3855  3923 V WindowManagerShell: , mNeedCanvasExitAnim=false, mMergeSecondTaskAnimation=false, mIsLaunchUnityStart=false, mIsLaunchFromAssistantByDefault=false, mSkipRemoteTransitionfalse, mIsStartFromKeyguard=false flags=0x0, mWCT=null, mIsOpenMergeToInValidPredictive=false, mPromoteTaskWhenKeyguard-1, mRootLayerZOrderArray={}}]}
07-01 08:02:37.712  3855  3923 V WindowManagerShell: Transition doesn't have explicit remote, search filters for match for {id=162 t=CLOSE f=0x10 trk=0 r=[0@Point(0, 0)] c=[{m=TO_FRONT f=SHOW_WALLPAPER|MOVE_TO_TOP leash=Surface(name=Task=1)/@0x7175d45 sb=Rect(0, 0 - 1080, 2400) eb=Rect(0, 0 - 1080, 2400) epz=Point(1080, 2400) d=0 taskParent=-1},{m=TO_BACK f=NONE leash=Surface(name=Task=14847)/@0xbbbec9a sb=Rect(0, 0 - 1080, 2400) eb=Rect(0, 0 - 1080, 2400) epz=Point(1080, 2400) d=0 taskParent=-1},{m=TO_FRONT f=IS_WALLPAPER leash=Surface(name=WallpaperWindowToken{ce3237b showWhenLocked=false})/@0xa36d9cb sb=Rect(0, 0 - 1080, 2400) eb=Rect(0, 0 - 1080, 2400) epz=Point(1080, 2400) d=0}] 
07-01 08:02:37.712  3855  3923 V WindowManagerShell: extendInfo=[
07-01 08:02:37.712  3855  3923 V WindowManagerShell:  OplusTransitionExtendedInfo{mTmpFinishT=null, mInOplusCompatMode=false, mIsProcessRunning=false, mHasMismatchBoundsTarget=false, mRecentsController=null, mRemoteTransition=null, mIsTranslucentActivityToHome=false, mAvoidInterceptKeyEventToHome=false, mIsFromHome=false, mParentLeash=null, mBackAnimClosingLeash=null, mIsOplusAnimRes=false, mKeepBgForContinuous=false, mIsBalAllow=false, mTaskNotInRecent=false, mIsPredictiveBackAnim=false, mIsMergedWithPredictive=false, mIsLaunchFromSpruce=false, mIsLaunchFromDrive=false, mGlobalSearchPageSwitch=false, mNeedNoAlphaGlobalSearchScene=false, mAssistScreenShowing=false, mSwipeUpBrowserScreenShowing=false, mUserIdTransition=0
07-01 08:02:37.712  3855  3923 V WindowManagerShell: , mInRemoteScene=false, mInPreReady=false, mPreStart=false, mToken=null, mAbortByRemoteFromHome=false, mShellApplyToken=null, mRequestTransitionTaskId=14847, mAbortTransitionOnShell=0, mStartFromShortcut=false, mRemovedTaskId=-1, mTransitionInterruptType=0, mMergeSecondTaskId=-1, mTaskIdStartFromRecents=0, mTransitionId=162, mCanUseSpringSlideAnim=false, mTransitionLaunchFrom=0, mFoldChangeType=-1, mAnimStartingPosition=[0, 0, 0, 0], mIsOpeningStkDialogActivity=false, mSecondaryHomeToFrontWhenUnFolding=false, mIsNeedApplyStartTForEmbedded=false
07-01 08:02:37.712  3855  3923 V WindowManagerShell: , mNeedCanvasExitAnim=false, mMergeSecondTaskAnimation=false, mIsLaunchUnityStart=false, mIsLaunchFromAssistantByDefault=false, mSkipRemoteTransitionfalse, mIsStartFromKeyguard=false flags=0x0, mWCT=null, mIsOpenMergeToInValidPredictive=false, mPromoteTaskWhenKeyguard-1, mRootLayerZOrderArray={}}]}
07-01 08:02:37.713  3855  3923 V WindowManagerShell:  Checking filter Pair{{types=[] flags=0x0] notFlags=0x100 checks=[{atype=home independent=true modes=[OPEN,TO_FRONT] flags=NONE mustBeTask=false order=TOP topActivity=ComponentInfo{com.android.launcher/com.android.launcher.Launcher} launchCookie=null windowingMode=undefined},{atype=standard independent=true modes=[CLOSE,TO_BACK] flags=NONE mustBeTask=false order=ANY topActivity=null launchCookie=null windowingMode=undefined}]} RemoteTransition { remoteTransition = android.window.IRemoteTransition$Stub$Proxy@64fb9d5, appThread = android.app.IApplicationThread$Stub$Proxy@a4f35ea, debugName = QuickstepLaunchHome }}
07-01 08:02:37.713  3855  3923 D RemoteTransitionHandler: Found filterPair{{types=[] flags=0x0] notFlags=0x100 checks=[{atype=home independent=true modes=[OPEN,TO_FRONT] flags=NONE mustBeTask=false order=TOP topActivity=ComponentInfo{com.android.launcher/com.android.launcher.Launcher} launchCookie=null windowingMode=undefined},{atype=standard independent=true modes=[CLOSE,TO_BACK] flags=NONE mustBeTask=false order=ANY topActivity=null launchCookie=null windowingMode=undefined}]} RemoteTransition { remoteTransition = android.window.IRemoteTransition$Stub$Proxy@64fb9d5, appThread = android.app.IApplicationThread$Stub$Proxy@a4f35ea, debugName = QuickstepLaunchHome }}
07-01 08:02:37.714  3855  3923 V WindowManagerShell:  Delegate animation for (#162) to RemoteTransition { remoteTransition = android.window.IRemoteTransition$Stub$Proxy@64fb9d5, appThread = android.app.IApplicationThread$Stub$Proxy@a4f35ea, debugName = QuickstepLaunchHome }
07-01 08:02:37.729  2570  4052 D TaskSnapshotCache: putSnapshot mRunningCache top= ActivityRecord{258513354 u0 com.ipdial/com.startapp.sdk.adsbase.consent.ConsentActivity t14847 f} isExiting}, mTaskId=14847, snapshot=TaskSnapshot{ mId=1782871357705 mCaptureTime=23927162877964 mTopActivityComponent=com.ipdial/com.startapp.sdk.adsbase.consent.ConsentActivity mSnapshot=android.hardware.HardwareBuffer@328c57e (756x1680) mColorSpace=sRGB IEC61966-2.1 (id=0, model=RGB) mOrientation=1 mRotation=0 mTaskSize=Point(1080, 2400) mOplusCompatMode=false mTopActivityBounds=[0,0][1080,2400] mHasDimLayer=false mContentInsets=[0,107][0,48] mLetterboxInsets=[0,0][0,0] mIsLowResolution=false mIsRealSnapshot=true mWindowingMode=1 mAppearance=0 mIsTranslucent=true mHasImeSurface=false mInternalReferences=2 mUiMode=11, mAppIdMap size= 5
07-01 08:02:37.757  2570  4052 I TaskOrganizerController: onTaskInfoChanged taskid 1 config { mBounds=Rect(0, 0 - 1080, 2400) mAppBounds=Rect(0, 0 - 1080, 2400) mMaxBounds=Rect(0, 0 - 1080, 2400) mDisplayRotation=ROTATION_0 mWindowingMode=fullscreen mActivityType=home mAlwaysOnTop=undefined mRotation=ROTATION_0}
07-01 08:02:37.758  2570  4052 D OplusVisibleTasks:  notifyTasksNumChange no need to notify.
07-01 08:02:37.759  2570  4052 D OplusFlexibleDragToSplitAnimController: visibleFlexibleTaskInfos delete:1
07-01 08:02:37.759  2570  4052 E FlexibleWindowManagerService: notifyTaskObserverToAttachController not need to notify!
07-01 08:02:37.759  2570  4052 I FlexibleWindowManagerService: onFlexibleWindowTaskInfoChanged, return for cur task not embedded
07-01 08:02:37.765  2570  4650 I BLASTSyncEngine: onCommitted syncId: 162, timeout: false ran: false
07-01 08:02:37.774  2570  4242 V WindowManager: Relayout Window{24487cc u0 com.android.launcher/com.android.launcher.Launcher}: viewVisibility=0, oldvis=0, req=1080x2400 , apr = 0, vsysui=LAYOUT_STABLE LAYOUT_HIDE_NAVIGATION LAYOUT_FULLSCREEN
07-01 08:02:37.784  2570  2890 D SurfaceAnimationRunner: onAnimationEnd:Surface(name=Dim Layer for - Task=14847)/@0x5190ea
07-01 08:02:37.784  2570  7625 W ActivityTaskManager: setRunningRemoteTransition: no process for null
07-01 08:02:37.785  3855  3923 V WindowManagerShell:  animated by com.android.wm.shell.transition.RemoteTransitionHandler@f67bb59
07-01 08:02:37.785  3855  3923 D WindowManagerShell: setLauncherKeepClearAreaHeight: visible=true, height=201
07-01 08:02:37.789  2570  2989 E OplusThermalStats: Error getting package info: com.android.launcher
07-01 08:02:37.791  2570  4387 V WindowManager: Relayout Window{5b99c1f u0 com.google.android.googlequicksearchbox}: viewVisibility=0, oldvis=8, req=1080x2400 , apr = 0, vsysui=LIGHT_STATUS_BAR LIGHT_NAVIGATION_BAR
07-01 08:02:37.798  2570  4387 D WindowManager: relayoutVisibleWindow win:Window{5b99c1f u0 com.google.android.googlequicksearchbox} set mDestroying = false  DestroySavedSurface remove
07-01 08:02:37.799  2570  4387 D QuickBackInputPolicy: hasMultiChildrenInTask: false
07-01 08:02:37.799  2570  4387 D WindowManager: NFW_findFocusedWindowIfNeeded:Window{24487cc u0 com.android.launcher/com.android.launcher.Launcher} mCurrentFocus:Window{24487cc u0 com.android.launcher/com.android.launcher.Launcher}
07-01 08:02:37.809  2570  2938 I UserAwareMgr: handleTopAppChanged: com.google.android.googlequicksearchbox, pid: 9680, uid: 10124
07-01 08:02:37.811  9680  9680 W VRI[googlequicksearchbox]: updateBlastSurfaceIfNeeded, surfaceSize:Point(1080, 2400), lastSurfaceSize:Point(1080, 2400), format:-2, blastBufferQueue:null
07-01 08:02:37.818  2570  3551 D InputMethodManagerService: isSecurity: attribute.packageName = com.android.launcher mCurMethodId = com.codepotro.borno.keyboard/.BornoIME isSecurity = false ( enable = false needShow = false inBlackList = false isExist = true )
07-01 08:02:37.818  9680  9680 I Quality : UISlowBinder:145403021
07-01 08:02:37.835  2570  4387 I WindowManager: Window{5b99c1f u0 com.google.android.googlequicksearchbox} state from DRAW_PENDING to COMMIT_DRAW_PENDING; reason: finishDrawingLocked
07-01 08:02:37.850  2570  2889 I WindowManager: Window{5b99c1f u0 com.google.android.googlequicksearchbox} state from COMMIT_DRAW_PENDING to READY_TO_SHOW; reason: commitFinishDrawingLocked
07-01 08:02:37.850  2570  2889 D CoreBackPreview:  return markWindowHasDrawn mComposed: false  mWaitTransition: false
07-01 08:02:37.851  2570  2889 D ActivityTaskManager: Clearing startingData for activity=ActivityRecord{116431392 u0 com.android.launcher/.Launcher t5} mStartingData=null mStartingSurface=null
07-01 08:02:37.852  2570  2889 I WindowManager: Window{5b99c1f u0 com.google.android.googlequicksearchbox} state from READY_TO_SHOW to HAS_DRAWN; reason: performShowLocked
07-01 08:02:37.855  2570  2889 I WindowStateExtImpl: onSurfaceShowChange show = true mPackageName = com.android.launcher parentPkgName = com.android.launcher
07-01 08:02:37.855  2570  2889 D CoreBackPreview:  return markWindowHasDrawn mComposed: false  mWaitTransition: false
07-01 08:02:37.861  2570  4467 D WindowManager: setFrameRateStart invalid typeId return!
07-01 08:02:37.919  2570  2886 W ActivityManager: setHasOverlayUi called on unknown pid: 16281
07-01 08:02:37.926  2570  2886 D BatteryStatsImplExtImpl: pausedBatteryLevel:36 activityFocusedTimeInMin:0
07-01 08:02:37.930  2570  3668 D BackgroundInstallControlService: Package event received: 0
07-01 08:02:37.932  2570  2886 D BatteryStatsImplExtImpl: pausedBatteryLevel:36 activityFocusedTimeInMin:0
07-01 08:02:37.937  2570  3668 D BackgroundInstallControlService: Package event received: 0
07-01 08:02:37.949  2570  2886 D OplusBatteryManager: getPsyBatteryRm: 1595
07-01 08:02:37.949  2570  2886 D BatteryStatsImplExtImpl: resumedUid:10191 resumedBatteryLevel:36  resumedPackage:com.android.launcher  resumedBatteryRealtimeCapacity:1595
07-01 08:02:37.961  2570  2989 D BatteryExternalStatsWorker: begin updateExternalStatsSync reason=remove-uid flag:1
07-01 08:02:37.968  2570  3668 D BackgroundInstallControlService: Package event received: 0
07-01 08:02:37.982  2570  2882 W Looper  : Slow dispatch took 366ms android.fg app=system_server main=false group=SKIP h=com.android.server.DropBoxManagerService$DropBoxManagerBroadcastHandler c=null m=1
07-01 08:02:37.993  2570  2886 D FlexibleTaskController: check task which not have enough child, isInSingleWhiteList:false isCloneTask:false
07-01 08:02:38.010  2570  2967 I ActivityManager: Start proc 16593:com.oplus.crashbox/1000 for service {com.oplus.crashbox/com.oplus.crashbox.ExceptionMonitorService}
07-01 08:02:38.011  2570  2883 I ActivityManager: ProcessObserver broadcast disabled
07-01 08:02:38.012  2570  2882 W Looper  : Slow delivery took 370ms android.fg app=system_server main=false group=SKIP h=android.os.Handler c=com.android.server.location.injector.SystemAppForegroundHelper$$ExternalSyntheticLambda1@e83c6ea m=0
07-01 08:02:38.013  2570  2882 V WindowManager: Sent Transition (#162) createdAt=07-01 08:02:37.549 via request=TransitionRequestInfo { type = CLOSE, triggerTask = TaskInfo{userId=0 taskId=14847 effectiveUid=10806 displayId=0 isRunning=true baseIntent=Intent { flg=0x10000000 cmp=com.ipdial/.MainActivity mCallingUid=2000 } baseActivity=ComponentInfo{com.ipdial/com.ipdial.MainActivity} topActivity=ComponentInfo{com.ipdial/com.startapp.sdk.adsbase.consent.ConsentActivity} origActivity=null realActivity=ComponentInfo{com.ipdial/com.ipdial.MainActivity}
07-01 08:02:38.013  2570  2882 V WindowManager:  numActivities=3 lastActiveTime=23925648 supportsSplitScreenMultiWindow=true supportsMultiWindow=true supportsPocketStudioMultiWindow=true isInFlexibleEmbedded = false uid = 10806 pid = 16281 resizeMode=1 isResizeable=true minWidth=-1 minHeight=-1 defaultMinSize=220 token=WCT{RemoteToken{cdef0b9 Task{d2538f2 #14847 type=standard A=10806:com.ipdial}}} topActivityType=1 pictureInPictureParams=null shouldDockBigOverlays=false launchIntoPipHostTaskId=-1 lastParentTaskIdBeforePip=-1 displayCutoutSafeInsets=Rect(0, 0 - 0, 0)
07-01 08:02:38.013  2570  2882 V WindowManager:  topActivityInfo=ActivityInfo{9c714a8 com.startapp.sdk.adsbase.consent.ConsentActivity} launchCookies=[] positionInParent=Point(0, 0) parentTaskId=-1 isFocused=true isVisible=true isVisibleRequested=true isTopActivityNoDisplay=false isSleeping=false locusId=null displayAreaFeatureId=1 isTopActivityTransparent=true isActivityStackTransparent=false lastNonFullscreenBounds=Rect(281, 689 - 800, 1769) capturedLink=null capturedLinkTimestamp=0 requestedVisibleTypes=-9 topActivityRequestOpenInBrowserEducationTimestamp=0
07-01 08:02:38.013  2570  2882 V WindowManager:  appCompatTaskInfo=AppCompatTaskInfo { topActivityInSizeCompat=false topActivityInOplusCompatMode=false eligibleForLetterboxEducation= false isLetterboxEducationEnabled= false isLetterboxDoubleTapEnabled= false eligibleForUserAspectRatioButton= false topActivityBoundsLetterboxed= false isFromLetterboxDoubleTap= false topActivityLetterboxVerticalPosition= -1 topActivityLetterboxHorizontalPosition= -1 topActivityLetterboxWidth=-1 topActivityLetterboxHeight=-1 topActivityAppBounds=Rect(0, 0 - 1080, 2400) isUserFullscreenOverrideEnabled=false isSystemFullscreenOverrideEnabled=false hasMinAspectRatioOverride=false topActivityLetterboxBounds=null cameraCompatTaskInfo=CameraCompatTaskInfo { freeformCameraCompatMode=inactive}} topActivityMainWindowFrame=null topActivityLetterboxInsets=Rect(0, 0 - 0, 0)
07-01 08:02:38.013  2570  2882 V WindowManager:  mOplusExtraBundle = Bundle[{androidx.flexible.taskFrame=Rect(0, 0 - 0, 0), topOpaqueSystemBarsAppearance=0, androidx.flexible.Alpha=1.0, androidx.activity.task.attach.blur=0, androidx.activity.LaunchInsensible=0, androidx.activity.LaunchCornerRadius=0, key_flexible_task_state=0, topActivitySupportAppInnerSplit=false, key_flexible_task_animating_type=-1, key_flexible_task_root_activity_processname=com.ipdial, androidx.activity.LaunchScenario=0, is_oplus_clone_task=false, flexible_super_mini_state=false, topRunningActivityHash=258513354, androidx.activity.LaunchScale=1.0, androidx.activity.LaunchShadowRadius=0, is_transient_hide_for_task_info=false, key_flexible_task_root_activity_pid=16281, key_flexible_task_root_activity_uid=10806}]}, pipChange = null, remoteTransition = null, displayChange = null, flags = 16, debugId = 162 }
07-01 08:02:38.013  2570  2882 V WindowManager:     startWCT=WindowContainerTransaction { changes= {} hops= [] errorCallbackToken=null taskFragmentOrganizer=null }
07-01 08:02:38.013  2570  2882 V WindowManager:     info={id=162 t=CLOSE f=0x10 trk=0 r=[0@Point(0, 0)] c=[
07-01 08:02:38.013  2570  2882 V WindowManager:         {WCT{RemoteToken{de0c78e Task{96667d7 #1 type=home}}} m=TO_FRONT f=SHOW_WALLPAPER|MOVE_TO_TOP leash=Surface(name=Task=1)/@0x1825942 sb=Rect(0, 0 - 1080, 2400) eb=Rect(0, 0 - 1080, 2400) epz=Point(1080, 2400) d=0 taskParent=-1},
07-01 08:02:38.013  2570  2882 V WindowManager:         {WCT{RemoteToken{cdef0b9 Task{d2538f2 #14847 type=standard A=10806:com.ipdial}}} m=TO_BACK f=NONE leash=Surface(name=Task=14847)/@0x4bd8fe5 sb=Rect(0, 0 - 1080, 2400) eb=Rect(0, 0 - 1080, 2400) epz=Point(1080, 2400) d=0 taskParent=-1},
07-01 08:02:38.013  2570  2882 V WindowManager:         {m=TO_FRONT f=IS_WALLPAPER leash=Surface(name=WallpaperWindowToken{ce3237b showWhenLocked=false})/@0x6be4d53 sb=Rect(0, 0 - 1080, 2400) eb=Rect(0, 0 - 1080, 2400) epz=Point(1080, 2400) d=0}
07-01 08:02:38.013  2570  2882 V WindowManager:     ] 
07-01 08:02:38.013  2570  2882 V WindowManager: extendInfo=[
07-01 08:02:38.013  2570  2882 V WindowManager:  OplusTransitionExtendedInfo{mTmpFinishT=null, mInOplusCompatMode=false, mIsProcessRunning=false, mHasMismatchBoundsTarget=false, mRecentsController=null, mRemoteTransition=null, mIsTranslucentActivityToHome=false, mAvoidInterceptKeyEventToHome=false, mIsFromHome=false, mParentLeash=null, mBackAnimClosingLeash=null, mIsOplusAnimRes=false, mKeepBgForContinuous=false, mIsBalAllow=false, mTaskNotInRecent=false, mIsPredictiveBackAnim=false, mIsMergedWithPredictive=false, mIsLaunchFromSpruce=false, mIsLaunchFromDrive=false, mGlobalSearchPageSwitch=false, mNeedNoAlphaGlobalSearchScene=false, mAssistScreenShowing=false, mSwipeUpBrowserScreenShowing=false, mUserIdTransition=0
07-01 08:02:38.013  2570  2882 V WindowManager: , mInRemoteScene=false, mInPreReady=false, mPreStart=false, mToken=null, mAbortByRemoteFromHome=false, mShellApplyToken=null, mRequestTransitionTaskId=14847, mAbortTransitionOnShell=0, mStartFromShortcut=false, mRemovedTaskId=-1, mTransitionInterruptType=0, mMergeSecondTaskId=-1, mTaskIdStartFromRecents=0, mTransitionId=162, mCanUseSpringSlideAnim=false, mTransitionLaunchFrom=0, mFoldChangeType=-1, mAnimStartingPosition=[0, 0, 0, 0], mIsOpeningStkDialogActivity=false, mSecondaryHomeToFrontWhenUnFolding=false, mIsNeedApplyStartTForEmbedded=false
07-01 08:02:38.013  2570  2882 V WindowManager: , mNeedCanvasExitAnim=false, mMergeSecondTaskAnimation=false, mIsLaunchUnityStart=false, mIsLaunchFromAssistantByDefault=false, mSkipRemoteTransitionfalse, mIsStartFromKeyguard=false flags=0x0, mWCT=null, mIsOpenMergeToInValidPredictive=false, mPromoteTaskWhenKeyguard-1, mRootLayerZOrderArray={}}]}
07-01 08:02:38.013  2570  3352 I MemoryOperationUtils: add 16593 to inactive
07-01 08:02:38.014  2570  2882 W Looper  : Drained
07-01 08:02:38.018  2570  2938 I UserAwareMgr: handleAppChangedToBg, pkgName: com.google.android.permissioncontroller, pid: 15335
07-01 08:02:38.056  2570  2886 W ActivityTaskManager: Activity top resumed state loss timeout for ActivityRecord{258513354 u0 com.ipdial/com.startapp.sdk.adsbase.consent.ConsentActivity t14847 f} isExiting}
07-01 08:02:38.056  2570  2886 I OplusJoystickManager: handleApplicationSwitch deprecated!
07-01 08:02:38.056  2570  2886 I GameManagerServiceExt-GameManagerServiceExt: on FG change: com.ipdial|com.android.launcher
07-01 08:02:38.056  2570  4565 D OplusEapManager: mTargetExitName :com.ipdial
07-01 08:02:38.057  2570  3060 D OplusAppSwitchListener: App Activity Change
07-01 08:02:38.057  2570  3060 D OplusAppSwitchListener: Detect com.ipdial switch to background
07-01 08:02:38.057  2570  3060 D OplusFeatureReduceBrightness: onAppExit , info = com.ipdial
07-01 08:02:38.057  2570  3060 D OplusAppSwitchListener: Detect com.android.launcher switch to foreground
07-01 08:02:38.058  2570  3060 W OplusFeatureGlobalLimitBrightness: switch to display normal mode 
07-01 08:02:38.059  4086  4086 D ResourcesManagerExtImpl: applyConfigurationToAppResourcesLocked app.getDisplayId() return callback.displayId:0
07-01 08:02:38.059  2570  3064 D VRR [OPlusRefreshRateService]: handleFrontAppChange pkgName: null
07-01 08:02:38.062  2570  3043 D OplusBiometricsDisplayHelper: isFold: false, isUnblockByFp: null
07-01 08:02:38.098  2570  4565 D OplusAppSwitchRuleInfo: generateAppEnterInfo - launch_source_type =  , launch_source_traceid = 
07-01 08:02:38.098  2570  4565 D OplusEapManager: mTargetEnterName :com.android.launcher
07-01 08:02:38.098  2570  3064 D VRR [OPlusRefreshRateService]: handleFrontAppChange pkgName: com.android.launcher
07-01 08:02:38.098  2570  4565 D OplusAppSwitchRuleInfo: generateAppEnterInfo - launch_source_type =  , launch_source_traceid = 
07-01 08:02:38.105  2570  4565 D OplusAppSwitchRuleInfo: generateAppEnterInfo - launch_source_type =  , launch_source_traceid = 
07-01 08:02:38.105  2570  4565 D OplusAppSwitchRuleInfo: generateAppEnterInfo - launch_source_type =  , launch_source_traceid = 
07-01 08:02:38.106  2570  4565 D OplusAppSwitchRuleInfo: generateAppEnterInfo - launch_source_type =  , launch_source_traceid = 
07-01 08:02:38.106  2570  4565 D OplusAppSwitchRuleInfo: generateAppEnterInfo - launch_source_type =  , launch_source_traceid = 
07-01 08:02:38.106  2570  4565 D OplusAppSwitchRuleInfo: generateAppEnterInfo - launch_source_type =  , launch_source_traceid = 
07-01 08:02:38.107  2570  4565 D OplusAppSwitchRuleInfo: generateActivityEnterInfo - launch_source_type =  , launch_source_traceid = 
07-01 08:02:38.107  2570  4565 D OplusAppSwitchRuleInfo: generateActivityEnterInfo - launch_source_type =  , launch_source_traceid = 
07-01 08:02:38.109  2570  4565 D OplusAppSwitchRuleInfo: generateActivityEnterInfo - launch_source_type =  , launch_source_traceid = 
07-01 08:02:38.110  2570  4565 D OplusAppSwitchRuleInfo: generateActivityEnterInfo - launch_source_type =  , launch_source_traceid = 
07-01 08:02:38.124  2570  7686 I AppWidgetServiceImpl: lookupWidgetLocked widgetId=12, uid=10162, packageName=com.oneplus.deskclock, mWidgets.size=1
07-01 08:02:38.124  2570  7686 I AppWidgetServiceImpl: isDifferentPackageFromProvider provider.id=ProviderId{user:0, app:10162, cmp:ComponentInfo{com.oneplus.deskclock/com.coloros.widget.smallweather.OppoWeatherSingle}}, provider.id.componentName=ComponentInfo{com.oneplus.deskclock/com.coloros.widget.smallweather.OppoWeatherSingle}, packageName=com.oneplus.deskclock, providerpackgename=com.oneplus.deskclock
07-01 08:02:38.157  2570  4387 D CompatChangeReporter: Compat change id reported: 151861875; UID 1000; state: ENABLED
07-01 08:02:38.158  2570  4387 D ActivityTaskManagerServiceExtImpl: preBindApplication record is null
07-01 08:02:38.160 14975 15021 I AppWidgetManager: updateAppWidgetIds, mPackageName: com.oneplus.deskclock, appWidgetIds: [12], views:android.widget.RemoteViews@4e683bb
07-01 08:02:38.165  2570  3891 D AppWidgetServiceImpl: updateAppWidgetIds remoteViews = android.widget.RemoteViews@e8a6c6d
07-01 08:02:38.165  2570  3891 D AppWidgetServiceImpl: action size = 36
07-01 08:02:38.165  2570  3891 I AppWidgetServiceImpl: lookupWidgetLocked widgetId=12, uid=10162, packageName=com.oneplus.deskclock, mWidgets.size=1
07-01 08:02:38.165  2570  3891 I AppWidgetServiceImpl: isDifferentPackageFromProvider provider.id=ProviderId{user:0, app:10162, cmp:ComponentInfo{com.oneplus.deskclock/com.coloros.widget.smallweather.OppoWeatherSingle}}, provider.id.componentName=ComponentInfo{com.oneplus.deskclock/com.coloros.widget.smallweather.OppoWeatherSingle}, packageName=com.oneplus.deskclock, providerpackgename=com.oneplus.deskclock
07-01 08:02:38.166  2570  3891 I AppWidgetServiceImpl: updateViews: 122130594 widget:AppWidgetId{12:Host{HostId{user:0, app:10191, hostId:1024, pkg:com.android.launcher}}:Provider{ProviderId{user:0, app:10162, cmp:ComponentInfo{com.oneplus.deskclock/com.coloros.widget.smallweather.OppoWeatherSingle}}}}
07-01 08:02:38.168  2570  3637 I AppWidgetServiceImpl: handleNotifyUpdateAppWidget,appWidgetId: 12,packageName:com.oneplus.deskclock
07-01 08:02:38.168  2570  3637 D AppWidgetServiceImpl: Trying to notify widget update for package com.oneplus.deskclock with widget id: 12 callbacks:com.android.internal.appwidget.IAppWidgetHost$Stub$Proxy@7bbdcf0
07-01 08:02:38.172  4086  4086 D AppWidgetHostView: inflateAsync(rvToApply), appWidgetId: 12
07-01 08:02:38.172  2570  2967 I ActivityManager: Start proc 16609:com.coloros.weather.service/u0a174 for service {com.coloros.weather.service/com.oplus.weather.external.WeatherCommonService}
07-01 08:02:38.174  2570  2883 I ActivityManager: ProcessObserver broadcast disabled
07-01 08:02:38.175  2570  3352 I MemoryOperationUtils: add 16609 to inactive
07-01 08:02:38.202 16593 16593 V Configuration: Updating configuration, locales updated from [] to [en_BD]
07-01 08:02:38.206  2570  2989 D BatteryStatsImpl: Reading cpu stats took 245ms
07-01 08:02:38.218  2570  2989 D BatteryExternalStatsWorker: end updateExternalStatsSync
07-01 08:02:38.227  3855  3923 V WindowManagerShell: Transition animation finished (aborted=false), notifying core (#162) android.os.BinderProxy@b31058e@0
07-01 08:02:38.227  3855  3923 D SplitScreen-->AppLockManager: setStartFromSafeControl mStartFromSafeControl=false
07-01 08:02:38.232  2570  3891 D ActivityTaskManagerServiceExtImpl: preBindApplication record is null
07-01 08:02:38.234  2570  7686 D Transition: finishTransaction-onCommitted syncId=162
07-01 08:02:38.234  2570  4687 D Transition: finishTransition ar ActivityRecord{116431392 u0 com.android.launcher/.Launcher t5}, isVisibleRequested=true, state=RESUMED, visibleAtTransitionEndTokens={ActivityRecord{116431392 u0 com.android.launcher/.Launcher t5}, WallpaperWindowToken{ce3237b showWhenLocked=false}}, this=TransitionRecord{26c2fc id=162 track=0 type=CLOSE flags=0x10 state=2 c=[
07-01 08:02:38.234  2570  4687 D Transition:    ChangeInfo{ad1fd85 container=Display{#0 state=ON size=1080x2400 ROTATION_0} flags=0x0}
07-01 08:02:38.234  2570  4687 D Transition:    ChangeInfo{85a7da container=DefaultTaskDisplayArea@74644813 flags=0x0}
07-01 08:02:38.234  2570  4687 D Transition:    ChangeInfo{ea9140b container=ActivityRecord{116431392 u0 com.android.launcher/.Launcher t5} flags=0x0}
07-01 08:02:38.234  2570  4687 D Transition:    ChangeInfo{1388593 container=Task{96667d7 #1 type=home} flags=0x30}
07-01 08:02:38.234  2570  4687 D Transition:    ChangeInfo{16b4dc9 container=WallpaperWindowToken{ce3237b showWhenLocked=false} flags=0x0}
07-01 08:02:38.234  2570  4687 D Transition:    ChangeInfo{d9b12e8 container=Task{ceecb50 #5 type=home I=com.android.launcher/.Launcher} flags=0x30}
07-01 08:02:38.234  2570  4687 D Transition:    ChangeInfo{75d9d0 container=Task{d2538f2 #14847 type=standard A=10806:com.ipdial} flags=0x10}
07-01 08:02:38.234  2570  4687 D Transition:    ChangeInfo{239ed01 container=ActivityRecord{238460097 u0 com.ipdial/.MainActivity t14847 f} isExiting} flags=0x0}
07-01 08:02:38.234  2570  4687 D Transition:    ChangeInfo{8a667a6 container=ActivityRecord{258513354 u0 com.ipdial/com.startapp.sdk.adsbase.consent.ConsentActivity t14847 f} isExiting} flags=0x0}
07-01 08:02:38.234  2570  4687 D Transition:    ChangeInfo{2d2e5e7 container=ActivityRecord{267923834 u0 com.google.android.permissioncontroller/com.android.permissioncontroller.permission.ui.GrantPermissionsActivity t14847 f}} flags=0x0}
07-01 08:02:38.234  2570  4687 D Transition: ]
07-01 08:02:38.234  2570  4687 D Transition: }
07-01 08:02:38.234  2570  4687 D Transition: finishTransition ar ActivityRecord{238460097 u0 com.ipdial/.MainActivity t14847 f} isExiting}, isVisibleRequested=false, state=DESTROYED, visibleAtTransitionEndTokens={ActivityRecord{116431392 u0 com.android.launcher/.Launcher t5}, WallpaperWindowToken{ce3237b showWhenLocked=false}}, this=TransitionRecord{26c2fc id=162 track=0 type=CLOSE flags=0x10 state=2 c=[
07-01 08:02:38.234  2570  4687 D Transition:    ChangeInfo{ad1fd85 container=Display{#0 state=ON size=1080x2400 ROTATION_0} flags=0x0}
07-01 08:02:38.234  2570  4687 D Transition:    ChangeInfo{85a7da container=DefaultTaskDisplayArea@74644813 flags=0x0}
07-01 08:02:38.234  2570  4687 D Transition:    ChangeInfo{ea9140b container=ActivityRecord{116431392 u0 com.android.launcher/.Launcher t5} flags=0x0}
07-01 08:02:38.234  2570  4687 D Transition:    ChangeInfo{1388593 container=Task{96667d7 #1 type=home} flags=0x30}
07-01 08:02:38.234  2570  4687 D Transition:    ChangeInfo{16b4dc9 container=WallpaperWindowToken{ce3237b showWhenLocked=false} flags=0x0}
07-01 08:02:38.234  2570  4687 D Transition:    ChangeInfo{d9b12e8 container=Task{ceecb50 #5 type=home I=com.android.launcher/.Launcher} flags=0x30}
07-01 08:02:38.234  2570  4687 D Transition:    ChangeInfo{75d9d0 container=Task{d2538f2 #14847 type=standard A=10806:com.ipdial} flags=0x10}
07-01 08:02:38.234  2570  4687 D Transition:    ChangeInfo{239ed01 container=ActivityRecord{238460097 u0 com.ipdial/.MainActivity t14847 f} isExiting} flags=0x0}
07-01 08:02:38.234  2570  4687 D Transition:    ChangeInfo{8a667a6 container=ActivityRecord{258513354 u0 com.ipdial/com.startapp.sdk.adsbase.consent.ConsentActivity t14847 f} isExiting} flags=0x0}
07-01 08:02:38.234  2570  4687 D Transition:    ChangeInfo{2d2e5e7 container=ActivityRecord{267923834 u0 com.google.android.permissioncontroller/com.android.permissioncontroller.permission.ui.GrantPermissionsActivity t14847 f}} flags=0x0}
07-01 08:02:38.234  2570  4687 D Transition: ]
07-01 08:02:38.234  2570  4687 D Transition: }
07-01 08:02:38.235  2570  4687 D ActivityTaskManager: commitVisibility: ActivityRecord{238460097 u0 com.ipdial/.MainActivity t14847 f} isExiting}: visible=false visibleRequested=false, isInTransition=false 
07-01 08:02:38.235  2570  4687 D WindowManager: NFW_setClientVisible:ActivityRecord{238460097 u0 com.ipdial/.MainActivity t14847 f} isExiting} clientVisible:false
07-01 08:02:38.236  2570  4687 W ActivityManager: pid 2570 system sent binder code 7 with flags 1 to frozen apps and got error -32
07-01 08:02:38.238  2570  4687 W WindowManager: Exception thrown during dispatchAppVisibility Window{50d3ee7 u0 com.ipdial/com.ipdial.MainActivity EXITING}
07-01 08:02:38.238  2570  4687 W WindowManager: android.os.DeadObjectException
07-01 08:02:38.238  2570  4687 W WindowManager: 	at android.os.BinderProxy.transactNative(Native Method)
07-01 08:02:38.238  2570  4687 W WindowManager: 	at android.os.BinderProxy.transact(BinderProxy.java:685)
07-01 08:02:38.238  2570  4687 W WindowManager: 	at android.view.IWindow$Stub$Proxy.dispatchAppVisibility(IWindow.java:609)
07-01 08:02:38.238  2570  4687 W WindowManager: 	at com.android.server.wm.WindowState.sendAppVisibilityToClients(WindowState.java:3670)
07-01 08:02:38.238  2570  4687 W WindowManager: 	at com.android.server.wm.WindowContainer.sendAppVisibilityToClients(WindowContainer.java:1499)
07-01 08:02:38.238  2570  4687 W WindowManager: 	at com.android.server.wm.WindowToken.setClientVisible(WindowToken.java:427)
07-01 08:02:38.238  2570  4687 W WindowManager: 	at com.android.server.wm.ActivityRecord.setClientVisible(ActivityRecord.java:8317)
07-01 08:02:38.238  2570  4687 W WindowManager: 	at com.android.server.wm.ActivityRecord.commitVisibility(ActivityRecord.java:6830)
07-01 08:02:38.238  2570  4687 W WindowManager: 	at com.android.server.wm.Transition.finishTransition(Transition.java:1706)
07-01 08:02:38.238  2570  4687 W WindowManager: 	at com.android.server.wm.TransitionController.finishTransition(TransitionController.java:1180)
07-01 08:02:38.238  2570  4687 W WindowManager: 	at com.android.server.wm.WindowOrganizerController.finishTransition(WindowOrganizerController.java:597)
07-01 08:02:38.238  2570  4687 W WindowManager: 	at android.window.IWindowOrganizerController$Stub.onTransact(IWindowOrganizerController.java:376)
07-01 08:02:38.238  2570  4687 W WindowManager: 	at com.android.server.wm.WindowOrganizerController.onTransact(WindowOrganizerController.java:240)
07-01 08:02:38.238  2570  4687 W WindowManager: 	at android.os.Binder.execTransactInternal(Binder.java:1439)
07-01 08:02:38.238  2570  4687 W WindowManager: 	at android.os.Binder.execTransact(Binder.java:1378)
07-01 08:02:38.238  2570  4687 I WindowManager: Window{50d3ee7 u0 com.ipdial/com.ipdial.MainActivity EXITING} state from HAS_DRAWN to DRAW_PENDING; reason: resetDrawState
07-01 08:02:38.238  2570  4687 D Transition: finishTransition ar ActivityRecord{258513354 u0 com.ipdial/com.startapp.sdk.adsbase.consent.ConsentActivity t14847 f} isExiting}, isVisibleRequested=false, state=DESTROYED, visibleAtTransitionEndTokens={ActivityRecord{116431392 u0 com.android.launcher/.Launcher t5}, WallpaperWindowToken{ce3237b showWhenLocked=false}}, this=TransitionRecord{26c2fc id=162 track=0 type=CLOSE flags=0x10 state=2 c=[
07-01 08:02:38.238  2570  4687 D Transition:    ChangeInfo{ad1fd85 container=Display{#0 state=ON size=1080x2400 ROTATION_0} flags=0x0}
