07-01 08:05:10.859  2570  3349 D OplusTransitionController: , mNeedCanvasExitAnim=false, mMergeSecondTaskAnimation=false, mIsLaunchUnityStart=false, mIsLaunchFromAssistantByDefault=false, mSkipRemoteTransitionfalse, mIsStartFromKeyguard=false flags=0x0, mWCT=null, mIsOpenMergeToInValidPredictive=false, mPromoteTaskWhenKeyguard-1, mRootLayerZOrderArray={}}]}, targets : [ChangeInfo{22576ee container=Task{9c88fbb #14854 type=standard A=10806:com.ipdial} flags=0x10}, ChangeInfo{cd3779e container=Task{96667d7 #1 type=home} flags=0x10}], participants: {ActivityRecord{116431392 u0 com.android.launcher/.Launcher t5}, ActivityRecord{163530165 u0 com.ipdial/.MainActivityDefault t14854}, Task{9c88fbb #14854 type=standard A=10806:com.ipdial}, WallpaperWindowToken{ce3237b showWhenLocked=false}, WallpaperWindowToken{f9b8d00 showWhenLocked=true}}
07-01 08:05:10.859  3855  3923 V WindowManagerShell: Transition (#180): request handled by DefaultMixedHandler
07-01 08:05:10.859  2570  4387 W WindowOrganizerController: skip start transition id: 180
07-01 08:05:10.860  3855  3923 D WindowManagerShell: setLauncherKeepClearAreaHeight: visible=false, height=201
07-01 08:05:10.861  2570  3349 D osense.compress: notifyActivityLaunched pkgName = com.ipdial, userId = 0
07-01 08:05:10.861  2570  3349 I ActivityTaskManager: START u0 {act=android.intent.action.MAIN cat=[android.intent.category.LAUNCHER] flg=0x10200000 xflg=0x4 cmp=com.ipdial/.MainActivityDefault bnds=[642,1308][846,1587] (has extras) mCallingUid=10191} with LAUNCH_SINGLE_TOP from uid 10191 (sr=116431392) (BAL_ALLOW_VISIBLE_WINDOW (callingUid has visible non-pinned window)) result code=0
07-01 08:05:10.862  2570  2938 I UserAwareMgr: event is already released: SceneEvent{id=5007, maxWorkDurationMs=200, caller='[android]', eventFlags=256, fbPriority=1, keyThreads=[KeyThread{name=binder, owner=android, schedPolicy=ux, priority=HEAVY, maxThreadCount=16}], vipBinderGroup=null}, callingPid: 2570, appPid: 0
07-01 08:05:10.862  3855 29816 V WindowManagerShell: onTransitionReady(transaction=11038065961560)
07-01 08:05:10.863  2570  2882 V WindowManager: Sent Transition (#180) createdAt=07-01 08:05:10.823 via request=TransitionRequestInfo { type = OPEN, triggerTask = TaskInfo{userId=0 taskId=14854 effectiveUid=10806 displayId=0 isRunning=true baseIntent=Intent { act=android.intent.action.MAIN cat=[android.intent.category.LAUNCHER] flg=0x10200000 cmp=com.ipdial/.MainActivityDefault mCallingUid=10191 } baseActivity=ComponentInfo{com.ipdial/com.ipdial.MainActivity} topActivity=ComponentInfo{com.ipdial/com.ipdial.MainActivity} origActivity=ComponentInfo{com.ipdial/com.ipdial.MainActivityDefault} realActivity=ComponentInfo{com.ipdial/com.ipdial.MainActivity}
07-01 08:05:10.863  2570  2882 V WindowManager:  numActivities=1 lastActiveTime=24080284 supportsSplitScreenMultiWindow=true supportsMultiWindow=true supportsPocketStudioMultiWindow=true isInFlexibleEmbedded = false uid = 10806 pid = 0 resizeMode=1 isResizeable=true minWidth=-1 minHeight=-1 defaultMinSize=220 token=WCT{RemoteToken{e44578f Task{9c88fbb #14854 type=standard A=10806:com.ipdial}}} topActivityType=1 pictureInPictureParams=null shouldDockBigOverlays=false launchIntoPipHostTaskId=-1 lastParentTaskIdBeforePip=-1 displayCutoutSafeInsets=Rect(0, 107 - 0, 0)
07-01 08:05:10.863  2570  2882 V WindowManager:  topActivityInfo=ActivityInfo{c660277 com.ipdial.MainActivityDefault} launchCookies=[android.os.BinderProxy@b397ee4] positionInParent=Point(0, 0) parentTaskId=-1 isFocused=false isVisible=false isVisibleRequested=true isTopActivityNoDisplay=false isSleeping=false locusId=null displayAreaFeatureId=1 isTopActivityTransparent=false isActivityStackTransparent=false lastNonFullscreenBounds=Rect(281, 689 - 800, 1769) capturedLink=null capturedLinkTimestamp=0 requestedVisibleTypes=-9 topActivityRequestOpenInBrowserEducationTimestamp=0
07-01 08:05:10.863  2570  2882 V WindowManager:  appCompatTaskInfo=AppCompatTaskInfo { topActivityInSizeCompat=false topActivityInOplusCompatMode=false eligibleForLetterboxEducation= false isLetterboxEducationEnabled= false isLetterboxDoubleTapEnabled= false eligibleForUserAspectRatioButton= false topActivityBoundsLetterboxed= false isFromLetterboxDoubleTap= false topActivityLetterboxVerticalPosition= -1 topActivityLetterboxHorizontalPosition= -1 topActivityLetterboxWidth=-1 topActivityLetterboxHeight=-1 topActivityAppBounds=Rect(0, 0 - 1080, 2400) isUserFullscreenOverrideEnabled=false isSystemFullscreenOverrideEnabled=false hasMinAspectRatioOverride=false topActivityLetterboxBounds=null cameraCompatTaskInfo=CameraCompatTaskInfo { freeformCameraCompatMode=inactive}} topActivityMainWindowFrame=null topActivityLetterboxInsets=Rect(0, 0 - 0, 0)
07-01 08:05:10.863  2570  2882 V WindowManager:  mOplusExtraBundle = Bundle[{androidx.flexible.taskFrame=Rect(0, 0 - 0, 0), androidx.flexible.Alpha=1.0, androidx.activity.task.attach.blur=0, androidx.activity.LaunchInsensible=0, androidx.activity.LaunchCornerRadius=0, key_flexible_task_state=0, topActivitySupportAppInnerSplit=false, key_flexible_task_animating_type=-1, key_flexible_task_root_activity_processname=com.ipdial, androidx.activity.LaunchScenario=0, is_oplus_clone_task=false, flexible_super_mini_state=false, topRunningActivityHash=163530165, androidx.activity.LaunchScale=1.0, androidx.activity.LaunchShadowRadius=0, is_transient_hide_for_task_info=false, key_flexible_task_root_activity_pid=0, key_flexible_task_root_activity_uid=10806}]}, pipChange = null, remoteTransition = RemoteTransition { remoteTransition = android.window.IRemoteTransition$Stub$Proxy@47caf4d, appThread = null, debugName = QuickstepLaunch }, displayChange = null, flags = 0, debugId = 180 }
07-01 08:05:10.863  2570  2882 V WindowManager:     startWCT=null
07-01 08:05:10.863  2570  4387 D QuickBackInputPolicy: setInterceptInputKeyStatus, enable=true, enableFlag=1, inputCallback=android.window.IRemoteTransitionInputCallback$Stub$Proxy@90e4a02
07-01 08:05:10.863  2570  2882 V WindowManager:     info={id=180 t=OPEN f=0x0 trk=0 r=[0@Point(0, 0)] c=[
07-01 08:05:10.863  2570  2882 V WindowManager:         {WCT{RemoteToken{e44578f Task{9c88fbb #14854 type=standard A=10806:com.ipdial}}} m=OPEN f=NONE leash=Surface(name=Task=14854)/@0x87c6e84 sb=Rect(0, 0 - 1080, 2400) eb=Rect(0, 0 - 1080, 2400) epz=Point(1080, 2400) d=0 taskParent=-1},
07-01 08:05:10.863  2570  2882 V WindowManager:         {WCT{RemoteToken{de0c78e Task{96667d7 #1 type=home}}} m=TO_BACK f=SHOW_WALLPAPER leash=Surface(name=Task=1)/@0x1825942 sb=Rect(0, 0 - 1080, 2400) eb=Rect(0, 0 - 1080, 2400) epz=Point(1080, 2400) d=0 taskParent=-1}
07-01 08:05:10.863  2570  2882 V WindowManager:     ] 
07-01 08:05:10.863  2570  2882 V WindowManager: extendInfo=[
07-01 08:05:10.863  2570  2882 V WindowManager:  OplusTransitionExtendedInfo{mTmpFinishT=null, mInOplusCompatMode=false, mIsProcessRunning=false, mHasMismatchBoundsTarget=false, mRecentsController=null, mRemoteTransition=null, mIsTranslucentActivityToHome=false, mAvoidInterceptKeyEventToHome=false, mIsFromHome=true, mParentLeash=null, mBackAnimClosingLeash=null, mIsOplusAnimRes=false, mKeepBgForContinuous=false, mIsBalAllow=false, mTaskNotInRecent=false, mIsPredictiveBackAnim=false, mIsMergedWithPredictive=false, mIsLaunchFromSpruce=false, mIsLaunchFromDrive=false, mGlobalSearchPageSwitch=false, mNeedNoAlphaGlobalSearchScene=false, mAssistScreenShowing=false, mSwipeUpBrowserScreenShowing=false, mUserIdTransition=0
07-01 08:05:10.863  2570  2882 V WindowManager: , mInRemoteScene=false, mInPreReady=true, mPreStart=false, mToken=Token{d610a1c TransitionRecord{e8d2a2 id=180 track=0 type=OPEN flags=0x0 state=2 c=[
07-01 08:05:10.863  2570  2882 V WindowManager:    ChangeInfo{e9b3b33 container=Display{#0 state=ON size=1080x2400 ROTATION_0} flags=0x0}
07-01 08:05:10.863  2570  2882 V WindowManager:    ChangeInfo{93eef0 container=DefaultTaskDisplayArea@74644813 flags=0x0}
07-01 08:05:10.863  2570  2882 V WindowManager:    ChangeInfo{a89324c container=ActivityRecord{116431392 u0 com.android.launcher/.Launcher t5} flags=0x0}
07-01 08:05:10.863  2570  2882 V WindowManager:    ChangeInfo{cd3779e container=Task{96667d7 #1 type=home} flags=0x10}
07-01 08:05:10.863  2570  2882 V WindowManager:    ChangeInfo{f6a0c69 container=ActivityRecord{163530165 u0 com.ipdial/.MainActivityDefault t14854} flags=0x0}
07-01 08:05:10.863  2570  2882 V WindowManager:    ChangeInfo{22576ee container=Task{9c88fbb #14854 type=standard A=10806:com.ipdial} flags=0x10}
07-01 08:05:10.863  2570  2882 V WindowManager:    ChangeInfo{c85c295 container=WallpaperWindowToken{ce3237b showWhenLocked=false} flags=0x0}
07-01 08:05:10.863  2570  2882 V WindowManager:    ChangeInfo{a7b6faa container=Task{ceecb50 #5 type=home I=com.android.launcher/.Launcher} flags=0x10}
07-01 08:05:10.863  2570  2882 V WindowManager:    ChangeInfo{a10879b container=WallpaperWindowToken{f9b8d00 showWhenLocked=true} flags=0x0}
07-01 08:05:10.863  2570  2882 V WindowManager: ]
07-01 08:05:10.863  2570  2882 V WindowManager: }}, mAbortByRemoteFromHome=false, mShellApplyToken=null, mRequestTransitionTaskId=14854, mAbortTransitionOnShell=0, mStartFromShortcut=false, mRemovedTaskId=-1, mTransitionInterruptType=0, mMergeSecondTaskId=-1, mTaskIdStartFromRecents=0, mTransitionId=180, mCanUseSpringSlideAnim=false, mTransitionLaunchFrom=0, mFoldChangeType=-1, mAnimStartingPosition=[0, 0, 0, 0], mIsOpeningStkDialogActivity=false, mSecondaryHomeToFrontWhenUnFolding=false, mIsNeedApplyStartTForEmbedded=false
07-01 08:05:10.863  2570  2882 V WindowManager: , mNeedCanvasExitAnim=false, mMergeSecondTaskAnimation=false, mIsLaunchUnityStart=false, mIsLaunchFromAssistantByDefault=false, mSkipRemoteTransitionfalse, mIsStartFromKeyguard=false flags=0x0, mWCT=null, mIsOpenMergeToInValidPredictive=false, mPromoteTaskWhenKeyguard-1, mRootLayerZOrderArray={}}]}
07-01 08:05:10.863  3855  3923 V WindowManagerShell: onTransitionReady (#180) android.os.BinderProxy@333339a: {id=180 t=OPEN f=0x0 trk=0 r=[0@Point(0, 0)] c=[
07-01 08:05:10.863  3855  3923 V WindowManagerShell:         {m=OPEN f=NONE leash=Surface(name=Task=14854)/@0x93b32a7 sb=Rect(0, 0 - 1080, 2400) eb=Rect(0, 0 - 1080, 2400) epz=Point(1080, 2400) d=0 taskParent=-1},
07-01 08:05:10.863  3855  3923 V WindowManagerShell:         {m=TO_BACK f=SHOW_WALLPAPER leash=Surface(name=Task=1)/@0xbcda354 sb=Rect(0, 0 - 1080, 2400) eb=Rect(0, 0 - 1080, 2400) epz=Point(1080, 2400) d=0 taskParent=-1}
07-01 08:05:10.863  3855  3923 V WindowManagerShell:     ] 
07-01 08:05:10.863  3855  3923 V WindowManagerShell: extendInfo=[
07-01 08:05:10.863  3855  3923 V WindowManagerShell:  OplusTransitionExtendedInfo{mTmpFinishT=null, mInOplusCompatMode=false, mIsProcessRunning=false, mHasMismatchBoundsTarget=false, mRecentsController=null, mRemoteTransition=null, mIsTranslucentActivityToHome=false, mAvoidInterceptKeyEventToHome=false, mIsFromHome=true, mParentLeash=null, mBackAnimClosingLeash=null, mIsOplusAnimRes=false, mKeepBgForContinuous=false, mIsBalAllow=false, mTaskNotInRecent=false, mIsPredictiveBackAnim=false, mIsMergedWithPredictive=false, mIsLaunchFromSpruce=false, mIsLaunchFromDrive=false, mGlobalSearchPageSwitch=false, mNeedNoAlphaGlobalSearchScene=false, mAssistScreenShowing=false, mSwipeUpBrowserScreenShowing=false, mUserIdTransition=0
07-01 08:05:10.863  3855  3923 V WindowManagerShell: , mInRemoteScene=false, mInPreReady=true, mPreStart=false, mToken=android.os.BinderProxy@333339a, mAbortByRemoteFromHome=false, mShellApplyToken=null, mRequestTransitionTaskId=14854, mAbortTransitionOnShell=0, mStartFromShortcut=false, mRemovedTaskId=-1, mTransitionInterruptType=0, mMergeSecondTaskId=-1, mTaskIdStartFromRecents=0, mTransitionId=180, mCanUseSpringSlideAnim=false, mTransitionLaunchFrom=0, mFoldChangeType=-1, mAnimStartingPosition=[0, 0, 0, 0], mIsOpeningStkDialogActivity=false, mSecondaryHomeToFrontWhenUnFolding=false, mIsNeedApplyStartTForEmbedded=false
07-01 08:05:10.863  3855  3923 V WindowManagerShell: , mNeedCanvasExitAnim=false, mMergeSecondTaskAnimation=false, mIsLaunchUnityStart=false, mIsLaunchFromAssistantByDefault=false, mSkipRemoteTransitionfalse, mIsStartFromKeyguard=false flags=0x0, mWCT=null, mIsOpenMergeToInValidPredictive=false, mPromoteTaskWhenKeyguard-1, mRootLayerZOrderArray={}}]}
07-01 08:05:10.864  2570  2889 I TaskOrganizerController: onTaskInfoChanged taskid 14854 config { mBounds=Rect(0, 0 - 1080, 2400) mAppBounds=Rect(0, 0 - 1080, 2400) mMaxBounds=Rect(0, 0 - 1080, 2400) mDisplayRotation=ROTATION_0 mWindowingMode=fullscreen mActivityType=standard mAlwaysOnTop=undefined mRotation=ROTATION_0}
07-01 08:05:10.865  3855  3923 V WindowManagerShell: Playing animation for (#180) android.os.BinderProxy@333339a@0
07-01 08:05:10.865  2570  2889 D OplusFlexibleDragToSplitAnimController: visibleFlexibleTaskInfos delete:14854
07-01 08:05:10.865  2570  2889 E FlexibleWindowManagerService: notifyTaskObserverToAttachController not need to notify!
07-01 08:05:10.865  2570  2889 I FlexibleWindowManagerService: onFlexibleWindowTaskInfoChanged, return for cur task not embedded
07-01 08:05:10.865  3855  3923 V WindowManagerShell:  try firstHandler com.android.wm.shell.transition.DefaultMixedHandler@3ed9a9a
07-01 08:05:10.865  3855  3923 V WindowManagerShell: Mixed transition for opening an intent with a remote transition and PIP or Desktop #180
07-01 08:05:10.865  3855  3923 V WindowManagerShell: tryAnimateOpenIntentWithRemoteAndPipOrDesktop
07-01 08:05:10.865  3855  3923 V WindowManagerShell:  Delegate animation for (#180) to RemoteTransition { remoteTransition = android.window.IRemoteTransition$Stub$Proxy@500ef66, appThread = null, debugName = QuickstepLaunch }
07-01 08:05:10.867  3855  3923 V WindowManagerShell:  animated by firstHandler
07-01 08:05:10.868  4503  4946 I iopgp   : Iopgp: TRANSACTION_IOPGP_ON_ACTIVITY_LAUNCHED sequence_id = 14
07-01 08:05:10.870  2570  3891 I AppSnapshotController: attachStartingWindow, win = Window{c81a550 u0 Splash Screen com.ipdial}, shouldAppSnapshot = false
07-01 08:05:10.870  2570  3891 D ActivityTaskManager: attachStartingWindow: mStartingData=SplashScreenStartingData{f1b044e removeAfterTransaction= 0}, mAssociatedTask=null, mStartingWindow=Window{c81a550 u0 Splash Screen com.ipdial}
07-01 08:05:10.870  2570  3891 D WindowManager: attachImeScreenshotOnTargetIfNeeded, mImeHiding = false, requestedVisibleTypes = -9
07-01 08:05:10.870  2570  3891 I WindowManager: addWindow: New client android.os.BinderProxy@52e4f13 : window=Window{c81a550 u0 Splash Screen com.ipdial}
07-01 08:05:10.871  2570  3891 D FlexibleTaskController: isFullToFlexibleAnimating: false
07-01 08:05:10.871  2570  3891 D WindowManager: rotation(ROTATION_0) no changed  displayId = 0, lastOrientation = -1
07-01 08:05:10.875  2570  3891 V WindowManager: Relayout Window{c81a550 u0 Splash Screen com.ipdial}: viewVisibility=0, oldvis=0, req=1080x2400 , apr = 8, vsysui=, x=0, y=0
07-01 08:05:10.875  2570  3891 I WindowManager: Window{c81a550 u0 Splash Screen com.ipdial} state from NO_SURFACE to DRAW_PENDING; reason: resetDrawState
07-01 08:05:10.880  2570  2938 W QosScheduler: getScenario failed! scenarios is null, mask=2
07-01 08:05:10.882  2570  2886 D BatteryStatsImplExtImpl: pausedBatteryLevel:36 activityFocusedTimeInMin:0
07-01 08:05:10.882  2570  2938 W QosScheduler: executeSceneQosStrategy get scenario failed! scenario is null
07-01 08:05:10.882  2570  2967 I ActivityManager: Start proc 18979:com.ipdial/u0a806 for top-activity {com.ipdial/com.ipdial.MainActivityDefault}
07-01 08:05:10.884  2570  3668 D BackgroundInstallControlService: Package event received: 0
07-01 08:05:10.884  2570  2883 I ActivityManager: ProcessObserver broadcast disabled
07-01 08:05:10.884  2570  3891 D WindowManager: NFW_findFocusedWindowIfNeeded:null mCurrentFocus:Window{24487cc u0 com.android.launcher/com.android.launcher.Launcher}
07-01 08:05:10.885  2570  3891 V WindowManager: Changing focus from Window{24487cc u0 com.android.launcher/com.android.launcher.Launcher} to null,diplayid=0
07-01 08:05:10.886  2570  3352 I MemoryOperationUtils: add 18979 to com.ipdial
07-01 08:05:10.887  2570  3891 D WindowManager: setFrameRateStart invalid typeId return!
07-01 08:05:10.889  2570  3891 D WindowManager: setFrameRateStart invalid typeId return!
07-01 08:05:10.890  2570  3349 I BLASTSyncEngine: onCommitted syncId: 180, timeout: false ran: false
07-01 08:05:10.891  3855  3965 W VRI[ipdial]: updateBlastSurfaceIfNeeded, surfaceSize:Point(1080, 2400), lastSurfaceSize:Point(0, 0), format:-3, blastBufferQueue:null
07-01 08:05:10.912  2570  4387 I WindowManager: Window{c81a550 u0 Splash Screen com.ipdial} state from DRAW_PENDING to COMMIT_DRAW_PENDING; reason: finishDrawingLocked
07-01 08:05:10.913  3855  3965 W VRI[ipdial]: handleResized, msg:, frameChanged:false, configChanged:false, displayChanged:false, attachedFrameChanged:false, compatScaleChanged:false, pendingDragResizing=false
07-01 08:05:10.915  2570  4387 D OplusStartingWindowManager: isLayerMatchToStartingWindow error, mStartingRecords empty or inValid layerName:Splash Screen com.ipdial#2140
07-01 08:05:10.916  2570  2889 I WindowManager: Window{c81a550 u0 Splash Screen com.ipdial} state from COMMIT_DRAW_PENDING to READY_TO_SHOW; reason: commitFinishDrawingLocked
07-01 08:05:10.917  2570  2889 D ActivityTaskManager: onStartingWindowDrawn: app=null, mStartingData=SplashScreenStartingData{f1b044e removeAfterTransaction= 0}, finishing=false,mLaunchedFromBubble=false, mVisibleRequested=true, mDisplayContent=Display{#0 state=ON size=1080x2400 ROTATION_0}, isZoomMode=false
07-01 08:05:10.918  2570  2889 I WindowManager: Window{c81a550 u0 Splash Screen com.ipdial} state from READY_TO_SHOW to HAS_DRAWN; reason: performShowLocked
07-01 08:05:10.923  2570  2889 I WindowStateExtImpl: onSurfaceShowChange show = true mPackageName = com.ipdial parentPkgName = com.ipdial
07-01 08:05:10.923  2570  2889 D CoreBackPreview:  return markWindowHasDrawn mComposed: false  mWaitTransition: false
07-01 08:05:10.930  2570  4387 D FlexibleTaskController: isFullToFlexibleAnimating: false
07-01 08:05:10.930  2570  4387 D WindowManager: rotation(ROTATION_0) no changed  displayId = 0, lastOrientation = -1
07-01 08:05:10.931  2570  4387 I TaskOrganizerController: onTaskInfoChanged taskid 14854 config { mBounds=Rect(0, 0 - 1080, 2400) mAppBounds=Rect(0, 0 - 1080, 2400) mMaxBounds=Rect(0, 0 - 1080, 2400) mDisplayRotation=ROTATION_0 mWindowingMode=fullscreen mActivityType=standard mAlwaysOnTop=undefined mRotation=ROTATION_0}
07-01 08:05:10.931  2570  4387 D OplusFlexibleDragToSplitAnimController: visibleFlexibleTaskInfos delete:14854
07-01 08:05:10.931  2570  4387 E FlexibleWindowManagerService: notifyTaskObserverToAttachController not need to notify!
07-01 08:05:10.931  2570  4387 I FlexibleWindowManagerService: onFlexibleWindowTaskInfoChanged, return for cur task not embedded
07-01 08:05:10.932  2570  4387 D OplusDexOptimizeManager: basepath == oldPackagePath! com.ipdial
07-01 08:05:10.933  2570  4387 D ActivityTaskManager: onWindowFocusChanged Task{9c88fbb #14854 type=standard A=10806:com.ipdial} would transfer to compact
07-01 08:05:10.934  2570  2938 I UserAwareMgr: handleTopAppChanged: com.ipdial, pid: 18979, uid: 10806
07-01 08:05:10.934  2570  4387 D ActivityTaskManager: NFW_setLastResumedActivityUncheckLocked:true r:ActivityRecord{163530165 u0 com.ipdial/.MainActivityDefault t14854} currentFocus:null
07-01 08:05:10.934  2570  4387 D WindowManager: NFW_findFocusedWindowIfNeeded:null mCurrentFocus:null
07-01 08:05:10.934  2570  4387 D FlexibleTaskController: onTaskFocusChanged prevTask:Task{ceecb50 #5 type=home I=com.android.launcher/.Launcher} ,currentTask:Task{9c88fbb #14854 type=standard A=10806:com.ipdial}, reason: realStartActivityLocked - onActivityStateChanged
07-01 08:05:10.934  2570  4387 D OplusFlexibleDCSManager: onNextPkgChanged pkg = com.ipdial
07-01 08:05:10.935  2570  4387 D OplusVisibleTasks:  notifyTaskFocusChange no need.
07-01 08:05:10.936  2570  4387 I OplusAppSwitchManagerService: appswitch hasProcess ActivityRecord{163530165 u0 com.ipdial/.MainActivityDefault t14854}
07-01 08:05:10.936  2570  4387 I OplusJoystickManager: handleApplicationSwitch deprecated!
07-01 08:05:10.936  2570  4387 I GameManagerServiceExt-GameManagerServiceExt: on FG change: com.android.launcher|com.ipdial
07-01 08:05:10.937  2570  4387 I OplusAppSwitchManagerService: appswitch hasProcess ActivityRecord{163530165 u0 com.ipdial/.MainActivityDefault t14854}
07-01 08:05:10.938  2570  3060 D OplusAppSwitchListener: App Activity Change
07-01 08:05:10.938  2570  3060 D OplusAppSwitchListener: Detect com.android.launcher switch to background
07-01 08:05:10.938  2570  3060 D OplusFeatureReduceBrightness: onAppExit , info = com.android.launcher
07-01 08:05:10.939  2570  3060 D OplusAppSwitchListener: Detect com.ipdial switch to foreground
07-01 08:05:10.939  2570  3060 D OplusFeatureGlobalLimitBrightness: switch to display extreme mode 
07-01 08:05:10.943  2570  3043 D OplusBiometricsDisplayHelper: isFold: false, isUnblockByFp: null
07-01 08:05:10.943  2570  2889 I TaskOrganizerController: onTaskInfoChanged taskid 1 config { mBounds=Rect(0, 0 - 1080, 2400) mAppBounds=Rect(0, 0 - 1080, 2400) mMaxBounds=Rect(0, 0 - 1080, 2400) mDisplayRotation=ROTATION_0 mWindowingMode=fullscreen mActivityType=home mAlwaysOnTop=undefined mRotation=ROTATION_0}
07-01 08:05:10.943  2570  2989 E OplusThermalStats: Error getting package info: com.ipdial
07-01 08:05:10.943  2570  2889 D OplusFlexibleDragToSplitAnimController: visibleFlexibleTaskInfos delete:1
07-01 08:05:10.943  2570  2889 E FlexibleWindowManagerService: notifyTaskObserverToAttachController not need to notify!
07-01 08:05:10.943  2570  2889 I FlexibleWindowManagerService: onFlexibleWindowTaskInfoChanged, return for cur task not embedded
07-01 08:05:10.944 18979 18979 V Configuration: Updating configuration, locales updated from [] to [en_BD]
07-01 08:05:10.945  2570  2889 I TaskOrganizerController: onTaskInfoChanged taskid 14854 config { mBounds=Rect(0, 0 - 1080, 2400) mAppBounds=Rect(0, 0 - 1080, 2400) mMaxBounds=Rect(0, 0 - 1080, 2400) mDisplayRotation=ROTATION_0 mWindowingMode=fullscreen mActivityType=standard mAlwaysOnTop=undefined mRotation=ROTATION_0}
07-01 08:05:10.946  2570  2889 D OplusFlexibleDragToSplitAnimController: visibleFlexibleTaskInfos delete:14854
07-01 08:05:10.946  2570  2889 E FlexibleWindowManagerService: notifyTaskObserverToAttachController not need to notify!
07-01 08:05:10.946  2570  2889 I FlexibleWindowManagerService: onFlexibleWindowTaskInfoChanged, return for cur task not embedded
07-01 08:05:10.947  2570  4565 D OplusEapManager: mTargetExitName :com.android.launcher
07-01 08:05:10.951  2570  3064 D VRR [OPlusRefreshRateService]: handleFrontAppChange pkgName: null
07-01 08:05:10.954  2570  4565 D OplusAppSwitchRuleInfo: generateAppEnterInfo - launch_source_type = launcherWorkspace , launch_source_traceid = 
07-01 08:05:10.955  2570  4565 D OplusEapManager: mTargetEnterName :com.ipdial
07-01 08:05:10.955  2570  4565 D OplusAppSwitchRuleInfo: generateAppEnterInfo - launch_source_type = launcherWorkspace , launch_source_traceid = 
07-01 08:05:10.956  2570  4565 D OplusAppSwitchRuleInfo: generateAppEnterInfo - launch_source_type = launcherWorkspace , launch_source_traceid = 
07-01 08:05:10.956  2570  2964 D NotificationService--OplusNotificationFixHelper: fixAppIcon: pkg=com.ipdial
07-01 08:05:10.956  2570  2964 D NotificationService--OplusNotificationFixHelper: fixAppIcon: appIcon = null, pkg = com.ipdial
07-01 08:05:10.957  2570  3064 D VRR [OPlusRefreshRateService]: handleFrontAppChange pkgName: com.ipdial
07-01 08:05:10.959  2570  4565 D OplusAppSwitchRuleInfo: generateAppEnterInfo - launch_source_type = launcherWorkspace , launch_source_traceid = 
07-01 08:05:10.960  2570  4565 D OplusAppSwitchRuleInfo: generateAppEnterInfo - launch_source_type = launcherWorkspace , launch_source_traceid = 
07-01 08:05:10.961  2570  2964 I OplusStatusBarManagerServiceEnhance:  getTopIsFullscreen mTopIsFullscreen: false
07-01 08:05:10.961  2570  2886 D OplusBatteryManager: getPsyBatteryRm: 1580
07-01 08:05:10.961  2570  2886 D BatteryStatsImplExtImpl: resumedUid:10806 resumedBatteryLevel:36  resumedPackage:com.ipdial  resumedBatteryRealtimeCapacity:1580
07-01 08:05:10.962  2570  4565 D OplusAppSwitchRuleInfo: generateAppEnterInfo - launch_source_type = launcherWorkspace , launch_source_traceid = 
07-01 08:05:10.962  2570  4565 D OplusAppSwitchRuleInfo: generateAppEnterInfo - launch_source_type = launcherWorkspace , launch_source_traceid = 
07-01 08:05:10.963  2570  2886 D FlexibleTaskController: check task which not have enough child, isInSingleWhiteList:false isCloneTask:false
07-01 08:05:10.963  2570  4565 D OplusAppSwitchRuleInfo: generateActivityEnterInfo - launch_source_type = launcherWorkspace , launch_source_traceid = 
07-01 08:05:10.964  2570  4565 D OplusAppSwitchRuleInfo: generateActivityEnterInfo - launch_source_type = launcherWorkspace , launch_source_traceid = 
07-01 08:05:10.965  2570  2570 D NotificationService--OplusNotificationManagerServiceExtImpl: isForwardToAssistants: true, case : Is local notification
07-01 08:05:10.965  2570  2570 D NotificationService: This application enqueue notifications is need postDelayed mcsAssistantDelayTime: 200
07-01 08:05:10.968 18979 18979 D ResourcesManagerExtImpl: applyConfigurationToAppResourcesLocked app.getDisplayId() return callback.displayId:-1
07-01 08:05:10.970  2570  3668 D BackgroundInstallControlService: Package event received: 0
07-01 08:05:10.977  2570  3891 D ActivityTaskManager: Skipping, invisible task: Task{ceecb50 #5 type=home I=com.android.launcher/.Launcher}
07-01 08:05:10.977  2570  3891 D OplusSplitScreenManagerService: com.android.settings unSupportsSplitScreen by blockList or ForbidActivityList
07-01 08:05:10.978  2570  3891 D OplusSplitScreenManagerService: com.android.settings unSupportsSplitScreen by blockList or ForbidActivityList
07-01 08:05:10.978  2570  3891 D OplusSplitScreenManagerService: com.android.settings unSupportsSplitScreen by blockList or ForbidActivityList
07-01 08:05:10.978  2570  3891 D OplusSplitScreenManagerService: com.android.settings unSupportsSplitScreen by blockList or ForbidActivityList
07-01 08:05:10.980  2570  3891 D ActivityTaskManager: after skip size:7,pre-Filtered:com.ipdial # com.android.settings # com.android.settings # com.android.settings # com.google.android.youtube # com.facebook.katana # com.google.android.apps.messaging # 
07-01 08:05:11.049  2570  2690 W PackageManager: package com.ipdial uid 10806 pid 18979 call SetEnabledSetting(com.ipdial component = com.ipdial.MainActivity, 1, 0)
07-01 08:05:11.052  2570  2690 I ActivityManager: Flag disabled. Ignoring finishAttachApplication from uid: 10806. pid: 18979
07-01 08:05:11.061 18979 19057 I DisplayManager: Choreographer implicitly registered for the refresh rate.
07-01 08:05:11.063 18979 18979 D ResourcesManagerExtImpl: applyConfigurationToAppResourcesLocked app.getDisplayId() return callback.displayId:0
07-01 08:05:11.083  2570  3891 I ActivityTaskManager: setTurnScreenOn callingPid:18979, callingUid:10806
07-01 08:05:11.083  2570  4133 D ActivityTaskManager: setShowWhenLocked  from:true to true,ActivityRecord{163530165 u0 com.ipdial/.MainActivityDefault t14854}
07-01 08:05:11.092  2570  4133 I ActivityTaskManager: Activity requesting to dismiss Keyguard: ActivityRecord{163530165 u0 com.ipdial/.MainActivityDefault t14854}
07-01 08:05:11.092  2570  4133 D OplusFeatureAOD: notifySfUnBlockScreenOn
07-01 08:05:11.092  2570  4133 D OplusPowerManagerHelper: scheduleNotifyStopDream
07-01 08:05:11.093  2570  3043 D OplusPowerManagerHelper: handleMessage:102
07-01 08:05:11.093  2570  3043 D OplusPowerManagerHelper: MSG_STOP_DEAM
07-01 08:05:11.103 18979 18979 D ActivityThread: ComponentInfo{com.ipdial/com.ipdial.MainActivityDefault} checkFinished=false 2
07-01 08:05:11.103 18979 18979 D ResourcesManagerExtImpl: applyConfigurationToAppResourcesLocked app.getDisplayId() return callback.displayId:0
07-01 08:05:11.105  2570  4467 E SettingsState: invalid override flag name smart_suggestion_supported_modes
07-01 08:05:11.105  2570  4467 E SettingsState: invalid override flag name package_and_activity_allowlist_for_triggering_fill_request
07-01 08:05:11.105  2570  4467 E SettingsState: invalid override flag name compat_mode_allowed_packages
07-01 08:05:11.105  2570  4467 E SettingsState: invalid override flag name include_all_views_in_assist_structure
07-01 08:05:11.105  2570  4467 E SettingsState: invalid override flag name autofill_save_dialog_portrait_body_height_max_percent
07-01 08:05:11.105  2570  4467 E SettingsState: invalid override flag name package_deny_list_for_unimportant_view
07-01 08:05:11.105  2570  4467 E SettingsState: invalid override flag name augmented_autofill_mode
07-01 08:05:11.105  2570  4467 E SettingsState: invalid override flag name non_autofillable_ime_action_ids
07-01 08:05:11.105  2570  4467 E SettingsState: invalid override flag name include_all_autofill_type_not_none_views_in_assist_structure
07-01 08:05:11.105  2570  4467 E SettingsState: invalid override flag name autofill_save_dialog_landscape_body_height_max_percent
07-01 08:05:11.105  2570  4467 E SettingsState: invalid override flag name trigger_fill_request_on_filtered_important_views
07-01 08:05:11.105  2570  4467 E SettingsState: invalid override flag name should_enable_autofill_on_all_view_types
07-01 08:05:11.105  2570  4467 E SettingsState: invalid override flag name multiline_filter_enabled
07-01 08:05:11.105  2570  4467 E SettingsState: invalid override flag name trigger_fill_request_on_unimportant_view
07-01 08:05:11.109 18979 18979 D OplusInputMethodUtil: init sDebug to false, init sDebugIme to false, init sAlwaysOn to false
07-01 08:05:11.109 18979 18979 D OplusInputMethodUtil: updateDebugToClass InputMethodManager.DEBUG = false
07-01 08:05:11.109 18979 18979 D OplusInputMethodUtil: updateDebugToClass ImeFocusController.DEBUG = false
07-01 08:05:11.109 18979 18979 D OplusInputMethodUtil: updateDebugToClass OnBackInvokedDispatcher.DEBUG = false
07-01 08:05:11.109 18979 18979 D OplusInputMethodUtil: updateDebugToClass InsetsController.DEBUG = false
07-01 08:05:11.109 18979 18979 D OplusInputMethodUtil: updateDebugToClass BaseInputConnection.DEBUG = false
07-01 08:05:11.117  2570  2938 W UserAwareMgr: process owner is not matched: 10, threadName: HwUiTask, pid: 18979,tid=19067,owner=fg1
07-01 08:05:11.118  2570  2938 W UserAwareMgr: process owner is not matched: 10, threadName: HwUiTask, pid: 18979,tid=19068,owner=fg1
07-01 08:05:11.123  2570  2938 W UserAwareMgr: process owner is not matched: 10, threadName: RenderThread, pid: 18979,tid=19057,owner=fg1
07-01 08:05:11.129  2570  7625 I WindowManager: addWindow: New client android.os.BinderProxy@42ed004 : window=Window{267f9ed u0 com.ipdial/com.ipdial.MainActivityDefault}
07-01 08:05:11.133 18979 18979 D ResourcesManagerExtImpl: applyConfigurationToAppResourcesLocked app.getDisplayId() return callback.displayId:0
07-01 08:05:11.133  2570  2889 I TaskOrganizerController: onTaskInfoChanged taskid 14854 config { mBounds=Rect(0, 0 - 1080, 2400) mAppBounds=Rect(0, 0 - 1080, 2400) mMaxBounds=Rect(0, 0 - 1080, 2400) mDisplayRotation=ROTATION_0 mWindowingMode=fullscreen mActivityType=standard mAlwaysOnTop=undefined mRotation=ROTATION_0}
07-01 08:05:11.134  2570  2889 D OplusFlexibleDragToSplitAnimController: visibleFlexibleTaskInfos delete:14854
07-01 08:05:11.134  2570  2889 E FlexibleWindowManagerService: notifyTaskObserverToAttachController not need to notify!
07-01 08:05:11.134  2570  2889 I FlexibleWindowManagerService: onFlexibleWindowTaskInfoChanged, return for cur task not embedded
07-01 08:05:11.142  2570  3607 D OplusPreferencesHelperExt: System process lookup: using actual UID 1000 for package android
07-01 08:05:11.142  2570  3607 D OplusPreferencesHelperExt: System process lookup: using actual UID 1000 for package android
07-01 08:05:11.146  3855  3923 V WindowManagerShell: Transition animation finished (aborted=false), notifying core (#180) android.os.BinderProxy@333339a@0
07-01 08:05:11.146  3855  3923 D SplitScreen-->AppLockManager: setStartFromSafeControl mStartFromSafeControl=false
07-01 08:05:11.149  2570  7625 D Transition: finishTransition ar ActivityRecord{116431392 u0 com.android.launcher/.Launcher t5}, isVisibleRequested=false, state=PAUSED, visibleAtTransitionEndTokens={ActivityRecord{163530165 u0 com.ipdial/.MainActivityDefault t14854}, WallpaperWindowToken{ce3237b showWhenLocked=false}}, this=TransitionRecord{e8d2a2 id=180 track=0 type=OPEN flags=0x0 state=2 c=[
07-01 08:05:11.149  2570  7625 D Transition:    ChangeInfo{e9b3b33 container=Display{#0 state=ON size=1080x2400 ROTATION_0} flags=0x0}
07-01 08:05:11.149  2570  7625 D Transition:    ChangeInfo{93eef0 container=DefaultTaskDisplayArea@74644813 flags=0x0}
07-01 08:05:11.149  2570  7625 D Transition:    ChangeInfo{a89324c container=ActivityRecord{116431392 u0 com.android.launcher/.Launcher t5} flags=0x0}
07-01 08:05:11.149  2570  7625 D Transition:    ChangeInfo{cd3779e container=Task{96667d7 #1 type=home} flags=0x10}
07-01 08:05:11.149  2570  7625 D Transition:    ChangeInfo{f6a0c69 container=ActivityRecord{163530165 u0 com.ipdial/.MainActivityDefault t14854} flags=0x0}
07-01 08:05:11.149  2570  7625 D Transition:    ChangeInfo{22576ee container=Task{9c88fbb #14854 type=standard A=10806:com.ipdial} flags=0x10}
07-01 08:05:11.149  2570  7625 D Transition:    ChangeInfo{c85c295 container=WallpaperWindowToken{ce3237b showWhenLocked=false} flags=0x0}
07-01 08:05:11.149  2570  7625 D Transition:    ChangeInfo{a7b6faa container=Task{ceecb50 #5 type=home I=com.android.launcher/.Launcher} flags=0x10}
07-01 08:05:11.149  2570  7625 D Transition:    ChangeInfo{a10879b container=WallpaperWindowToken{f9b8d00 showWhenLocked=true} flags=0x0}
07-01 08:05:11.149  2570  7625 D Transition: ]
07-01 08:05:11.149  2570  7625 D Transition: }
07-01 08:05:11.150  2570  7625 D ActivityTaskManager: commitVisibility: ActivityRecord{116431392 u0 com.android.launcher/.Launcher t5}: visible=false visibleRequested=false, isInTransition=false 
07-01 08:05:11.150  2570  7625 D WindowManager: NFW_setClientVisible:ActivityRecord{116431392 u0 com.android.launcher/.Launcher t5} clientVisible:false
07-01 08:05:11.150  2570  7625 I WindowManager: Window{5b99c1f u0 com.google.android.googlequicksearchbox} state from HAS_DRAWN to DRAW_PENDING; reason: resetDrawState
07-01 08:05:11.151  2570  7625 D Transition: finishTransition ar ActivityRecord{163530165 u0 com.ipdial/.MainActivityDefault t14854}, isVisibleRequested=true, state=RESUMED, visibleAtTransitionEndTokens={ActivityRecord{163530165 u0 com.ipdial/.MainActivityDefault t14854}, WallpaperWindowToken{ce3237b showWhenLocked=false}}, this=TransitionRecord{e8d2a2 id=180 track=0 type=OPEN flags=0x0 state=2 c=[
07-01 08:05:11.151  2570  7625 D Transition:    ChangeInfo{e9b3b33 container=Display{#0 state=ON size=1080x2400 ROTATION_0} flags=0x0}
07-01 08:05:11.151  2570  7625 D Transition:    ChangeInfo{93eef0 container=DefaultTaskDisplayArea@74644813 flags=0x0}
07-01 08:05:11.151  2570  7625 D Transition:    ChangeInfo{a89324c container=ActivityRecord{116431392 u0 com.android.launcher/.Launcher t5} flags=0x0}
07-01 08:05:11.151  2570  7625 D Transition:    ChangeInfo{cd3779e container=Task{96667d7 #1 type=home} flags=0x10}
07-01 08:05:11.151  2570  7625 D Transition:    ChangeInfo{f6a0c69 container=ActivityRecord{163530165 u0 com.ipdial/.MainActivityDefault t14854} flags=0x0}
07-01 08:05:11.151  2570  7625 D Transition:    ChangeInfo{22576ee container=Task{9c88fbb #14854 type=standard A=10806:com.ipdial} flags=0x10}
07-01 08:05:11.151  2570  7625 D Transition:    ChangeInfo{c85c295 container=WallpaperWindowToken{ce3237b showWhenLocked=false} flags=0x0}
07-01 08:05:11.151  2570  7625 D Transition:    ChangeInfo{a7b6faa container=Task{ceecb50 #5 type=home I=com.android.launcher/.Launcher} flags=0x10}
07-01 08:05:11.151  2570  7625 D Transition:    ChangeInfo{a10879b container=WallpaperWindowToken{f9b8d00 showWhenLocked=true} flags=0x0}
07-01 08:05:11.151  2570  7625 D Transition: ]
07-01 08:05:11.151  2570  7625 D Transition: }
07-01 08:05:11.151  2570  7625 D WindowManager: NFW_setClientVisible:WallpaperWindowToken{ce3237b showWhenLocked=false} clientVisible:false
07-01 08:05:11.151  2570  4125 D QuickBackInputPolicy: setInterceptInputKeyStatus, enable=false, enableFlag=1, inputCallback=android.window.IRemoteTransitionInputCallback$Stub$Proxy@1303d2b
07-01 08:05:11.151  2570  4133 D RefreshRate: unregister remote connection: RemoteConnection{mPriority=PRIORITY_LAUNCHER_REQUEST, mRequestSource=com.android.launcher10191, mBinder=android.os.BinderProxy@fb84dec}
07-01 08:05:11.151  2570  4133 D RefreshRate: requestRefreshRate: status=0,rate=120.0,ret=1: votes=PRIORITY_WINDOW_REQUEST -> Vote{mRefreshRate=120.0, mMinRefreshRate=120.0, mRequestSource=null};
07-01 08:05:11.152  2570  7625 I OplusAppSwitchManagerService:  handleAppVisible , r = ActivityRecord{163530165 u0 com.ipdial/.MainActivityDefault t14854}
07-01 08:05:11.152  2570  7625 D OplusTransitionController: finishTransition, transition: TransitionRecord{e8d2a2 id=180 track=0 type=OPEN flags=0x0 state=4 c=[
07-01 08:05:11.152  2570  7625 D OplusTransitionController:    ChangeInfo{e9b3b33 container=Display{#0 state=ON size=1080x2400 ROTATION_0} flags=0x0}
07-01 08:05:11.152  2570  7625 D OplusTransitionController:    ChangeInfo{93eef0 container=DefaultTaskDisplayArea@74644813 flags=0x0}
07-01 08:05:11.152  2570  7625 D OplusTransitionController:    ChangeInfo{a89324c container=ActivityRecord{116431392 u0 com.android.launcher/.Launcher t5} flags=0x0}
07-01 08:05:11.152  2570  7625 D OplusTransitionController:    ChangeInfo{cd3779e container=Task{96667d7 #1 type=home} flags=0x10}
07-01 08:05:11.152  2570  7625 D OplusTransitionController:    ChangeInfo{f6a0c69 container=ActivityRecord{163530165 u0 com.ipdial/.MainActivityDefault t14854} flags=0x0}
07-01 08:05:11.152  2570  7625 D OplusTransitionController:    ChangeInfo{22576ee container=Task{9c88fbb #14854 type=standard A=10806:com.ipdial} flags=0x10}
07-01 08:05:11.152  2570  7625 D OplusTransitionController:    ChangeInfo{c85c295 container=WallpaperWindowToken{ce3237b showWhenLocked=false} flags=0x0}
07-01 08:05:11.152  2570  7625 D OplusTransitionController:    ChangeInfo{a7b6faa container=Task{ceecb50 #5 type=home I=com.android.launcher/.Launcher} flags=0x10}
07-01 08:05:11.152  2570  7625 D OplusTransitionController:    ChangeInfo{a10879b container=WallpaperWindowToken{f9b8d00 showWhenLocked=true} flags=0x0}
07-01 08:05:11.152  2570  7625 D OplusTransitionController: ]
07-01 08:05:11.152  2570  7625 D OplusTransitionController: }
07-01 08:05:11.153  2570  7625 D FlexibleTaskTransitionController:  finishTransition pendingRecentToFlexibleTask:null,isRotationTransition:false ,pendingRecentToFlexible:null ,transition:TransitionRecord{e8d2a2 id=180 track=0 type=OPEN flags=0x0 state=4 c=[
07-01 08:05:11.153  2570  7625 D FlexibleTaskTransitionController:    ChangeInfo{e9b3b33 container=Display{#0 state=ON size=1080x2400 ROTATION_0} flags=0x0}
07-01 08:05:11.153  2570  7625 D FlexibleTaskTransitionController:    ChangeInfo{93eef0 container=DefaultTaskDisplayArea@74644813 flags=0x0}
07-01 08:05:11.153  2570  7625 D FlexibleTaskTransitionController:    ChangeInfo{a89324c container=ActivityRecord{116431392 u0 com.android.launcher/.Launcher t5} flags=0x0}
07-01 08:05:11.153  2570  7625 D FlexibleTaskTransitionController:    ChangeInfo{cd3779e container=Task{96667d7 #1 type=home} flags=0x10}
07-01 08:05:11.153  2570  7625 D FlexibleTaskTransitionController:    ChangeInfo{f6a0c69 container=ActivityRecord{163530165 u0 com.ipdial/.MainActivityDefault t14854} flags=0x0}
07-01 08:05:11.153  2570  7625 D FlexibleTaskTransitionController:    ChangeInfo{22576ee container=Task{9c88fbb #14854 type=standard A=10806:com.ipdial} flags=0x10}
07-01 08:05:11.153  2570  7625 D FlexibleTaskTransitionController:    ChangeInfo{c85c295 container=WallpaperWindowToken{ce3237b showWhenLocked=false} flags=0x0}
07-01 08:05:11.153  2570  7625 D FlexibleTaskTransitionController:    ChangeInfo{a7b6faa container=Task{ceecb50 #5 type=home I=com.android.launcher/.Launcher} flags=0x10}
07-01 08:05:11.153  2570  7625 D FlexibleTaskTransitionController:    ChangeInfo{a10879b container=WallpaperWindowToken{f9b8d00 showWhenLocked=true} flags=0x0}
07-01 08:05:11.153  2570  7625 D FlexibleTaskTransitionController: ]
07-01 08:05:11.153  2570  7625 D FlexibleTaskTransitionController: }
07-01 08:05:11.154  2570  7625 D KEYLOG_PhoneWindowManager: setKeyguardOccludedLw occluded=true,false,true
07-01 08:05:11.154  2570  7625 D OplusKeyguardTransitionController: validateKeyguardOcclusion force apply keyguard occlude =false,mValidateKeyguardOcclusion = false
07-01 08:05:11.154  2570  7625 D KEYLOG_PhoneWindowManager: setKeyguardOccludedLw occluded=true,true,false
07-01 08:05:11.155  2570  7625 D TransitionControllerExtImpl: NFW_send RECOMPUTE_FOCUS in finishTransition
07-01 08:05:11.155  3855  3923 D ShellTaskOrganizer: onTransitionFinish, isRecent:false
07-01 08:05:11.156  3855  3923 V WindowManagerShell: Track 0 became idle
07-01 08:05:11.156  3855  3923 V WindowManagerShell: All active transition animations finished
07-01 08:05:11.156  2570  7625 V WindowManager: Relayout Window{5b99c1f u0 com.google.android.googlequicksearchbox}: viewVisibility=8, oldvis=0, req=1080x2400 , apr = 0, vsysui=LIGHT_STATUS_BAR LIGHT_NAVIGATION_BAR
07-01 08:05:11.159  2570  7625 I TaskOrganizerController: onTaskInfoChanged taskid 1 config { mBounds=Rect(0, 0 - 1080, 2400) mAppBounds=Rect(0, 0 - 1080, 2400) mMaxBounds=Rect(0, 0 - 1080, 2400) mDisplayRotation=ROTATION_0 mWindowingMode=fullscreen mActivityType=home mAlwaysOnTop=undefined mRotation=ROTATION_0}
07-01 08:05:11.159  2570  2938 I UserAwareMgr: handleAppChangedToBg, pkgName: com.google.android.googlequicksearchbox, pid: 9680
07-01 08:05:11.159  2570  7625 D OplusFlexibleDragToSplitAnimController: visibleFlexibleTaskInfos delete:1
07-01 08:05:11.159  2570  7625 E FlexibleWindowManagerService: notifyTaskObserverToAttachController not need to notify!
07-01 08:05:11.159  2570  7625 I FlexibleWindowManagerService: onFlexibleWindowTaskInfoChanged, return for cur task not embedded
07-01 08:05:11.160  2570  7625 D WindowManager: NFW_findFocusedWindowIfNeeded:null mCurrentFocus:null
07-01 08:05:11.160  2570  2938 I UserAwareMgr: handleAppChangedToBg, pkgName: com.google.android.adservices.api, pid: 11995
07-01 08:05:11.160  2570  2938 W UserAwareMgr: app not not found or not visible: null
07-01 08:05:11.160  2570  2938 W UserAwareMgr: handleAppChangedToBg process is empty
07-01 08:05:11.161  2570  2889 I WindowStateExtImpl: onSurfaceShowChange show = false mPackageName = com.android.launcher parentPkgName = com.android.launcher
07-01 08:05:11.163  2570  7625 D Transition: finishTransaction-onCommitted syncId=180
07-01 08:05:11.167  2570  2886 D WindowManager: NFW_findFocusedWindowIfNeeded:null mCurrentFocus:null
07-01 08:05:11.170  2570  2938 W UserAwareMgr: event can not be released, id: 5005, count: 3, releasePid: 2570
07-01 08:05:11.183  2570  7625 I VibratorManagerServiceExtImpl: cancelVibrate uid=10806, pid=18979, usageFilter=-1, token=246885662
07-01 08:05:11.186  2570  7625 D CoreBackPreview: Window{267f9ed u0 com.ipdial/com.ipdial.MainActivityDefault}: Setting back callback OnBackInvokedCallbackInfo{mCallback=android.window.IOnBackInvokedCallback$Stub$Proxy@b4f1615, mPriority=-1, mIsAnimationCallback=false, mOverrideBehavior=0}
07-01 08:05:11.192  2570  2964 D NotificationService--OplusNotificationFixHelper: fixAppIcon: pkg=com.ipdial
07-01 08:05:11.192  2570  2964 D NotificationService--OplusNotificationFixHelper: fixAppIcon: appIcon = null, pkg = com.ipdial
07-01 08:05:11.199  2570  2964 I OplusStatusBarManagerServiceEnhance:  getTopIsFullscreen mTopIsFullscreen: false
07-01 08:05:11.202  2570  2964 D NotificationService--OplusNotificationFixHelper: fixAppIcon: pkg=com.ipdial
07-01 08:05:11.202  2570  2964 D NotificationService--OplusNotificationFixHelper: fixAppIcon: appIcon = null, pkg = com.ipdial
07-01 08:05:11.207  2570  2964 I OplusStatusBarManagerServiceEnhance:  getTopIsFullscreen mTopIsFullscreen: false
07-01 08:05:11.215  2570  2938 W QosSceneRecognizer[NotificationScene]: get pid failed while enterNotificationScene, processInfos is null! uid: -1
07-01 08:05:11.217  2570  2570 D NotificationService--OplusNotificationManagerServiceExtImpl: isForwardToAssistants: true, case : Is local notification
07-01 08:05:11.217  2570  2570 D NotificationService: This application enqueue notifications is need postDelayed mcsAssistantDelayTime: 200
07-01 08:05:11.221  2570  2570 D NotificationService--OplusNotificationManagerServiceExtImpl: isForwardToAssistants: true, case : Is local notification
07-01 08:05:11.221  2570  2570 D NotificationService: This application enqueue notifications is need postDelayed mcsAssistantDelayTime: 200
07-01 08:05:11.363  2570  3349 V WindowManager: Relayout Window{267f9ed u0 com.ipdial/com.ipdial.MainActivityDefault}: viewVisibility=0, oldvis=4, req=1080x2400 , apr = 8, vsysui=LIGHT_STATUS_BAR, x=0, y=0
07-01 08:05:11.364  2570  3349 I WindowManager: Window{267f9ed u0 com.ipdial/com.ipdial.MainActivityDefault} state from NO_SURFACE to DRAW_PENDING; reason: resetDrawState
07-01 08:05:11.373  2570  3349 I TaskOrganizerController: onTaskInfoChanged taskid 14854 config { mBounds=Rect(0, 0 - 1080, 2400) mAppBounds=Rect(0, 0 - 1080, 2400) mMaxBounds=Rect(0, 0 - 1080, 2400) mDisplayRotation=ROTATION_0 mWindowingMode=fullscreen mActivityType=standard mAlwaysOnTop=undefined mRotation=ROTATION_0}
07-01 08:05:11.375  2570  3349 D OplusFlexibleDragToSplitAnimController: visibleFlexibleTaskInfos delete:14854
07-01 08:05:11.375  2570  3349 E FlexibleWindowManagerService: notifyTaskObserverToAttachController not need to notify!
07-01 08:05:11.375  2570  3349 I FlexibleWindowManagerService: onFlexibleWindowTaskInfoChanged, return for cur task not embedded
07-01 08:05:11.376  2570  3349 D WindowManager: NFW_findFocusedWindowIfNeeded:Window{267f9ed u0 com.ipdial/com.ipdial.MainActivityDefault} mCurrentFocus:null
07-01 08:05:11.377  2570  3349 V WindowManager: Changing focus from null to Window{267f9ed u0 com.ipdial/com.ipdial.MainActivityDefault},diplayid=0
07-01 08:05:11.379  2570  3349 D WindowManager: setFrameRateStart invalid typeId return!
07-01 08:05:11.380  2570  3349 D WindowManager: setFrameRateStart invalid typeId return!
07-01 08:05:11.382 18979 18979 D VRI[MainActivityDefault]: relayoutWindow result, sizeChanged:true, surfaceControlChanged:true, transformHintChanged:false, mSurfaceSize:Point(1080, 2400), mLastSurfaceSize:Point(0, 0), mWidth:-1, mHeight:-1, requestedWidth:1080, requestedHeight:2400, transformHint:0, installOrientation:0, displayRotation:0, isSurfaceValid:true, attr.flag:-2122252032, tmpFrames:ClientWindowFrames{frame=[0,0][1080,2400] display=[0,0][1080,2400] parentFrame=[0,0][0,0]}, relayoutAsync:false, mSyncSeqId:0
07-01 08:05:11.383 18979 18979 W VRI[MainActivityDefault]: updateBlastSurfaceIfNeeded, surfaceSize:Point(1080, 2400), lastSurfaceSize:Point(0, 0), format:-1, blastBufferQueue:null
07-01 08:05:11.416 18979 18979 I Quality : UISlowBinder:119162084
07-01 08:05:11.511  2570  4125 I WindowManager: Window{267f9ed u0 com.ipdial/com.ipdial.MainActivityDefault} state from DRAW_PENDING to COMMIT_DRAW_PENDING; reason: finishDrawingLocked
07-01 08:05:11.517  2570  2889 I WindowManager: Window{267f9ed u0 com.ipdial/com.ipdial.MainActivityDefault} state from COMMIT_DRAW_PENDING to READY_TO_SHOW; reason: commitFinishDrawingLocked
07-01 08:05:11.518  2570  2889 D CoreBackPreview:  return markWindowHasDrawn mComposed: false  mWaitTransition: false
07-01 08:05:11.518  2570  2889 D ActivityTaskManager: Finish StartingWindow: ActivityRecord{163530165 u0 com.ipdial/.MainActivityDefault t14854}first real window is shown
07-01 08:05:11.518  2570  2889 D ActivityTaskManager: removeStartingWindowAnimation starting ActivityRecord{163530165 u0 com.ipdial/.MainActivityDefault t14854} startingWindow=null ,startingView=com.android.server.wm.StartingSurfaceController$StartingSurface@8d5eefb,Callers=com.android.server.wm.ActivityRecord.removeStartingWindow:3386 com.android.server.wm.ActivityRecord.onFirstWindowDrawn:8055 com.android.server.wm.WindowState.performShowLocked:4959 com.android.server.wm.WindowStateAnimator.commitFinishDrawingLocked:403 com.android.server.wm.DisplayContent.lambda$new$8:1159 
07-01 08:05:11.519  2570  2889 D OplusStartingWindowManager: interceptRemoveStartingWindow: packageName=com.ipdial,  componentName=com.ipdial/.MainActivityDefault, isSnapshot=false, startingSurfaceRunnable=null, isDrawCompleted=true, hasSurfaceView=false, inTransition=false
07-01 08:05:11.519  2570  2889 D OplusSplitScreenManagerService: notifyRemoveStartingWindow mOplusSpiltScreenDnDUI is null, just return!
07-01 08:05:11.519  2570  2889 D OplusStartingWindowManager: interceptRemoveStartingWindow: hasSplashWindowFlag() return false for activity=ActivityRecord{163530165 u0 com.ipdial/.MainActivityDefault t14854}
07-01 08:05:11.520 18979 19048 F libc    : ../src/pj/os_core_unix.c:1278: pj_status_t pj_mutex_lock(pj_mutex_t *): assertion "mutex" failed
07-01 08:05:11.520 18979 19048 F libc    : Fatal signal 6 (SIGABRT), code -1 (SI_QUEUE) in tid 19048 (DefaultDispatch), pid 18979 (com.ipdial)
07-01 08:05:11.521  2570  2889 D WindowManager: setFrameRateStart invalid typeId return!
07-01 08:05:11.523  4503  4946 I iopgp   : Iopgp: TRANSACTION_IOPGP_ON_ACTIVITY_LAUNCH_FINISHED sequence_id = 14 timestamp_nanos = 5868301358125
