07-01 08:02:38.238  2570  4687 D Transition:    ChangeInfo{85a7da container=DefaultTaskDisplayArea@74644813 flags=0x0}
07-01 08:02:38.238  2570  4687 D Transition:    ChangeInfo{ea9140b container=ActivityRecord{116431392 u0 com.android.launcher/.Launcher t5} flags=0x0}
07-01 08:02:38.238  2570  4687 D Transition:    ChangeInfo{1388593 container=Task{96667d7 #1 type=home} flags=0x30}
07-01 08:02:38.238  2570  4687 D Transition:    ChangeInfo{16b4dc9 container=WallpaperWindowToken{ce3237b showWhenLocked=false} flags=0x0}
07-01 08:02:38.238  2570  4687 D Transition:    ChangeInfo{d9b12e8 container=Task{ceecb50 #5 type=home I=com.android.launcher/.Launcher} flags=0x30}
07-01 08:02:38.238  2570  4687 D Transition:    ChangeInfo{75d9d0 container=Task{d2538f2 #14847 type=standard A=10806:com.ipdial} flags=0x10}
07-01 08:02:38.238  2570  4687 D Transition:    ChangeInfo{239ed01 container=ActivityRecord{238460097 u0 com.ipdial/.MainActivity t14847 f} isExiting} flags=0x0}
07-01 08:02:38.238  2570  4687 D Transition:    ChangeInfo{8a667a6 container=ActivityRecord{258513354 u0 com.ipdial/com.startapp.sdk.adsbase.consent.ConsentActivity t14847 f} isExiting} flags=0x0}
07-01 08:02:38.238  2570  4687 D Transition:    ChangeInfo{2d2e5e7 container=ActivityRecord{267923834 u0 com.google.android.permissioncontroller/com.android.permissioncontroller.permission.ui.GrantPermissionsActivity t14847 f}} flags=0x0}
07-01 08:02:38.238  2570  4687 D Transition: ]
07-01 08:02:38.238  2570  4687 D Transition: }
07-01 08:02:38.239  2570  4687 D ActivityTaskManager: commitVisibility: ActivityRecord{258513354 u0 com.ipdial/com.startapp.sdk.adsbase.consent.ConsentActivity t14847 f} isExiting}: visible=false visibleRequested=false, isInTransition=false 
07-01 08:02:38.239  2570  4687 D WindowManager: NFW_setClientVisible:ActivityRecord{258513354 u0 com.ipdial/com.startapp.sdk.adsbase.consent.ConsentActivity t14847 f} isExiting} clientVisible:false
07-01 08:02:38.239  2570  4687 W ActivityManager: pid 2570 system sent binder code 7 with flags 1 to frozen apps and got error -32
07-01 08:02:38.239  2570  4687 D ActivityManager: Too many transaction errors, throttling freezer binder callback.
07-01 08:02:38.240  2570  4687 W WindowManager: Exception thrown during dispatchAppVisibility Window{591c2fd u0 com.ipdial/com.startapp.sdk.adsbase.consent.ConsentActivity EXITING}
07-01 08:02:38.240  2570  4687 W WindowManager: android.os.DeadObjectException
07-01 08:02:38.240  2570  4687 W WindowManager: 	at android.os.BinderProxy.transactNative(Native Method)
07-01 08:02:38.240  2570  4687 W WindowManager: 	at android.os.BinderProxy.transact(BinderProxy.java:685)
07-01 08:02:38.240  2570  4687 W WindowManager: 	at android.view.IWindow$Stub$Proxy.dispatchAppVisibility(IWindow.java:609)
07-01 08:02:38.240  2570  4687 W WindowManager: 	at com.android.server.wm.WindowState.sendAppVisibilityToClients(WindowState.java:3670)
07-01 08:02:38.240  2570  4687 W WindowManager: 	at com.android.server.wm.WindowContainer.sendAppVisibilityToClients(WindowContainer.java:1499)
07-01 08:02:38.240  2570  4687 W WindowManager: 	at com.android.server.wm.WindowToken.setClientVisible(WindowToken.java:427)
07-01 08:02:38.240  2570  4687 W WindowManager: 	at com.android.server.wm.ActivityRecord.setClientVisible(ActivityRecord.java:8317)
07-01 08:02:38.240  2570  4687 W WindowManager: 	at com.android.server.wm.ActivityRecord.commitVisibility(ActivityRecord.java:6830)
07-01 08:02:38.240  2570  4687 W WindowManager: 	at com.android.server.wm.Transition.finishTransition(Transition.java:1706)
07-01 08:02:38.240  2570  4687 W WindowManager: 	at com.android.server.wm.TransitionController.finishTransition(TransitionController.java:1180)
07-01 08:02:38.240  2570  4687 W WindowManager: 	at com.android.server.wm.WindowOrganizerController.finishTransition(WindowOrganizerController.java:597)
07-01 08:02:38.240  2570  4687 W WindowManager: 	at android.window.IWindowOrganizerController$Stub.onTransact(IWindowOrganizerController.java:376)
07-01 08:02:38.240  2570  4687 W WindowManager: 	at com.android.server.wm.WindowOrganizerController.onTransact(WindowOrganizerController.java:240)
07-01 08:02:38.240  2570  4687 W WindowManager: 	at android.os.Binder.execTransactInternal(Binder.java:1439)
07-01 08:02:38.240  2570  4687 W WindowManager: 	at android.os.Binder.execTransact(Binder.java:1378)
07-01 08:02:38.240  2570  4687 I WindowManager: Window{591c2fd u0 com.ipdial/com.startapp.sdk.adsbase.consent.ConsentActivity EXITING} state from HAS_DRAWN to DRAW_PENDING; reason: resetDrawState
07-01 08:02:38.240  2570  4687 D Transition: finishTransition ar ActivityRecord{267923834 u0 com.google.android.permissioncontroller/com.android.permissioncontroller.permission.ui.GrantPermissionsActivity t14847 f}}, isVisibleRequested=false, state=STOPPING, visibleAtTransitionEndTokens={ActivityRecord{116431392 u0 com.android.launcher/.Launcher t5}, WallpaperWindowToken{ce3237b showWhenLocked=false}}, this=TransitionRecord{26c2fc id=162 track=0 type=CLOSE flags=0x10 state=2 c=[
07-01 08:02:38.240  2570  4687 D Transition:    ChangeInfo{ad1fd85 container=Display{#0 state=ON size=1080x2400 ROTATION_0} flags=0x0}
07-01 08:02:38.240  2570  4687 D Transition:    ChangeInfo{85a7da container=DefaultTaskDisplayArea@74644813 flags=0x0}
07-01 08:02:38.240  2570  4687 D Transition:    ChangeInfo{ea9140b container=ActivityRecord{116431392 u0 com.android.launcher/.Launcher t5} flags=0x0}
07-01 08:02:38.240  2570  4687 D Transition:    ChangeInfo{1388593 container=Task{96667d7 #1 type=home} flags=0x30}
07-01 08:02:38.240  2570  4687 D Transition:    ChangeInfo{16b4dc9 container=WallpaperWindowToken{ce3237b showWhenLocked=false} flags=0x0}
07-01 08:02:38.240  2570  4687 D Transition:    ChangeInfo{d9b12e8 container=Task{ceecb50 #5 type=home I=com.android.launcher/.Launcher} flags=0x30}
07-01 08:02:38.240  2570  4687 D Transition:    ChangeInfo{75d9d0 container=Task{d2538f2 #14847 type=standard A=10806:com.ipdial} flags=0x10}
07-01 08:02:38.240  2570  4687 D Transition:    ChangeInfo{239ed01 container=ActivityRecord{238460097 u0 com.ipdial/.MainActivity t14847 f} isExiting} flags=0x0}
07-01 08:02:38.240  2570  4687 D Transition:    ChangeInfo{8a667a6 container=ActivityRecord{258513354 u0 com.ipdial/com.startapp.sdk.adsbase.consent.ConsentActivity t14847 f} isExiting} flags=0x0}
07-01 08:02:38.240  2570  4687 D Transition:    ChangeInfo{2d2e5e7 container=ActivityRecord{267923834 u0 com.google.android.permissioncontroller/com.android.permissioncontroller.permission.ui.GrantPermissionsActivity t14847 f}} flags=0x0}
07-01 08:02:38.240  2570  4687 D Transition: ]
07-01 08:02:38.240  2570  4687 D Transition: }
07-01 08:02:38.241  2570  4687 D ActivityTaskManager: commitVisibility: ActivityRecord{267923834 u0 com.google.android.permissioncontroller/com.android.permissioncontroller.permission.ui.GrantPermissionsActivity t14847 f}}: visible=false visibleRequested=false, isInTransition=false 
07-01 08:02:38.241  2570  4687 D WindowManager: NFW_setClientVisible:ActivityRecord{267923834 u0 com.google.android.permissioncontroller/com.android.permissioncontroller.permission.ui.GrantPermissionsActivity t14847 f}} clientVisible:false
07-01 08:02:38.243  2570  4687 I WindowManager: Window{4c9a0dd u0 com.google.android.permissioncontroller/com.android.permissioncontroller.permission.ui.GrantPermissionsActivity} state from HAS_DRAWN to DRAW_PENDING; reason: resetDrawState
07-01 08:02:38.243  2570  4687 I OplusAppSwitchManagerService:  handleAppVisible , r = ActivityRecord{116431392 u0 com.android.launcher/.Launcher t5}
07-01 08:02:38.247  2570  4687 D QuickBackInputPolicy: hasMultiChildrenInTask: false
07-01 08:02:38.247  2570  4687 D WindowManager: NFW_findFocusedWindowIfNeeded:Window{24487cc u0 com.android.launcher/com.android.launcher.Launcher} mCurrentFocus:Window{24487cc u0 com.android.launcher/com.android.launcher.Launcher}
07-01 08:02:38.253  2570  4687 I TaskOrganizerController: onTaskInfoChanged taskid 14847 config { mBounds=Rect(0, 0 - 1080, 2400) mAppBounds=Rect(0, 0 - 1080, 2400) mMaxBounds=Rect(0, 0 - 1080, 2400) mDisplayRotation=ROTATION_0 mWindowingMode=fullscreen mActivityType=standard mAlwaysOnTop=undefined mRotation=ROTATION_0}
07-01 08:02:38.254  2570  4687 D OplusFlexibleDragToSplitAnimController: visibleFlexibleTaskInfos delete:14847
07-01 08:02:38.254  2570  4687 E FlexibleWindowManagerService: notifyTaskObserverToAttachController not need to notify!
07-01 08:02:38.254  2570  4687 I FlexibleWindowManagerService: onFlexibleWindowTaskInfoChanged, return for cur task not embedded
07-01 08:02:38.255  2570  4687 D SnapshotCache: removeRunningEntry id: 14847, callers=com.android.server.wm.SnapshotCache.onAppRemoved:91 com.android.server.wm.AbsAppSnapshotController.onAppRemoved:762 com.android.server.wm.SnapshotController.onAppRemoved:97 
07-01 08:02:38.256  2570  4687 D ActivityTaskManager: removeAppToken: ActivityRecord{258513354 u0 com.ipdial/com.startapp.sdk.adsbase.consent.ConsentActivity t14847 f}} delayed=false parent=Task{d2538f2 #14847 type=standard A=10806:com.ipdial} animating=false Callers=com.android.server.wm.ActivityRecord.removeImmediately:5344 com.android.server.wm.WindowToken.removeIfPossible:267 com.android.server.wm.WindowToken.handleCompleteDeferredRemoval:273 com.android.server.wm.WindowContainer.handleCompleteDeferredRemoval:1646 
07-01 08:02:38.256  2570  4687 D QuickBackInputPolicy: hasMultiChildrenInTask: false
07-01 08:02:38.256  2570  4687 D WindowManager: NFW_findFocusedWindowIfNeeded:Window{24487cc u0 com.android.launcher/com.android.launcher.Launcher} mCurrentFocus:Window{24487cc u0 com.android.launcher/com.android.launcher.Launcher}
07-01 08:02:38.261  2570  4687 I WindowManager: Window{591c2fd u0 com.ipdial/com.startapp.sdk.adsbase.consent.ConsentActivity EXITING} state from DRAW_PENDING to NO_SURFACE; reason: destroySurface
07-01 08:02:38.264  2570  4687 D QuickBackInputPolicy: hasMultiChildrenInTask: false
07-01 08:02:38.264  2570  4687 D WindowManager: NFW_findFocusedWindowIfNeeded:Window{24487cc u0 com.android.launcher/com.android.launcher.Launcher} mCurrentFocus:Window{24487cc u0 com.android.launcher/com.android.launcher.Launcher}
07-01 08:02:38.265  2570  4687 I TaskOrganizerController: onTaskInfoChanged taskid 14847 config { mBounds=Rect(0, 0 - 1080, 2400) mAppBounds=Rect(0, 0 - 1080, 2400) mMaxBounds=Rect(0, 0 - 1080, 2400) mDisplayRotation=ROTATION_0 mWindowingMode=fullscreen mActivityType=standard mAlwaysOnTop=undefined mRotation=ROTATION_0}
07-01 08:02:38.266  2570  4687 D OplusFlexibleDragToSplitAnimController: visibleFlexibleTaskInfos delete:14847
07-01 08:02:38.266  2570  4687 E FlexibleWindowManagerService: notifyTaskObserverToAttachController not need to notify!
07-01 08:02:38.266  2570  4687 I FlexibleWindowManagerService: onFlexibleWindowTaskInfoChanged, return for cur task not embedded
07-01 08:02:38.266  2570  4687 D ActivityTaskManager: removeAppToken: ActivityRecord{238460097 u0 com.ipdial/.MainActivity t14847 f}} delayed=false parent=Task{d2538f2 #14847 type=standard A=10806:com.ipdial} animating=false Callers=com.android.server.wm.ActivityRecord.removeImmediately:5344 com.android.server.wm.WindowToken.removeIfPossible:267 com.android.server.wm.WindowToken.handleCompleteDeferredRemoval:273 com.android.server.wm.WindowContainer.handleCompleteDeferredRemoval:1646 
07-01 08:02:38.266  2570  4687 D QuickBackInputPolicy: hasMultiChildrenInTask: false
07-01 08:02:38.266  2570  4687 D WindowManager: NFW_findFocusedWindowIfNeeded:Window{24487cc u0 com.android.launcher/com.android.launcher.Launcher} mCurrentFocus:Window{24487cc u0 com.android.launcher/com.android.launcher.Launcher}
07-01 08:02:38.269  2570  4687 I WindowManager: Window{50d3ee7 u0 com.ipdial/com.ipdial.MainActivity EXITING} state from DRAW_PENDING to NO_SURFACE; reason: destroySurface
07-01 08:02:38.271  2570  4687 D OplusTransitionController: finishTransition, transition: TransitionRecord{26c2fc id=162 track=0 type=CLOSE flags=0x10 state=4 c=[
07-01 08:02:38.271  2570  4687 D OplusTransitionController:    ChangeInfo{ad1fd85 container=Display{#0 state=ON size=1080x2400 ROTATION_0} flags=0x0}
07-01 08:02:38.271  2570  4687 D OplusTransitionController:    ChangeInfo{85a7da container=DefaultTaskDisplayArea@74644813 flags=0x0}
07-01 08:02:38.271  2570  4687 D OplusTransitionController:    ChangeInfo{ea9140b container=ActivityRecord{116431392 u0 com.android.launcher/.Launcher t5} flags=0x0}
07-01 08:02:38.271  2570  4687 D OplusTransitionController:    ChangeInfo{1388593 container=Task{96667d7 #1 type=home} flags=0x30}
07-01 08:02:38.271  2570  4687 D OplusTransitionController:    ChangeInfo{16b4dc9 container=WallpaperWindowToken{ce3237b showWhenLocked=false} flags=0x0}
07-01 08:02:38.271  2570  4687 D OplusTransitionController:    ChangeInfo{d9b12e8 container=Task{ceecb50 #5 type=home I=com.android.launcher/.Launcher} flags=0x30}
07-01 08:02:38.271  2570  4687 D OplusTransitionController:    ChangeInfo{75d9d0 container=Task{d2538f2 #14847 type=standard A=10806:com.ipdial} flags=0x10}
07-01 08:02:38.271  2570  4687 D OplusTransitionController:    ChangeInfo{239ed01 container=ActivityRecord{238460097 u0 com.ipdial/.MainActivity t-1 f}} flags=0x0}
07-01 08:02:38.271  2570  4687 D OplusTransitionController:    ChangeInfo{8a667a6 container=ActivityRecord{258513354 u0 com.ipdial/com.startapp.sdk.adsbase.consent.ConsentActivity t-1 f}} flags=0x0}
07-01 08:02:38.271  2570  4687 D OplusTransitionController:    ChangeInfo{2d2e5e7 container=ActivityRecord{267923834 u0 com.google.android.permissioncontroller/com.android.permissioncontroller.permission.ui.GrantPermissionsActivity t14847 f}} flags=0x0}
07-01 08:02:38.271  2570  4687 D OplusTransitionController: ]
07-01 08:02:38.271  2570  4687 D OplusTransitionController: }
07-01 08:02:38.271  2570  4687 D FlexibleTaskTransitionController:  finishTransition pendingRecentToFlexibleTask:null,isRotationTransition:false ,pendingRecentToFlexible:null ,transition:TransitionRecord{26c2fc id=162 track=0 type=CLOSE flags=0x10 state=4 c=[
07-01 08:02:38.271  2570  4687 D FlexibleTaskTransitionController:    ChangeInfo{ad1fd85 container=Display{#0 state=ON size=1080x2400 ROTATION_0} flags=0x0}
07-01 08:02:38.271  2570  4687 D FlexibleTaskTransitionController:    ChangeInfo{85a7da container=DefaultTaskDisplayArea@74644813 flags=0x0}
07-01 08:02:38.271  2570  4687 D FlexibleTaskTransitionController:    ChangeInfo{ea9140b container=ActivityRecord{116431392 u0 com.android.launcher/.Launcher t5} flags=0x0}
07-01 08:02:38.271  2570  4687 D FlexibleTaskTransitionController:    ChangeInfo{1388593 container=Task{96667d7 #1 type=home} flags=0x30}
07-01 08:02:38.271  2570  4687 D FlexibleTaskTransitionController:    ChangeInfo{16b4dc9 container=WallpaperWindowToken{ce3237b showWhenLocked=false} flags=0x0}
07-01 08:02:38.271  2570  4687 D FlexibleTaskTransitionController:    ChangeInfo{d9b12e8 container=Task{ceecb50 #5 type=home I=com.android.launcher/.Launcher} flags=0x30}
07-01 08:02:38.271  2570  4687 D FlexibleTaskTransitionController:    ChangeInfo{75d9d0 container=Task{d2538f2 #14847 type=standard A=10806:com.ipdial} flags=0x10}
07-01 08:02:38.271  2570  4687 D FlexibleTaskTransitionController:    ChangeInfo{239ed01 container=ActivityRecord{238460097 u0 com.ipdial/.MainActivity t-1 f}} flags=0x0}
07-01 08:02:38.271  2570  4687 D FlexibleTaskTransitionController:    ChangeInfo{8a667a6 container=ActivityRecord{258513354 u0 com.ipdial/com.startapp.sdk.adsbase.consent.ConsentActivity t-1 f}} flags=0x0}
07-01 08:02:38.271  2570  4687 D FlexibleTaskTransitionController:    ChangeInfo{2d2e5e7 container=ActivityRecord{267923834 u0 com.google.android.permissioncontroller/com.android.permissioncontroller.permission.ui.GrantPermissionsActivity t14847 f}} flags=0x0}
07-01 08:02:38.271  2570  4687 D FlexibleTaskTransitionController: ]
07-01 08:02:38.271  2570  4687 D FlexibleTaskTransitionController: }
07-01 08:02:38.272  2570  4687 D KEYLOG_PhoneWindowManager: setKeyguardOccludedLw occluded=false,false,true
07-01 08:02:38.272  2570  4687 D KEYLOG_PhoneWindowManager: setKeyguardOccludedLw occluded=false,false,false
07-01 08:02:38.272  2570  2938 W UserAwareMgr: event can not be released, id: 5005, count: 2, releasePid: 2570
07-01 08:02:38.273  2570  4687 D TransitionControllerExtImpl: NFW_send RECOMPUTE_FOCUS in finishTransition
07-01 08:02:38.273  3855  3923 D ShellTaskOrganizer: onTransitionFinish, isRecent:false
07-01 08:02:38.273  3855  3923 V WindowManagerShell: Track 0 became idle
07-01 08:02:38.273  3855  3923 V WindowManagerShell: All active transition animations finished
07-01 08:02:38.279  2570  3891 W ActivityManager: Slow operation: 51ms so far, now at attachApplicationLocked: after updateOomAdjLocked
07-01 08:02:38.280  2570  2889 I TaskOrganizerController: onTaskInfoChanged taskid 14847 config { mBounds=Rect(0, 0 - 1080, 2400) mAppBounds=Rect(0, 0 - 1080, 2400) mMaxBounds=Rect(0, 0 - 1080, 2400) mDisplayRotation=ROTATION_0 mWindowingMode=fullscreen mActivityType=standard mAlwaysOnTop=undefined mRotation=ROTATION_0}
07-01 08:02:38.280  2570  2889 D OplusFlexibleDragToSplitAnimController: visibleFlexibleTaskInfos delete:14847
07-01 08:02:38.280  2570  2889 E FlexibleWindowManagerService: notifyTaskObserverToAttachController not need to notify!
07-01 08:02:38.281  2570  2889 I FlexibleWindowManagerService: onFlexibleWindowTaskInfoChanged, return for cur task not embedded
07-01 08:02:38.282  2570  4387 V WindowManager: Relayout Window{4c9a0dd u0 com.google.android.permissioncontroller/com.android.permissioncontroller.permission.ui.GrantPermissionsActivity}: viewVisibility=8, oldvis=0, req=1026x856 , apr = 0, vsysui=
07-01 08:02:38.287  2570  4387 D QuickBackInputPolicy: hasMultiChildrenInTask: false
07-01 08:02:38.287  2570  4387 D WindowManager: NFW_findFocusedWindowIfNeeded:Window{24487cc u0 com.android.launcher/com.android.launcher.Launcher} mCurrentFocus:Window{24487cc u0 com.android.launcher/com.android.launcher.Launcher}
07-01 08:02:38.312 16609 16609 V Configuration: Updating configuration, locales updated from [] to [en_BD]
07-01 08:02:38.312  2570  2886 D QuickBackInputPolicy: hasMultiChildrenInTask: false
07-01 08:02:38.312  2570  2886 D WindowManager: NFW_findFocusedWindowIfNeeded:Window{24487cc u0 com.android.launcher/com.android.launcher.Launcher} mCurrentFocus:Window{24487cc u0 com.android.launcher/com.android.launcher.Launcher}
07-01 08:02:38.319  2570  7686 D CoreBackPreview: Window{4c9a0dd u0 com.google.android.permissioncontroller/com.android.permissioncontroller.permission.ui.GrantPermissionsActivity}: Setting back callback null
07-01 08:02:38.323  2570  3891 I WindowManager: Window{4c9a0dd u0 com.google.android.permissioncontroller/com.android.permissioncontroller.permission.ui.GrantPermissionsActivity} state from DRAW_PENDING to NO_SURFACE; reason: destroySurface
07-01 08:02:38.326  2570  3891 D QuickBackInputPolicy: hasMultiChildrenInTask: false
07-01 08:02:38.326  2570  3891 D WindowManager: NFW_findFocusedWindowIfNeeded:Window{24487cc u0 com.android.launcher/com.android.launcher.Launcher} mCurrentFocus:Window{24487cc u0 com.android.launcher/com.android.launcher.Launcher}
07-01 08:02:38.328  2570  7686 D ActivityTaskManager: removeAppToken: ActivityRecord{267923834 u0 com.google.android.permissioncontroller/com.android.permissioncontroller.permission.ui.GrantPermissionsActivity t14847 f}} delayed=false parent=Task{d2538f2 #14847 type=standard A=10806:com.ipdial} animating=false Callers=com.android.server.wm.DisplayContent.removeAppToken:1764 com.android.server.wm.ActivityRecord.removeFromHistory:4970 com.android.server.wm.ActivityRecord.destroyed:5060 com.android.server.wm.ActivityClientController.activityDestroyed:339 
07-01 08:02:38.329  2570  7686 D OplusMirageWindowManagerService: onTaskRemoved displayid:0 taskId:14847 callers:com.android.server.wm.MirageWindowManagerExtImpl.onTaskRemoved:47 com.android.server.wm.TaskDisplayArea.removeChildTask:391 com.android.server.wm.TaskDisplayArea.removeChild:380 com.android.server.wm.WindowContainer.removeImmediately:1098 com.android.server.wm.TaskFragment.removeImmediately:3767 
07-01 08:02:38.330  2570  7686 I OplusScreenSecurityMask: onStackRemoved task = Task{d2538f2 #14847 type=standard A=10806:com.ipdial} record = null displayId = 0
07-01 08:02:38.331  2570  3668 D BackgroundInstallControlService: Package event received: 0
07-01 08:02:38.336  2570  2889 D OplusFlexibleWindowMinimizedManagerHelper: onTaskVanished taskInfo:14847 task:Task{d2538f2 #14847 type=standard A=10806:com.ipdial}
07-01 08:02:38.336  2570  2889 D OplusFlexibleDragToSplitAnimController: visibleFlexibleTaskInfos delete:14847
07-01 08:02:38.336  2570  2889 D FlexibleTaskController: no need releaseFlexibleCaptionView or destroyFlexibleDragLeash when non-caption-view-task vanished, task=Task{d2538f2 #14847 type=standard A=10806:com.ipdial}
07-01 08:02:38.336  2570  2889 D FlexibleWindowManagerService: notifyFlexibleTaskVanish taskId : 14847 is not taskEmbedded
07-01 08:02:38.336  2570  2889 D FlexibleWindowManagerService: onFlexibleWindowTaskVanished: task = 14847,size:0
07-01 08:02:38.337  2570  2889 D OplusFlexibleWindowMinimizedManagerHelper: onTaskVanished taskInfo:14847 task:Task{d2538f2 #14847 type=standard A=10806:com.ipdial}
07-01 08:02:38.337  2570  2889 D OplusFlexibleDragToSplitAnimController: visibleFlexibleTaskInfos delete:14847
07-01 08:02:38.337  2570  2889 D FlexibleTaskController: no need releaseFlexibleCaptionView or destroyFlexibleDragLeash when non-caption-view-task vanished, task=Task{d2538f2 #14847 type=standard A=10806:com.ipdial}
07-01 08:02:38.337  2570  2889 D FlexibleWindowManagerService: notifyFlexibleTaskVanish taskId : 14847 is not taskEmbedded
07-01 08:02:38.337  2570  2889 D FlexibleWindowManagerService: onFlexibleWindowTaskVanished: task = 14847,size:0
07-01 08:02:38.342  3855  3923 D FlexibleSeekBarManager: removeAlpha for taskId=14847
07-01 08:02:38.344  2570  7686 D ActivityTaskManager: Skipping, invisible task: Task{ceecb50 #5 type=home I=com.android.launcher/.Launcher}
07-01 08:02:38.344  2570  7686 D OplusSplitScreenManagerService: com.android.settings unSupportsSplitScreen by blockList or ForbidActivityList
07-01 08:02:38.344  2570  7686 D OplusSplitScreenManagerService: com.android.settings unSupportsSplitScreen by blockList or ForbidActivityList
07-01 08:02:38.345  2570  7686 D OplusSplitScreenManagerService: com.android.settings unSupportsSplitScreen by blockList or ForbidActivityList
07-01 08:02:38.345  2570  7686 D OplusSplitScreenManagerService: com.android.settings unSupportsSplitScreen by blockList or ForbidActivityList
07-01 08:02:38.347  2570  7686 D ActivityTaskManager: after skip size:7,pre-Filtered:com.ipdial # com.android.settings # com.android.settings # com.android.settings # com.google.android.youtube # com.facebook.katana # com.google.android.apps.messaging # 
07-01 08:02:38.360  2570  2938 W UserAwareMgr: event can not be released, id: 2020, count: 2, releasePid: 4086
07-01 08:02:38.361  2570  7686 D ActivityTaskManager: Skipping, invisible task: Task{ceecb50 #5 type=home I=com.android.launcher/.Launcher}
07-01 08:02:38.361  2570  7686 D OplusSplitScreenManagerService: com.android.settings unSupportsSplitScreen by blockList or ForbidActivityList
07-01 08:02:38.361  2570  7686 D OplusSplitScreenManagerService: com.android.settings unSupportsSplitScreen by blockList or ForbidActivityList
07-01 08:02:38.361  2570  7686 D OplusSplitScreenManagerService: com.android.settings unSupportsSplitScreen by blockList or ForbidActivityList
07-01 08:02:38.362  2570  7686 D OplusSplitScreenManagerService: com.android.settings unSupportsSplitScreen by blockList or ForbidActivityList
07-01 08:02:38.362  2570  7686 D ActivityTaskManager: after skip size:7,pre-Filtered:com.ipdial # com.android.settings # com.android.settings # com.android.settings # com.google.android.youtube # com.facebook.katana # com.google.android.apps.messaging # 
07-01 08:02:38.383  2570  3891 W PackageManager: package com.oplus.crashbox uid 1000 pid 16593 call SetEnabledSetting(com.oplus.crashbox component = androidx.work.impl.background.systemjob.SystemJobService, 1, 0)
07-01 08:02:38.393  2570  4646 I ActivityManager: Flag disabled. Ignoring finishAttachApplication from uid: 1000. pid: 16593
07-01 08:02:38.405  2570  3891 W OplusSelfProtectManager: pkg[com.oplus.crashbox] not in policy list
07-01 08:02:38.411  2570  2570 W OplusSelfProtectManager: pkg[com.oplus.crashbox] not in policy list
07-01 08:02:38.412  2570  2570 W OplusSelfProtectManager: pkg[com.oplus.crashbox] not in policy list
07-01 08:02:38.413  2570  3891 W OplusSelfProtectManager: pkg[com.oplus.crashbox] not in policy list
07-01 08:02:38.418 16593 16633 W ContextImpl: Calling a method in the system process without a qualified user: android.app.ContextImpl.startService:2032 android.content.ContextWrapper.startService:865 com.oplus.crashbox.h.w:37 com.oplus.crashbox.h.f:0 com.oplus.crashbox.g.run:2 
07-01 08:02:38.429 16609 16609 D ResourcesManagerExtImpl: applyConfigurationToAppResourcesLocked app.getDisplayId() return callback.displayId:-1
07-01 08:02:38.532  2570  7686 I ActivityManager: Flag disabled. Ignoring finishAttachApplication from uid: 10174. pid: 16609
07-01 08:02:38.536  2570  2967 I ActivityManager: Start proc 16649:com.google.android.rkpdapp/u0a273 for service {com.google.android.rkpdapp/com.android.rkpdapp.service.RemoteProvisioningService}
07-01 08:02:38.536  2570  2883 I ActivityManager: ProcessObserver broadcast disabled
07-01 08:02:38.539  2570  3352 I MemoryOperationUtils: add 16649 to inactive
07-01 08:02:38.556  2570  4467 W ActivityManager: Background start not allowed: service Intent { act=com.oppo.weather.auto_getlocalcity xflg=0x4 pkg=com.coloros.weather.service (has extras) mCallingUid=10174 } to com.coloros.weather.service/com.oplus.weather.service.location.AutoGetLocationService from pid=16609 uid=10174 pkg=com.coloros.weather.service startFg?=false
07-01 08:02:38.565  2570  3349 I ActivityManager: Background started FGS: Allowed [callingPackage: com.coloros.weather.service; callingUid: 10174; uidState: SVC ; uidBFSL: n/a; intent: Intent { act=com.oppo.weather.auto_getlocalcity xflg=0x4 pkg=com.coloros.weather.service (has extras) mCallingUid=10174 }; code:FGS_BINDING; tempAllowListReason:<null>; allowWiu:-1; targetSdkVersion:36; callerTargetSdkVersion:36; startForegroundCount:0; bindFromPackage:com.oneplus.deskclock: isBindService:false]
07-01 08:02:38.577  2570  7686 W ActivityManager: Foreground service started from background can not have location/camera/microphone access: service com.coloros.weather.service/com.oplus.weather.service.location.AutoGetLocationService
07-01 08:02:38.582  2570  4646 D ActivityTaskManagerServiceExtImpl: preBindApplication record is null
07-01 08:02:38.598 16649 16649 V Configuration: Updating configuration, locales updated from [] to [en_BD]
07-01 08:02:38.606 16649 16649 E OplusCustomizePackageManager: mIOplusCustomizePackageManagerService is null
07-01 08:02:38.607 16649 16649 E OplusCustomizePackageManager: mIOplusCustomizePackageManagerService is null
07-01 08:02:38.607 16649 16649 E OplusCustomizePackageManager: isOplusCertificatePackage Errorjava.lang.NullPointerException: Attempt to invoke interface method 'boolean android.os.customize.IOplusCustomizePackageManagerService.isOplusCertificatePackage(java.lang.String)' on a null object reference
07-01 08:02:38.634 16649 16649 D ResourcesManagerExtImpl: applyConfigurationToAppResourcesLocked app.getDisplayId() return callback.displayId:-1
07-01 08:02:38.642  2570  4467 I ActivityManager: Flag disabled. Ignoring finishAttachApplication from uid: 10273. pid: 16649
07-01 08:02:38.643  2570  4467 I AppWidgetServiceImpl: lookupWidgetLocked widgetId=12, uid=10162, packageName=com.oneplus.deskclock, mWidgets.size=1
07-01 08:02:38.643  2570  4467 I AppWidgetServiceImpl: isDifferentPackageFromProvider provider.id=ProviderId{user:0, app:10162, cmp:ComponentInfo{com.oneplus.deskclock/com.coloros.widget.smallweather.OppoWeatherSingle}}, provider.id.componentName=ComponentInfo{com.oneplus.deskclock/com.coloros.widget.smallweather.OppoWeatherSingle}, packageName=com.oneplus.deskclock, providerpackgename=com.oneplus.deskclock
07-01 08:02:38.653 14975 15021 I AppWidgetManager: updateAppWidgetIds, mPackageName: com.oneplus.deskclock, appWidgetIds: [12], views:android.widget.RemoteViews@903af33
07-01 08:02:38.655  2570  4387 D AppWidgetServiceImpl: updateAppWidgetIds remoteViews = android.widget.RemoteViews@8ad91b4
07-01 08:02:38.655  2570  4387 D AppWidgetServiceImpl: action size = 36
07-01 08:02:38.655  2570  4387 I AppWidgetServiceImpl: lookupWidgetLocked widgetId=12, uid=10162, packageName=com.oneplus.deskclock, mWidgets.size=1
07-01 08:02:38.655  2570  4387 I AppWidgetServiceImpl: isDifferentPackageFromProvider provider.id=ProviderId{user:0, app:10162, cmp:ComponentInfo{com.oneplus.deskclock/com.coloros.widget.smallweather.OppoWeatherSingle}}, provider.id.componentName=ComponentInfo{com.oneplus.deskclock/com.coloros.widget.smallweather.OppoWeatherSingle}, packageName=com.oneplus.deskclock, providerpackgename=com.oneplus.deskclock
07-01 08:02:38.655  2570  4387 I AppWidgetServiceImpl: updateViews: 159650269 widget:AppWidgetId{12:Host{HostId{user:0, app:10191, hostId:1024, pkg:com.android.launcher}}:Provider{ProviderId{user:0, app:10162, cmp:ComponentInfo{com.oneplus.deskclock/com.coloros.widget.smallweather.OppoWeatherSingle}}}}
07-01 08:02:38.656  2570  3637 I AppWidgetServiceImpl: handleNotifyUpdateAppWidget,appWidgetId: 12,packageName:com.oneplus.deskclock
07-01 08:02:38.656  2570  3637 D AppWidgetServiceImpl: Trying to notify widget update for package com.oneplus.deskclock with widget id: 12 callbacks:com.android.internal.appwidget.IAppWidgetHost$Stub$Proxy@7bbdcf0
07-01 08:02:38.658  4086  4086 D AppWidgetHostView: inflateAsync(rvToApply), appWidgetId: 12
07-01 08:02:38.898  1144 16689 I keystore2: system/security/keystore2/src/database.rs:1412 - First database operation finished.
07-01 08:02:40.506  2570  3519 V AlarmManager: sending alarm Alarm{28a8302 type 3 origWhen 23926923 whenElapsed 23929942 com.google.android.gms} uid 10125 whenElapsed 23929942 windowLength 0 maxWhenElapsed 23929942 repeatInterval 0 action com.google.android.gms.gcm.ACTION_CHECK_QUEUE component ComponentInfo{com.google.android.gms/com.google.android.gms.gcm.nts.SchedulerInternalReceiver} flags 0x0 procName com.google.android.gms.persistent
07-01 08:02:43.138  2570  3073 D OplusDexOptimizeManager: packageName: com.ipdial Dexopt state is: verify
07-01 08:02:43.138  2570  3073 D OplusDexOptimizeManager:  Do not in AppLaunchOptList! com.ipdial or need repair:false
07-01 08:02:44.780  2570  3352 D osense.compress: com.android.settings do shrink, target ratio = 10, final ratio = 20, cur ratio = 0
07-01 08:02:44.793  2570  3352 D osense.compress: com.google.android.youtube do shrink, target ratio = 35, final ratio = 70, cur ratio = 0
07-01 08:02:45.646  2570  3891 W ContextImpl: Calling a method in the system process without a qualified user: android.app.ContextImpl.sendBroadcastMultiplePermissions:1331 android.content.Context.sendBroadcastMultiplePermissions:2583 com.android.server.TelephonyRegistry.broadcastServiceStateChanged:4232 com.android.server.TelephonyRegistry.notifyServiceStateForPhoneId:1873 com.android.internal.telephony.ITelephonyRegistry$Stub.onTransact:613 
07-01 08:02:45.646  2570  7686 W ContextImpl: Calling a method in the system process without a qualified user: android.app.ContextImpl.sendBroadcastMultiplePermissions:1364 android.content.Context.sendBroadcastMultiplePermissions:2529 android.content.Context.sendBroadcastMultiplePermissions:2517 com.android.server.TelephonyRegistry.broadcastDataConnectionStateChanged:4437 com.android.server.TelephonyRegistry.notifyDataConnectionForSubscriber:2346 
07-01 08:02:45.648  2570  3891 W ContextImpl: Calling a method in the system process without a qualified user: android.app.ContextImpl.sendBroadcastMultiplePermissions:1364 com.android.server.TelephonyRegistry.broadcastServiceStateChanged:4236 com.android.server.TelephonyRegistry.notifyServiceStateForPhoneId:1873 com.android.internal.telephony.ITelephonyRegistry$Stub.onTransact:613 android.os.Binder.execTransactInternal:1444 
07-01 08:02:45.651  2570  3891 W ContextImpl: Calling a method in the system process without a qualified user: android.app.ContextImpl.sendBroadcastMultiplePermissions:1364 com.android.server.TelephonyRegistry.broadcastServiceStateChanged:4245 com.android.server.TelephonyRegistry.notifyServiceStateForPhoneId:1873 com.android.internal.telephony.ITelephonyRegistry$Stub.onTransact:613 android.os.Binder.execTransactInternal:1444 
07-01 08:02:45.653  2570  3891 W ContextImpl: Calling a method in the system process without a qualified user: android.app.ContextImpl.sendBroadcastMultiplePermissions:1364 com.android.server.TelephonyRegistry.broadcastServiceStateChanged:4251 com.android.server.TelephonyRegistry.notifyServiceStateForPhoneId:1873 com.android.internal.telephony.ITelephonyRegistry$Stub.onTransact:613 android.os.Binder.execTransactInternal:1444 
07-01 08:02:49.395  1144 16644 I keystore2: system/security/keystore2/watchdog/src/lib.rs:377 - Watchdog thread idle -> terminating. Have a great day.
07-01 08:02:53.080  2570  2967 I ActivityManager: Start proc 16731:com.ipdial/u0a806 for service {com.ipdial/com.ipdial.service.SipService}
07-01 08:02:53.081  2570  2967 W ContextImpl: Calling a method in the system process without a qualified user: android.app.ContextImpl.sendBroadcast:1281 com.android.server.am.OplusAppStartupConfig.sendAbnormalNotify:2301 com.android.server.am.OplusAppStartupConfig.notifyAbnormalInfo:2234 com.android.server.am.OplusAppStartupManager.handleStartAppInfo:5835 com.android.server.am.ProcessListExtImpl.hookHandleProcessStart:338 
07-01 08:02:53.081  2570  2883 I ActivityManager: ProcessObserver broadcast disabled
07-01 08:02:53.082  2570  3352 I MemoryOperationUtils: add 16731 to com.ipdial
07-01 08:02:53.141  2570  4467 D ActivityTaskManagerServiceExtImpl: preBindApplication record is null
07-01 08:02:53.151  2570  2964 D NotificationService--OplusNotificationFixHelper: fixAppIcon: pkg=com.ipdial
07-01 08:02:53.151  2570  2964 D NotificationService--OplusNotificationFixHelper: fixAppIcon: appIcon = null, pkg = com.ipdial
07-01 08:02:53.163 16731 16731 V Configuration: Updating configuration, locales updated from [] to [en_BD]
07-01 08:02:53.185 16731 16731 D ResourcesManagerExtImpl: applyConfigurationToAppResourcesLocked app.getDisplayId() return callback.displayId:-1
07-01 08:02:53.270  2570  4467 W PackageManager: package com.ipdial uid 10806 pid 16731 call SetEnabledSetting(com.ipdial component = com.ipdial.MainActivity, 1, 0)
07-01 08:02:53.272  2570  4467 I ActivityManager: Flag disabled. Ignoring finishAttachApplication from uid: 10806. pid: 16731
07-01 08:02:53.282  2570  3607 D OplusPreferencesHelperExt: System process lookup: using actual UID 1000 for package android
07-01 08:02:53.282  2570  3607 D OplusPreferencesHelperExt: System process lookup: using actual UID 1000 for package android
07-01 08:02:53.302  2570  3891 I VibratorManagerServiceExtImpl: cancelVibrate uid=10806, pid=16731, usageFilter=-1, token=127144676
07-01 08:02:53.303  2570  2964 D NotificationService--OplusNotificationFixHelper: fixAppIcon: pkg=com.ipdial
07-01 08:02:53.303  2570  2964 D NotificationService--OplusNotificationFixHelper: fixAppIcon: appIcon = null, pkg = com.ipdial
07-01 08:02:53.310  2570  2964 D NotificationService--OplusNotificationFixHelper: fixAppIcon: pkg=com.ipdial
07-01 08:02:53.310  2570  2964 D NotificationService--OplusNotificationFixHelper: fixAppIcon: appIcon = null, pkg = com.ipdial
07-01 08:02:53.319 16731 16762 F libc    : ../src/pj/os_core_unix.c:1278: pj_status_t pj_mutex_lock(pj_mutex_t *): assertion "mutex" failed
07-01 08:02:53.319 16731 16762 F libc    : Fatal signal 6 (SIGABRT), code -1 (SI_QUEUE) in tid 16762 (DefaultDispatch), pid 16731 (com.ipdial)
07-01 08:02:53.538 16731 16778 D OplusInputMethodUtil: init sDebug to false, init sDebugIme to false, init sAlwaysOn to false
07-01 08:02:53.538 16731 16778 D OplusInputMethodUtil: updateDebugToClass InputMethodManager.DEBUG = false
07-01 08:02:53.538 16731 16778 D OplusInputMethodUtil: updateDebugToClass ImeFocusController.DEBUG = false
07-01 08:02:53.538 16731 16778 D OplusInputMethodUtil: updateDebugToClass OnBackInvokedDispatcher.DEBUG = false
07-01 08:02:53.538 16731 16778 D OplusInputMethodUtil: updateDebugToClass InsetsController.DEBUG = false
07-01 08:02:53.538 16731 16778 D OplusInputMethodUtil: updateDebugToClass BaseInputConnection.DEBUG = false
07-01 08:02:53.640  2570  8289 D UsageStatsService: User[0] type=0 b=1782870863898 e=1782871373638 cb=1782787709426 ce=1782871373382 disk=0 all=18
07-01 08:02:53.693 16780 16780 F DEBUG   : Process name is com.ipdial, uid is 10806, not key_process
07-01 08:02:53.693 16780 16780 F DEBUG   : keyProcess: 0
07-01 08:02:53.693 16780 16780 F DEBUG   : *** *** *** *** *** *** *** *** *** *** *** *** *** *** *** ***
07-01 08:02:53.693 16780 16780 F DEBUG   : Build fingerprint: 'OnePlus/CPH2621/OP5D49L1:16/BP2A.250605.015/U.R4T2.370c561-12d1a45-12d89e9:user/release-keys'
07-01 08:02:53.693 16780 16780 F DEBUG   : Revision: '0'
07-01 08:02:53.693 16780 16780 F DEBUG   : ABI: 'arm64'
07-01 08:02:53.693 16780 16780 F DEBUG   : Timestamp: 2026-07-01 08:02:53.455556040+0600
07-01 08:02:53.693 16780 16780 F DEBUG   : Process uptime: 1s
07-01 08:02:53.693 16780 16780 F DEBUG   : Cmdline: com.ipdial
07-01 08:02:53.693 16780 16780 F DEBUG   : pid: 16731, tid: 16762, name: DefaultDispatch  >>> com.ipdial <<<
07-01 08:02:53.693 16780 16780 F DEBUG   : uid: 10806
07-01 08:02:53.693 16780 16780 F DEBUG   : tagged_addr_ctrl: 0000000000000001 (PR_TAGGED_ADDR_ENABLE)
07-01 08:02:53.693 16780 16780 F DEBUG   : signal 6 (SIGABRT), code -1 (SI_QUEUE), fault addr --------
07-01 08:02:53.693 16780 16780 F DEBUG   : Abort message: '../src/pj/os_core_unix.c:1278: pj_status_t pj_mutex_lock(pj_mutex_t *): assertion "mutex" failed'
07-01 08:02:53.693 16780 16780 F DEBUG   :     x0  0000000000000000  x1  000000000000417a  x2  0000000000000006  x3  0000007b4d9b73e0
07-01 08:02:53.693 16780 16780 F DEBUG   :     x4  6f1f393736313039  x5  6f1f393736313039  x6  6f1f393736313039  x7  7f7f7f7f7f7f7f7f
07-01 08:02:53.693 16780 16780 F DEBUG   :     x8  00000000000000f0  x9  9c1f00ac191349e8  x10 000000ff00000020  x11 0000000000000000
07-01 08:02:53.693 16780 16780 F DEBUG   :     x12 000000006a44754d  x13 000000007fffffff  x14 000000000028487a  x15 0000006b0e521b7f
07-01 08:02:53.693 16780 16780 F DEBUG   :     x16 0000007c857d8828  x17 0000007c857bdb80  x18 0000007b4eb3c000  x19 000000000000415b
07-01 08:02:53.693 16780 16780 F DEBUG   :     x20 000000000000417a  x21 00000000ffffffff  x22 b400007bb5679a00  x23 0000000000000000
07-01 08:02:53.693 16780 16780 F DEBUG   :     x24 0000000000000000  x25 0000007b4d9b79a8  x26 b400007b54a45e70  x27 b400007bb5866380
07-01 08:02:53.693 16780 16780 F DEBUG   :     x28 0000000000000056  x29 0000007b4d9b7460
07-01 08:02:53.693 16780 16780 F DEBUG   :     lr  0000007c857578e8  sp  0000007b4d9b73e0  pc  0000007c8575790c  pst 0000000000001000
07-01 08:02:53.693 16780 16780 F DEBUG   : 28 total frames
07-01 08:02:53.693 16780 16780 F DEBUG   : backtrace:
07-01 08:02:53.693 16780 16780 F DEBUG   :       #00 pc 000000000008a90c  /apex/com.android.runtime/lib64/bionic/libc.so (abort+160) (BuildId: e86c12767b7ffe779233d6bd0a8f6b8a)
07-01 08:02:53.693 16780 16780 F DEBUG   :       #01 pc 000000000008b190  /apex/com.android.runtime/lib64/bionic/libc.so (__assert2+40) (BuildId: e86c12767b7ffe779233d6bd0a8f6b8a)
07-01 08:02:53.693 16780 16780 F DEBUG   :       #02 pc 0000000000589614  /data/app/~~E3gtp_mW0Bns0peHOyZtAA==/com.ipdial--R9HsdJsWw-1OWn_Ueg3Zw==/lib/arm64/libpjsua2.so (pj_mutex_lock+124) (BuildId: 69dfd2f5d7a61abb87f953b9fe98831da87032c4)
07-01 08:02:53.693 16780 16780 F DEBUG   :       #03 pc 00000000002b639c  /data/app/~~E3gtp_mW0Bns0peHOyZtAA==/com.ipdial--R9HsdJsWw-1OWn_Ueg3Zw==/lib/arm64/libpjsua2.so (pj::Endpoint::libRegisterThread(std::__ndk1::basic_string<char, std::__ndk1::char_traits<char>, std::__ndk1::allocator<char>> const&)+640) (BuildId: 69dfd2f5d7a61abb87f953b9fe98831da87032c4)
07-01 08:02:53.693 16780 16780 F DEBUG   :       #04 pc 0000000000242974  /data/app/~~E3gtp_mW0Bns0peHOyZtAA==/com.ipdial--R9HsdJsWw-1OWn_Ueg3Zw==/lib/arm64/libpjsua2.so (Java_org_pjsip_pjsua2_pjsua2JNI_Endpoint_1libRegisterThread+236) (BuildId: 69dfd2f5d7a61abb87f953b9fe98831da87032c4)
07-01 08:02:53.693 16780 16780 F DEBUG   :       #05 pc 00000000012624f8  /data/misc/apexdata/com.android.art/dalvik-cache/arm64/boot.oat (art_jni_trampoline+136)
07-01 08:02:53.693 16780 16780 F DEBUG   :       #06 pc 000000000072b39c  /apex/com.android.art/lib64/libart.so (nterp_helper+780) (BuildId: cecb684d19b4f44ee3cbd66142c315f4)
07-01 08:02:53.693 16780 16780 F DEBUG   :       #07 pc 000000000058e86e  /data/app/~~E3gtp_mW0Bns0peHOyZtAA==/com.ipdial--R9HsdJsWw-1OWn_Ueg3Zw==/oat/arm64/base.vdex (org.pjsip.pjsua2.Endpoint.libRegisterThread+10)
07-01 08:02:53.693 16780 16780 F DEBUG   :       #08 pc 000000000072b884  /apex/com.android.art/lib64/libart.so (nterp_helper+2036) (BuildId: cecb684d19b4f44ee3cbd66142c315f4)
07-01 08:02:53.693 16780 16780 F DEBUG   :       #09 pc 00000000004ed396  /data/app/~~E3gtp_mW0Bns0peHOyZtAA==/com.ipdial--R9HsdJsWw-1OWn_Ueg3Zw==/oat/arm64/base.vdex (com.ipdial.service.SipEngine.init+194)
07-01 08:02:53.693 16780 16780 F DEBUG   :       #10 pc 000000000072b884  /apex/com.android.art/lib64/libart.so (nterp_helper+2036) (BuildId: cecb684d19b4f44ee3cbd66142c315f4)
07-01 08:02:53.693 16780 16780 F DEBUG   :       #11 pc 00000000001dadd0  /data/app/~~E3gtp_mW0Bns0peHOyZtAA==/com.ipdial--R9HsdJsWw-1OWn_Ueg3Zw==/oat/arm64/base.vdex (ip.invokeSuspend+376)
07-01 08:02:53.693 16780 16780 F DEBUG   :       #12 pc 000000000072b884  /apex/com.android.art/lib64/libart.so (nterp_helper+2036) (BuildId: cecb684d19b4f44ee3cbd66142c315f4)
07-01 08:02:53.693 16780 16780 F DEBUG   :       #13 pc 00000000001d7a46  /data/app/~~E3gtp_mW0Bns0peHOyZtAA==/com.ipdial--R9HsdJsWw-1OWn_Ueg3Zw==/oat/arm64/base.vdex (io.resumeWith+14)
07-01 08:02:53.693 16780 16780 F DEBUG   :       #14 pc 000000000072b910  /apex/com.android.art/lib64/libart.so (nterp_helper+2176) (BuildId: cecb684d19b4f44ee3cbd66142c315f4)
07-01 08:02:53.693 16780 16780 F DEBUG   :       #15 pc 0000000000244352  /data/app/~~E3gtp_mW0Bns0peHOyZtAA==/com.ipdial--R9HsdJsWw-1OWn_Ueg3Zw==/oat/arm64/base.vdex (bj0.run+226)
07-01 08:02:53.693 16780 16780 F DEBUG   :       #16 pc 000000000072b884  /apex/com.android.art/lib64/libart.so (nterp_helper+2036) (BuildId: cecb684d19b4f44ee3cbd66142c315f4)
07-01 08:02:53.693 16780 16780 F DEBUG   :       #17 pc 0000000000195356  /data/app/~~E3gtp_mW0Bns0peHOyZtAA==/com.ipdial--R9HsdJsWw-1OWn_Ueg3Zw==/oat/arm64/base.vdex (a9.run+1954)
07-01 08:02:53.693 16780 16780 F DEBUG   :       #18 pc 000000000072b884  /apex/com.android.art/lib64/libart.so (nterp_helper+2036) (BuildId: cecb684d19b4f44ee3cbd66142c315f4)
07-01 08:02:53.693 16780 16780 F DEBUG   :       #19 pc 000000000039ec2c  /data/app/~~E3gtp_mW0Bns0peHOyZtAA==/com.ipdial--R9HsdJsWw-1OWn_Ueg3Zw==/oat/arm64/base.vdex (di3.run+4)
07-01 08:02:53.693 16780 16780 F DEBUG   :       #20 pc 000000000072b884  /apex/com.android.art/lib64/libart.so (nterp_helper+2036) (BuildId: cecb684d19b4f44ee3cbd66142c315f4)
07-01 08:02:53.693 16780 16780 F DEBUG   :       #21 pc 000000000022b366  /data/app/~~E3gtp_mW0Bns0peHOyZtAA==/com.ipdial--R9HsdJsWw-1OWn_Ueg3Zw==/oat/arm64/base.vdex (ib0.run+174)
07-01 08:02:53.693 16780 16780 F DEBUG   :       #22 pc 00000000002aaf94  /apex/com.android.art/lib64/libart.so (art_quick_invoke_stub+612) (BuildId: cecb684d19b4f44ee3cbd66142c315f4)
07-01 08:02:53.693 16780 16780 F DEBUG   :       #23 pc 00000000002a9268  /apex/com.android.art/lib64/libart.so (art::ArtMethod::Invoke(art::Thread*, unsigned int*, unsigned int, art::JValue*, char const*)+148) (BuildId: cecb684d19b4f44ee3cbd66142c315f4)
07-01 08:02:53.693 16780 16780 F DEBUG   :       #24 pc 00000000004e1a68  /apex/com.android.art/lib64/libart.so (art::Thread::CreateCallback(void*)+1384) (BuildId: cecb684d19b4f44ee3cbd66142c315f4)
07-01 08:02:53.693 16780 16780 F DEBUG   :       #25 pc 00000000004e14ec  /apex/com.android.art/lib64/libart.so (art::Thread::CreateCallbackWithUffdGc(void*)+12) (BuildId: cecb684d19b4f44ee3cbd66142c315f4)
07-01 08:02:53.693 16780 16780 F DEBUG   :       #26 pc 000000000009bc74  /apex/com.android.runtime/lib64/bionic/libc.so (__pthread_start(void*)+184) (BuildId: e86c12767b7ffe779233d6bd0a8f6b8a)
07-01 08:02:53.693 16780 16780 F DEBUG   :       #27 pc 000000000008e134  /apex/com.android.runtime/lib64/bionic/libc.so (__start_thread+68) (BuildId: e86c12767b7ffe779233d6bd0a8f6b8a)
07-01 08:02:53.722  2570  3401 I DropBoxManagerService: add tag=SYSTEM_TOMBSTONE_PROTO_WITH_HEADERS isTagEnabled=true flags=0x4
07-01 08:02:53.724  2570 16801 D OplusDexAotCrashController: aotCrashCount=3 CrashCount=5 crashTimeWindow=3600000
07-01 08:02:53.727  2570  2883 I ActivityManager: Showing crash dialog for package com.ipdial u0
07-01 08:02:53.728  2570 16802 I DropBoxManagerService: add tag=data_app_native_crash isTagEnabled=true flags=0x2
07-01 08:02:53.731  2570 16802 D DropBoxManagerService: file :: /data/system/dropbox/data_app_native_crash@1782871373728.txt
07-01 08:02:53.741  2570  3401 D DropBoxManagerService: file :: /data/system/dropbox/SYSTEM_TOMBSTONE_PROTO_WITH_HEADERS@1782871373741.dat.gz
07-01 08:02:53.750  2570  3401 I BootReceiver: Copying /data/tombstones/tombstone_29 to DropBox (SYSTEM_TOMBSTONE)
07-01 08:02:53.753  2570  3401 I DropBoxManagerService: add tag=SYSTEM_TOMBSTONE isTagEnabled=true flags=0x6
07-01 08:02:53.755  2570  4467 I ActivityManager: Death received, pid = 16731, processName = com.ipdial for thread android.os.BinderProxy@ff95cd1
07-01 08:02:53.756  2570  4052 I ActivityManager: Process com.ipdial (pid 16731) has died: prcp FGS 
07-01 08:02:53.769  2570  3401 D DropBoxManagerService: file :: /data/system/dropbox/SYSTEM_TOMBSTONE@1782871373768.txt.gz
07-01 08:02:53.774  2570  4740 W OplusSelfProtectManager: pkg[com.oplus.crashbox] not in policy list
07-01 08:02:54.365  2570  8289 D UsageStatsService: User[999] type=0 b=1782870863787 e=1782871374365 cb=1782815957926 ce=1782871291722 disk=0 all=3
07-01 08:02:54.639  2570  3352 D osense.compress: com.facebook.katana do shrink, target ratio = 35, final ratio = 70, cur ratio = 0
07-01 08:02:55.796  2570  3352 D osense.compress: com.google.android.apps.messaging do shrink, target ratio = 45, final ratio = 90, cur ratio = 0
07-01 08:02:55.798  2570  3352 D osense.compress: com.google.android.gms do shrink, target ratio = 20, final ratio = 40, cur ratio = 0
07-01 08:02:58.659  2570  3044 D PowerManagerService: userActivityNoUpdateLocked: groupId=0, eventTime=5735429, event=touch, flags=0x0, uid=1000
07-01 08:02:58.667  2570  3044 D PowerManagerService: userActivityNoUpdateLocked: groupId=0, eventTime=5735429, event=touch, flags=0x0, uid=1000
07-01 08:02:58.668  2570  4494 I OplusPreStartController: preStartActivity Intent { act=android.intent.action.MAIN cat=[android.intent.category.LAUNCHER] flg=0x10200000 cmp=com.ipdial/.MainActivityDefault }
07-01 08:02:58.675  4503  4946 I iopgp   : Iopgp: TRANSACTION_IOPGP_PRELOAD Sequence_id = 6 pkg_name = com.ipdial uid = 10806 size = 3 isProfile = 1
07-01 08:02:58.678  2570  4494 I OplusPreStartController: isCapBitmapExists intent: Intent { act=android.intent.action.MAIN cat=[android.intent.category.LAUNCHER] flg=0x10200000 cmp=com.ipdial/.MainActivityDefault }, requestRotation: SCREEN_ORIENTATION_UNSPECIFIED, surfaceRotation: ROTATION_0, targetRotation: ROTATION_0, uiMode: 17, found captures: false
07-01 08:02:58.691  2570  2938 W QosScheduler: getScenario failed! scenarios is null, mask=4
07-01 08:02:58.691  2570  2938 W QosScheduler: executeSceneQosStrategy get scenario failed! scenario is null
07-01 08:02:58.754  2570  3044 D PowerManagerService: userActivityNoUpdateLocked: groupId=0, eventTime=5735531, event=touch, flags=0x0, uid=1000
07-01 08:02:58.755  2570  3044 D PowerManagerService: userActivityNoUpdateLocked: groupId=0, eventTime=5735531, event=touch, flags=0x0, uid=1000
07-01 08:02:58.888  2570  2938 W QosScheduler: getScenario failed! scenarios is null, mask=4
07-01 08:02:58.888  2570  2938 W QosScheduler: executeSceneQosStrategy get scenario failed! scenario is null
07-01 08:02:59.207  2570  3044 D PowerManagerService: userActivityNoUpdateLocked: groupId=0, eventTime=5735981, event=touch, flags=0x0, uid=1000
07-01 08:02:59.211  2570  3044 D PowerManagerService: userActivityNoUpdateLocked: groupId=0, eventTime=5735981, event=touch, flags=0x0, uid=1000
07-01 08:02:59.216  2570  4740 I OplusPreStartController: preStartActivity Intent { act=android.intent.action.MAIN cat=[android.intent.category.LAUNCHER] flg=0x10200000 cmp=com.ipdial/.MainActivityDefault }
07-01 08:02:59.216  2570  4740 I OplusPreStartController: isCapBitmapExists intent: Intent { act=android.intent.action.MAIN cat=[android.intent.category.LAUNCHER] flg=0x10200000 cmp=com.ipdial/.MainActivityDefault }, requestRotation: SCREEN_ORIENTATION_UNSPECIFIED, surfaceRotation: ROTATION_0, targetRotation: ROTATION_0, uiMode: 17, found captures: false
07-01 08:02:59.222  4503  4946 I iopgp   : Iopgp: TRANSACTION_IOPGP_PRELOAD Sequence_id = 7 pkg_name = com.ipdial uid = 10806 size = 3 isProfile = 1
