07-01 08:05:09.111  2570  4133 D WindowManager: setFrameRateStart invalid typeId return!
07-01 08:05:09.117  2570  3668 D BackgroundInstallControlService: Package event received: 0
07-01 08:05:09.530 18933 18933 F DEBUG   : Process name is com.ipdial, uid is 10806, not key_process
07-01 08:05:09.530 18933 18933 F DEBUG   : keyProcess: 0
07-01 08:05:09.530 18933 18933 F DEBUG   : *** *** *** *** *** *** *** *** *** *** *** *** *** *** *** ***
07-01 08:05:09.530 18933 18933 F DEBUG   : Build fingerprint: 'OnePlus/CPH2621/OP5D49L1:16/BP2A.250605.015/U.R4T2.370c561-12d1a45-12d89e9:user/release-keys'
07-01 08:05:09.530 18933 18933 F DEBUG   : Revision: '0'
07-01 08:05:09.530 18933 18933 F DEBUG   : ABI: 'arm64'
07-01 08:05:09.530 18933 18933 F DEBUG   : Timestamp: 2026-07-01 08:05:09.228761562+0600
07-01 08:05:09.530 18933 18933 F DEBUG   : Process uptime: 2s
07-01 08:05:09.530 18933 18933 F DEBUG   : Cmdline: com.ipdial
07-01 08:05:09.530 18933 18933 F DEBUG   : pid: 18818, tid: 18859, name: DefaultDispatch  >>> com.ipdial <<<
07-01 08:05:09.530 18933 18933 F DEBUG   : uid: 10806
07-01 08:05:09.530 18933 18933 F DEBUG   : tagged_addr_ctrl: 0000000000000001 (PR_TAGGED_ADDR_ENABLE)
07-01 08:05:09.530 18933 18933 F DEBUG   : signal 6 (SIGABRT), code -1 (SI_QUEUE), fault addr --------
07-01 08:05:09.530 18933 18933 F DEBUG   : Abort message: '../src/pj/os_core_unix.c:1278: pj_status_t pj_mutex_lock(pj_mutex_t *): assertion "mutex" failed'
07-01 08:05:09.530 18933 18933 F DEBUG   :     x0  0000000000000000  x1  00000000000049ab  x2  0000000000000006  x3  0000007b4d5c73e0
07-01 08:05:09.530 18933 18933 F DEBUG   :     x4  6f1f393736313039  x5  6f1f393736313039  x6  6f1f393736313039  x7  7f7f7f7f7f7f7f7f
07-01 08:05:09.530 18933 18933 F DEBUG   :     x8  00000000000000f0  x9  95621f3c441c94f3  x10 000000ff00000020  x11 0000000000000000
07-01 08:05:09.530 18933 18933 F DEBUG   :     x12 000000006a4475d5  x13 000000007fffffff  x14 0000000000293e8e  x15 0000006ba99d9197
07-01 08:05:09.530 18933 18933 F DEBUG   :     x16 0000007c857d8828  x17 0000007c857bdb80  x18 0000007b4c36c000  x19 0000000000004982
07-01 08:05:09.530 18933 18933 F DEBUG   :     x20 00000000000049ab  x21 00000000ffffffff  x22 b400007bb567b1a0  x23 0000000000000000
07-01 08:05:09.530 18933 18933 F DEBUG   :     x24 0000000000000000  x25 0000007b4d5c79a8  x26 b400007bab344a70  x27 b400007bb5866000
07-01 08:05:09.530 18933 18933 F DEBUG   :     x28 0000000000000056  x29 0000007b4d5c7460
07-01 08:05:09.530 18933 18933 F DEBUG   :     lr  0000007c857578e8  sp  0000007b4d5c73e0  pc  0000007c8575790c  pst 0000000000001000
07-01 08:05:09.530 18933 18933 F DEBUG   : 28 total frames
07-01 08:05:09.530 18933 18933 F DEBUG   : backtrace:
07-01 08:05:09.530 18933 18933 F DEBUG   :       #00 pc 000000000008a90c  /apex/com.android.runtime/lib64/bionic/libc.so (abort+160) (BuildId: e86c12767b7ffe779233d6bd0a8f6b8a)
07-01 08:05:09.530 18933 18933 F DEBUG   :       #01 pc 000000000008b190  /apex/com.android.runtime/lib64/bionic/libc.so (__assert2+40) (BuildId: e86c12767b7ffe779233d6bd0a8f6b8a)
07-01 08:05:09.530 18933 18933 F DEBUG   :       #02 pc 0000000000589614  /data/app/~~E3gtp_mW0Bns0peHOyZtAA==/com.ipdial--R9HsdJsWw-1OWn_Ueg3Zw==/lib/arm64/libpjsua2.so (pj_mutex_lock+124) (BuildId: 69dfd2f5d7a61abb87f953b9fe98831da87032c4)
07-01 08:05:09.530 18933 18933 F DEBUG   :       #03 pc 00000000002b639c  /data/app/~~E3gtp_mW0Bns0peHOyZtAA==/com.ipdial--R9HsdJsWw-1OWn_Ueg3Zw==/lib/arm64/libpjsua2.so (pj::Endpoint::libRegisterThread(std::__ndk1::basic_string<char, std::__ndk1::char_traits<char>, std::__ndk1::allocator<char>> const&)+640) (BuildId: 69dfd2f5d7a61abb87f953b9fe98831da87032c4)
07-01 08:05:09.530 18933 18933 F DEBUG   :       #04 pc 0000000000242974  /data/app/~~E3gtp_mW0Bns0peHOyZtAA==/com.ipdial--R9HsdJsWw-1OWn_Ueg3Zw==/lib/arm64/libpjsua2.so (Java_org_pjsip_pjsua2_pjsua2JNI_Endpoint_1libRegisterThread+236) (BuildId: 69dfd2f5d7a61abb87f953b9fe98831da87032c4)
07-01 08:05:09.530 18933 18933 F DEBUG   :       #05 pc 00000000012624f8  /data/misc/apexdata/com.android.art/dalvik-cache/arm64/boot.oat (art_jni_trampoline+136)
07-01 08:05:09.530 18933 18933 F DEBUG   :       #06 pc 000000000072b39c  /apex/com.android.art/lib64/libart.so (nterp_helper+780) (BuildId: cecb684d19b4f44ee3cbd66142c315f4)
07-01 08:05:09.530 18933 18933 F DEBUG   :       #07 pc 000000000058e86e  /data/app/~~E3gtp_mW0Bns0peHOyZtAA==/com.ipdial--R9HsdJsWw-1OWn_Ueg3Zw==/oat/arm64/base.vdex (org.pjsip.pjsua2.Endpoint.libRegisterThread+10)
07-01 08:05:09.530 18933 18933 F DEBUG   :       #08 pc 000000000072b884  /apex/com.android.art/lib64/libart.so (nterp_helper+2036) (BuildId: cecb684d19b4f44ee3cbd66142c315f4)
07-01 08:05:09.530 18933 18933 F DEBUG   :       #09 pc 00000000004ed396  /data/app/~~E3gtp_mW0Bns0peHOyZtAA==/com.ipdial--R9HsdJsWw-1OWn_Ueg3Zw==/oat/arm64/base.vdex (com.ipdial.service.SipEngine.init+194)
07-01 08:05:09.530 18933 18933 F DEBUG   :       #10 pc 000000000072b884  /apex/com.android.art/lib64/libart.so (nterp_helper+2036) (BuildId: cecb684d19b4f44ee3cbd66142c315f4)
07-01 08:05:09.530 18933 18933 F DEBUG   :       #11 pc 00000000001dadd0  /data/app/~~E3gtp_mW0Bns0peHOyZtAA==/com.ipdial--R9HsdJsWw-1OWn_Ueg3Zw==/oat/arm64/base.vdex (ip.invokeSuspend+376)
07-01 08:05:09.530 18933 18933 F DEBUG   :       #12 pc 000000000072b884  /apex/com.android.art/lib64/libart.so (nterp_helper+2036) (BuildId: cecb684d19b4f44ee3cbd66142c315f4)
07-01 08:05:09.530 18933 18933 F DEBUG   :       #13 pc 00000000001d7a46  /data/app/~~E3gtp_mW0Bns0peHOyZtAA==/com.ipdial--R9HsdJsWw-1OWn_Ueg3Zw==/oat/arm64/base.vdex (io.resumeWith+14)
07-01 08:05:09.530 18933 18933 F DEBUG   :       #14 pc 000000000072b910  /apex/com.android.art/lib64/libart.so (nterp_helper+2176) (BuildId: cecb684d19b4f44ee3cbd66142c315f4)
07-01 08:05:09.530 18933 18933 F DEBUG   :       #15 pc 0000000000244352  /data/app/~~E3gtp_mW0Bns0peHOyZtAA==/com.ipdial--R9HsdJsWw-1OWn_Ueg3Zw==/oat/arm64/base.vdex (bj0.run+226)
07-01 08:05:09.530 18933 18933 F DEBUG   :       #16 pc 000000000072b884  /apex/com.android.art/lib64/libart.so (nterp_helper+2036) (BuildId: cecb684d19b4f44ee3cbd66142c315f4)
07-01 08:05:09.530 18933 18933 F DEBUG   :       #17 pc 0000000000195356  /data/app/~~E3gtp_mW0Bns0peHOyZtAA==/com.ipdial--R9HsdJsWw-1OWn_Ueg3Zw==/oat/arm64/base.vdex (a9.run+1954)
07-01 08:05:09.530 18933 18933 F DEBUG   :       #18 pc 000000000072b884  /apex/com.android.art/lib64/libart.so (nterp_helper+2036) (BuildId: cecb684d19b4f44ee3cbd66142c315f4)
07-01 08:05:09.530 18933 18933 F DEBUG   :       #19 pc 000000000039ec2c  /data/app/~~E3gtp_mW0Bns0peHOyZtAA==/com.ipdial--R9HsdJsWw-1OWn_Ueg3Zw==/oat/arm64/base.vdex (di3.run+4)
07-01 08:05:09.530 18933 18933 F DEBUG   :       #20 pc 000000000072b884  /apex/com.android.art/lib64/libart.so (nterp_helper+2036) (BuildId: cecb684d19b4f44ee3cbd66142c315f4)
07-01 08:05:09.530 18933 18933 F DEBUG   :       #21 pc 000000000022b366  /data/app/~~E3gtp_mW0Bns0peHOyZtAA==/com.ipdial--R9HsdJsWw-1OWn_Ueg3Zw==/oat/arm64/base.vdex (ib0.run+174)
07-01 08:05:09.530 18933 18933 F DEBUG   :       #22 pc 00000000002aaf94  /apex/com.android.art/lib64/libart.so (art_quick_invoke_stub+612) (BuildId: cecb684d19b4f44ee3cbd66142c315f4)
07-01 08:05:09.530 18933 18933 F DEBUG   :       #23 pc 00000000002a9268  /apex/com.android.art/lib64/libart.so (art::ArtMethod::Invoke(art::Thread*, unsigned int*, unsigned int, art::JValue*, char const*)+148) (BuildId: cecb684d19b4f44ee3cbd66142c315f4)
07-01 08:05:09.530 18933 18933 F DEBUG   :       #24 pc 00000000004e1a68  /apex/com.android.art/lib64/libart.so (art::Thread::CreateCallback(void*)+1384) (BuildId: cecb684d19b4f44ee3cbd66142c315f4)
07-01 08:05:09.530 18933 18933 F DEBUG   :       #25 pc 00000000004e14ec  /apex/com.android.art/lib64/libart.so (art::Thread::CreateCallbackWithUffdGc(void*)+12) (BuildId: cecb684d19b4f44ee3cbd66142c315f4)
07-01 08:05:09.530 18933 18933 F DEBUG   :       #26 pc 000000000009bc74  /apex/com.android.runtime/lib64/bionic/libc.so (__pthread_start(void*)+184) (BuildId: e86c12767b7ffe779233d6bd0a8f6b8a)
07-01 08:05:09.530 18933 18933 F DEBUG   :       #27 pc 000000000008e134  /apex/com.android.runtime/lib64/bionic/libc.so (__start_thread+68) (BuildId: e86c12767b7ffe779233d6bd0a8f6b8a)
07-01 08:05:09.562  2570 18953 I DropBoxManagerService: add tag=data_app_native_crash isTagEnabled=true flags=0x2
07-01 08:05:09.563  2570 18952 D OplusDexAotCrashController:  this pkg path already deleted aot files: com.ipdial
07-01 08:05:09.563  2570 18952 W ActivityTaskManager:   Force finishing activity com.ipdial/.MainActivityDefault
07-01 08:05:09.565  2570 18953 D DropBoxManagerService: file :: /data/system/dropbox/data_app_native_crash@1782871509563.txt
07-01 08:05:09.568  3855  3923 V WindowManagerShell: Transition requested (#179): android.os.BinderProxy@b0bc4c7 TransitionRequestInfo { type = CLOSE, triggerTask = TaskInfo{userId=0 taskId=14853 effectiveUid=10806 displayId=0 isRunning=true baseIntent=Intent { act=android.intent.action.MAIN cat=[android.intent.category.LAUNCHER] flg=0x10200000 cmp=com.ipdial/.MainActivityDefault mCallingUid=10191 } baseActivity=ComponentInfo{com.ipdial/com.ipdial.MainActivity} topActivity=ComponentInfo{com.ipdial/com.ipdial.MainActivity} origActivity=ComponentInfo{com.ipdial/com.ipdial.MainActivityDefault} realActivity=ComponentInfo{com.ipdial/com.ipdial.MainActivity}
07-01 08:05:09.568  3855  3923 V WindowManagerShell:  numActivities=1 lastActiveTime=24077874 supportsSplitScreenMultiWindow=true supportsMultiWindow=true supportsPocketStudioMultiWindow=true isInFlexibleEmbedded = false uid = 10806 pid = 18818 resizeMode=1 isResizeable=true minWidth=-1 minHeight=-1 defaultMinSize=220 token=WCT{android.window.IWindowContainerToken$Stub$Proxy@2e19af4} topActivityType=1 pictureInPictureParams=null shouldDockBigOverlays=false launchIntoPipHostTaskId=-1 lastParentTaskIdBeforePip=-1 displayCutoutSafeInsets=Rect(0, 0 - 0, 0)
07-01 08:05:09.568  3855  3923 V WindowManagerShell:  topActivityInfo=ActivityInfo{3fd821d com.ipdial.MainActivityDefault} launchCookies=[android.os.BinderProxy@d856dc0] positionInParent=Point(0, 0) parentTaskId=-1 isFocused=true isVisible=true isVisibleRequested=true isTopActivityNoDisplay=false isSleeping=false locusId=null displayAreaFeatureId=1 isTopActivityTransparent=false isActivityStackTransparent=false lastNonFullscreenBounds=Rect(281, 689 - 800, 1769) capturedLink=null capturedLinkTimestamp=0 requestedVisibleTypes=-9 topActivityRequestOpenInBrowserEducationTimestamp=0
07-01 08:05:09.568  3855  3923 V WindowManagerShell:  appCompatTaskInfo=AppCompatTaskInfo { topActivityInSizeCompat=false topActivityInOplusCompatMode=false eligibleForLetterboxEducation= false isLetterboxEducationEnabled= false isLetterboxDoubleTapEnabled= false eligibleForUserAspectRatioButton= false topActivityBoundsLetterboxed= false isFromLetterboxDoubleTap= false topActivityLetterboxVerticalPosition= -1 topActivityLetterboxHorizontalPosition= -1 topActivityLetterboxWidth=-1 topActivityLetterboxHeight=-1 topActivityAppBounds=Rect(0, 0 - 1080, 2400) isUserFullscreenOverrideEnabled=false isSystemFullscreenOverrideEnabled=false hasMinAspectRatioOverride=false topActivityLetterboxBounds=null cameraCompatTaskInfo=CameraCompatTaskInfo { freeformCameraCompatMode=inactive}} topActivityMainWindowFrame=null topActivityLetterboxInsets=Rect(0, 0 - 0, 0)
07-01 08:05:09.568  3855  3923 V WindowManagerShell:  mOplusExtraBundle = Bundle[mParcelledData.dataSize=1524]}, pipChange = null, remoteTransition = null, displayChange = null, flags = 16, debugId = 179 }
07-01 08:05:09.571  2570 18952 D ActivityTaskManager: setAppVisibility(Token{bffebed ActivityRecord{174303894 u0 com.ipdial/.MainActivityDefault t14853 f}}}, visible=false):  visible=true mVisibleRequested=true
07-01 08:05:09.572  2570 18952 D ActivityTaskManager: setVisibility(Token{bffebed ActivityRecord{174303894 u0 com.ipdial/.MainActivityDefault t14853 f}}}, visible=false) defer commitVisibility for transition collecting
07-01 08:05:09.576  2570  3401 I DropBoxManagerService: add tag=SYSTEM_TOMBSTONE_PROTO_WITH_HEADERS isTagEnabled=true flags=0x4
07-01 08:05:09.578  2570 18952 D TaskFragmentExtImpl: resumeTopActivity Launcher ,resume while pausing ActivityRecord{116431392 u0 com.android.launcher/.Launcher t5}
07-01 08:05:09.579  2570 18952 D RefreshRate: Trigger app switch boost, ar=ActivityRecord{116431392 u0 com.android.launcher/.Launcher t5},currDisplayRate=120.00001,boostId=3
07-01 08:05:09.579  2570 18952 D RefreshRate: setDisplayConfigSpecs complete: targetMode={id=1, width=1080, height=2400, fps=120.00001, vsync=120.00001, synthetic=false, alternativeRefreshRates=[60.000004], supportedHdrTypes=[]},srcMode={id=1, width=1080, height=2400, fps=120.00001, vsync=120.00001, synthetic=false, alternativeRefreshRates=[60.000004], supportedHdrTypes=[]},sfModId=0,rate=120.00001
07-01 08:05:09.580  2570  3064 D RefreshRate: do setDisplayConfigSpecs  
07-01 08:05:09.580  2570 18952 D RefreshRate: startAppSwitchBoost targetMode={id=1, width=1080, height=2400, fps=120.00001, vsync=120.00001, synthetic=false, alternativeRefreshRates=[60.000004], supportedHdrTypes=[]} record=ActivityRecord{116431392 u0 com.android.launcher/.Launcher t5}: votes=PRIORITY_START_ANIMATION_BOOST -> Vote{mRefreshRate=120.0, mMinRefreshRate=120.0, mRequestSource=null};PRIORITY_WINDOW_REQUEST -> Vote{mRefreshRate=120.0, mMinRefreshRate=120.0, mRequestSource=null};
07-01 08:05:09.580  2570 18952 D ActivityTaskManager: setAppVisibility(Token{cfd4c7c ActivityRecord{116431392 u0 com.android.launcher/.Launcher t5}}, visible=true):  visible=false mVisibleRequested=false
07-01 08:05:09.581  2570  3064 D DisplayModeDirector: setAppRequest displayId : 0  modeId: 1  requestedRefreshRate: 120.00001  requestedMinRefreshRateRange: 120.00001  requestedMaxRefreshRateRange: 120.00001
07-01 08:05:09.581  2570 18952 D WindowManager: NFW_setClientVisible:ActivityRecord{116431392 u0 com.android.launcher/.Launcher t5} clientVisible:true
07-01 08:05:09.583  2570 18952 D ActivityTaskManager: setVisibility(Token{cfd4c7c ActivityRecord{116431392 u0 com.android.launcher/.Launcher t5}}, visible=true) defer commitVisibility for transition collecting
07-01 08:05:09.584  2570 18952 D ActivityTaskManager: onWindowFocusChanged Task{ceecb50 #5 type=home I=com.android.launcher/.Launcher} would transfer to compact
07-01 08:05:09.584  2570  2938 I UserAwareMgr: handleTopAppChanged: com.android.launcher, pid: 4086, uid: 10191
07-01 08:05:09.584  2570 18952 D ActivityTaskManager: NFW_setLastResumedActivityUncheckLocked:true r:ActivityRecord{116431392 u0 com.android.launcher/.Launcher t5} currentFocus:Window{d5f4554 u0 com.ipdial/com.ipdial.MainActivityDefault}
07-01 08:05:09.584  2570 18952 D QuickBackInputPolicy: hasMultiChildrenInTask: false
07-01 08:05:09.584  2570 18952 D WindowManager: NFW_findFocusedWindowIfNeeded:Window{24487cc u0 com.android.launcher/com.android.launcher.Launcher} mCurrentFocus:Window{d5f4554 u0 com.ipdial/com.ipdial.MainActivityDefault}
07-01 08:05:09.585  2570 18952 D WindowManager: attachImeScreenshotOnTargetIfNeeded, mImeHiding = false, requestedVisibleTypes = -9
07-01 08:05:09.586  2570 18952 D QuickBackInputPolicy: hasMultiChildrenInTask: false
07-01 08:05:09.586  2570 18952 V WindowManager: Changing focus from Window{d5f4554 u0 com.ipdial/com.ipdial.MainActivityDefault} to Window{24487cc u0 com.android.launcher/com.android.launcher.Launcher},diplayid=0
07-01 08:05:09.587  2570 18952 D WindowManager: setFrameRateStart invalid typeId return!
07-01 08:05:09.587  2570 18952 D WindowManager: setFrameRateStart invalid typeId return!
07-01 08:05:09.588  2570 18952 D FlexibleTaskController: onTaskFocusChanged prevTask:Task{a474a04 #14853 type=standard A=10806:com.ipdial} ,currentTask:Task{ceecb50 #5 type=home I=com.android.launcher/.Launcher}, reason: resumeTopActivity - onActivityStateChanged
07-01 08:05:09.588  2570 18952 D OplusFlexibleDCSManager: onNextPkgChanged pkg = com.android.launcher
07-01 08:05:09.597  2570  3401 D DropBoxManagerService: file :: /data/system/dropbox/SYSTEM_TOMBSTONE_PROTO_WITH_HEADERS@1782871509596.dat.gz
07-01 08:05:09.598  2570 18952 D KeyguardControllerExtImpl: handleOccludedChanged occlude = false isKeyguardLocked = false executeTransition = false
07-01 08:05:09.599  2570 18952 D FlexibleTaskController: isFullToFlexibleAnimating: false
07-01 08:05:09.599  2570 18952 D WindowManager: rotation(ROTATION_0) no changed  displayId = 0, lastOrientation = 5
07-01 08:05:09.601  2570 18952 D WindowManager: NFW_setClientVisible:WallpaperWindowToken{ce3237b showWhenLocked=false} clientVisible:true
07-01 08:05:09.603  2570 18952 D DisplayModeDirector: setAppRequest displayId : 0  modeId: 1  requestedRefreshRate: 0.0  requestedMinRefreshRateRange: 0.0  requestedMaxRefreshRateRange: 120.00001
07-01 08:05:09.604  2570 18952 I TaskOrganizerController: onTaskInfoChanged taskid 14853 config { mBounds=Rect(0, 0 - 1080, 2400) mAppBounds=Rect(0, 0 - 1080, 2400) mMaxBounds=Rect(0, 0 - 1080, 2400) mDisplayRotation=ROTATION_0 mWindowingMode=fullscreen mActivityType=standard mAlwaysOnTop=undefined mRotation=ROTATION_0}
07-01 08:05:09.605  2570 18952 D OplusVisibleTasks:  notifyTaskFocusChange no need.
07-01 08:05:09.605  2570 18952 D OplusFlexibleDragToSplitAnimController: visibleFlexibleTaskInfos delete:14853
07-01 08:05:09.605  2570 18952 E FlexibleWindowManagerService: notifyTaskObserverToAttachController not need to notify!
07-01 08:05:09.605  2570 18952 I FlexibleWindowManagerService: onFlexibleWindowTaskInfoChanged, return for cur task not embedded
07-01 08:05:09.605  2570 18952 I TaskOrganizerController: onTaskInfoChanged taskid 1 config { mBounds=Rect(0, 0 - 1080, 2400) mAppBounds=Rect(0, 0 - 1080, 2400) mMaxBounds=Rect(0, 0 - 1080, 2400) mDisplayRotation=ROTATION_0 mWindowingMode=fullscreen mActivityType=home mAlwaysOnTop=undefined mRotation=ROTATION_0}
07-01 08:05:09.607  2570 18952 D OplusFlexibleDragToSplitAnimController: visibleFlexibleTaskInfos delete:1
07-01 08:05:09.607  2570 18952 E FlexibleWindowManagerService: notifyTaskObserverToAttachController not need to notify!
07-01 08:05:09.607  2570 18952 I FlexibleWindowManagerService: onFlexibleWindowTaskInfoChanged, return for cur task not embedded
07-01 08:05:09.608  4086  4086 D ActivityThread: ComponentInfo{com.android.launcher/com.android.launcher.Launcher} checkFinished=false 2
07-01 08:05:09.608  4086  4086 D ResourcesManagerExtImpl: applyConfigurationToAppResourcesLocked app.getDisplayId() return callback.displayId:0
07-01 08:05:09.614  4086  4086 D VRI[Launcher]: relayoutWindow result, sizeChanged:false, surfaceControlChanged:false, transformHintChanged:false, mSurfaceSize:Point(1080, 2400), mLastSurfaceSize:Point(1080, 2400), mWidth:1080, mHeight:2400, requestedWidth:1080, requestedHeight:2400, transformHint:0, installOrientation:0, displayRotation:0, isSurfaceValid:true, attr.flag:-2121203456, tmpFrames:ClientWindowFrames{frame=[0,0][1080,2400] display=[0,0][1080,2400] parentFrame=[0,0][1080,2400]}, relayoutAsync:true, mSyncSeqId:0
07-01 08:05:09.614  4086  4086 W VRI[Launcher]: updateBlastSurfaceIfNeeded, surfaceSize:Point(1080, 2400), lastSurfaceSize:Point(1080, 2400), format:-2, blastBufferQueue:android.graphics.BLASTBufferQueue@59b20c5
07-01 08:05:09.617  2570  2691 V WindowManager: Relayout Window{24487cc u0 com.android.launcher/com.android.launcher.Launcher}: viewVisibility=0, oldvis=0, req=1080x2400 , apr = 0, vsysui=LAYOUT_STABLE LAYOUT_HIDE_NAVIGATION LAYOUT_FULLSCREEN
07-01 08:05:09.618  3855  3923 D WindowManagerShell: setLauncherKeepClearAreaHeight: visible=true, height=201
07-01 08:05:09.620  2570  3401 I BootReceiver: Copying /data/tombstones/tombstone_04 to DropBox (SYSTEM_TOMBSTONE)
07-01 08:05:09.623  2570  3401 I DropBoxManagerService: add tag=SYSTEM_TOMBSTONE isTagEnabled=true flags=0x6
07-01 08:05:09.627  2570  2691 D WindowManager: onSyncFinishedDrawing: Window{24487cc u0 com.android.launcher/com.android.launcher.Launcher}
07-01 08:05:09.627  2570  2691 I WindowManager: finishDrawing skipLayout:false,syncSeqId=0,mPrepareSyncSeqId=0 Window{24487cc u0 com.android.launcher/com.android.launcher.Launcher} com.android.server.wm.WindowManagerService.finishDrawingWindow:3223 com.android.server.wm.Session.finishDrawing:399 android.view.IWindowSession$Stub.onTransact:793 
07-01 08:05:09.628  2570  3539 I WindowManager: WINDOW DIED Window{d5f4554 u0 com.ipdial/com.ipdial.MainActivityDefault}
07-01 08:05:09.628  2570  3539 D QuickBackInputPolicy: hasMultiChildrenInTask: false
07-01 08:05:09.628  2570  3539 D WindowManager: NFW_findFocusedWindowIfNeeded:Window{24487cc u0 com.android.launcher/com.android.launcher.Launcher} mCurrentFocus:Window{24487cc u0 com.android.launcher/com.android.launcher.Launcher}
07-01 08:05:09.634  2570  4687 I ActivityManager: Death received, pid = 18818, processName = com.ipdial for thread android.os.BinderProxy@890dd56
07-01 08:05:09.635  2570  2889 D CoreBackPreview:  return markWindowHasDrawn mComposed: false  mWaitTransition: false
07-01 08:05:09.639  2570  4467 I WindowManager: WIN DEATH: Window{d5f4554 u0 com.ipdial/com.ipdial.MainActivityDefault EXITING}
07-01 08:05:09.640  2570  4467 D QuickBackInputPolicy: hasMultiChildrenInTask: false
07-01 08:05:09.640  2570  4467 D WindowManager: NFW_findFocusedWindowIfNeeded:Window{24487cc u0 com.android.launcher/com.android.launcher.Launcher} mCurrentFocus:Window{24487cc u0 com.android.launcher/com.android.launcher.Launcher}
07-01 08:05:09.644  2570  3401 D DropBoxManagerService: file :: /data/system/dropbox/SYSTEM_TOMBSTONE@1782871509643.txt.gz
07-01 08:05:09.645  2570  3891 V WindowManager: Relayout Window{5b99c1f u0 com.google.android.googlequicksearchbox}: viewVisibility=0, oldvis=8, req=1080x2400 , apr = 0, vsysui=LIGHT_STATUS_BAR LIGHT_NAVIGATION_BAR
07-01 08:05:09.649  2570  3891 D WindowManager: relayoutVisibleWindow win:Window{5b99c1f u0 com.google.android.googlequicksearchbox} set mDestroying = false  DestroySavedSurface remove
07-01 08:05:09.650  2570  3891 D QuickBackInputPolicy: hasMultiChildrenInTask: false
07-01 08:05:09.650  2570  3891 D WindowManager: NFW_findFocusedWindowIfNeeded:Window{24487cc u0 com.android.launcher/com.android.launcher.Launcher} mCurrentFocus:Window{24487cc u0 com.android.launcher/com.android.launcher.Launcher}
07-01 08:05:09.652  9680  9680 W VRI[googlequicksearchbox]: updateBlastSurfaceIfNeeded, surfaceSize:Point(1080, 2400), lastSurfaceSize:Point(1080, 2400), format:-2, blastBufferQueue:null
07-01 08:05:09.652  2570  2883 I ActivityManager: hookHandleApplicationCrashBeforeInner do not showErrorDialog shouldThottle= true
07-01 08:05:09.664  2570  2889 W ActivityManager: pid 2570 system sent binder code 55 with flags 1 to frozen apps and got error -32
07-01 08:05:09.664  2570  2889 D ActivityManager: Too many transaction errors, throttling freezer binder callback.
07-01 08:05:09.665  2570  4052 I ActivityManager: Process com.ipdial (pid 18818) has died: fg  TOP 
07-01 08:05:09.672  2570  2889 W ClientLifecycleManager: Failed to deliver transaction for ProcessRecord{2d66bff 18818:com.ipdial/u0a806}
07-01 08:05:09.672  2570  2889 W ClientLifecycleManager: transaction=com.android.server.wm.ClientLifecycleManager@907f5dc
07-01 08:05:09.672  2570  2889 W ClientLifecycleManager: android.os.DeadObjectException
07-01 08:05:09.672  2570  2889 W ClientLifecycleManager: 	at android.os.BinderProxy.transactNative(Native Method)
07-01 08:05:09.672  2570  2889 W ClientLifecycleManager: 	at android.os.BinderProxy.transact(BinderProxy.java:685)
07-01 08:05:09.672  2570  2889 W ClientLifecycleManager: 	at android.app.IApplicationThread$Stub$Proxy.scheduleTransaction(IApplicationThread.java:2553)
07-01 08:05:09.672  2570  2889 W ClientLifecycleManager: 	at android.app.IApplicationThread$Delegator.scheduleTransaction(IApplicationThread.java:490)
07-01 08:05:09.672  2570  2889 W ClientLifecycleManager: 	at android.app.servertransaction.ClientTransaction.schedule(ClientTransaction.java:249)
07-01 08:05:09.672  2570  2889 W ClientLifecycleManager: 	at com.android.server.wm.ClientLifecycleManager.scheduleTransaction(ClientLifecycleManager.java:98)
07-01 08:05:09.672  2570  2889 W ClientLifecycleManager: 	at com.android.server.wm.ClientLifecycleManager.scheduleTransactionItemNow(ClientLifecycleManager.java:123)
07-01 08:05:09.672  2570  2889 W ClientLifecycleManager: 	at com.android.server.wm.WindowProcessController.scheduleClientTransactionItem(WindowProcessController.java:2017)
07-01 08:05:09.672  2570  2889 W ClientLifecycleManager: 	at com.android.server.wm.WindowProcessController.scheduleClientTransactionItem(WindowProcessController.java:2007)
07-01 08:05:09.672  2570  2889 W ClientLifecycleManager: 	at com.android.server.wm.WindowState.notifyInsetsControlChanged(WindowState.java:4337)
07-01 08:05:09.672  2570  2889 W ClientLifecycleManager: 	at com.android.server.wm.InsetsStateController.lambda$notifyPendingInsetsControlChanged$4(InsetsStateController.java:483)
07-01 08:05:09.672  2570  2889 W ClientLifecycleManager: 	at com.android.server.wm.InsetsStateController.$r8$lambda$a0HV9ad2Wd_wQT3ba_TprluaiHw(InsetsStateController.java:0)
07-01 08:05:09.672  2570  2889 W ClientLifecycleManager: 	at com.android.server.wm.InsetsStateController$$ExternalSyntheticLambda1.run(D8$$SyntheticClass:0)
07-01 08:05:09.672  2570  2889 W ClientLifecycleManager: 	at com.android.server.wm.WindowAnimator.lambda$animate$2(WindowAnimator.java:239)
07-01 08:05:09.672  2570  2889 W ClientLifecycleManager: 	at com.android.server.wm.WindowAnimator.$r8$lambda$YA-_zT1Nyp9vmAAkWN_rtDVYlnE(WindowAnimator.java:0)
07-01 08:05:09.672  2570  2889 W ClientLifecycleManager: 	at com.android.server.wm.WindowAnimator$$ExternalSyntheticLambda2.onTransactionCommitted(D8$$SyntheticClass:0)
07-01 08:05:09.672  2570  2889 W ClientLifecycleManager: 	at android.view.SurfaceControl$Transaction$$ExternalSyntheticLambda4.run(D8$$SyntheticClass:0)
07-01 08:05:09.672  2570  2889 W ClientLifecycleManager: 	at android.os.Handler.handleCallback(Handler.java:1027)
07-01 08:05:09.672  2570  2889 W ClientLifecycleManager: 	at android.os.Handler.dispatchMessage(Handler.java:108)
07-01 08:05:09.672  2570  2889 W ClientLifecycleManager: 	at android.os.Looper.loopOnce(Looper.java:302)
07-01 08:05:09.672  2570  2889 W ClientLifecycleManager: 	at android.os.Looper.loop(Looper.java:412)
07-01 08:05:09.672  2570  2889 W ClientLifecycleManager: 	at android.os.HandlerThread.run(HandlerThread.java:85)
07-01 08:05:09.672  2570  2889 W ClientLifecycleManager: 	at com.android.server.ServiceThread.run(ServiceThread.java:49)
07-01 08:05:09.672  2570  2889 W ActivityTaskManager: Failed for dead process. ClientTransactionItem=WindowStateInsetsControlChangeItem{mWindow=android.view.IWindow$Stub$Proxy@7e4e22a} owner=ProcessRecord{2d66bff 18818:com.ipdial/u0a806}
07-01 08:05:09.675  2570  3891 D WindowManager: onSyncFinishedDrawing: Window{5b99c1f u0 com.google.android.googlequicksearchbox}
07-01 08:05:09.675  2570  3891 I WindowManager: finishDrawing skipLayout:false,syncSeqId=0,mPrepareSyncSeqId=0 Window{5b99c1f u0 com.google.android.googlequicksearchbox} com.android.server.wm.WindowManagerService.finishDrawingWindow:3223 com.android.server.wm.Session.finishDrawing:399 android.view.IWindowSession$Stub.onTransact:793 
07-01 08:05:09.675  2570  3891 I WindowManager: Window{5b99c1f u0 com.google.android.googlequicksearchbox} state from DRAW_PENDING to COMMIT_DRAW_PENDING; reason: finishDrawingLocked
07-01 08:05:09.677  2570  2889 I WindowManager: Window{5b99c1f u0 com.google.android.googlequicksearchbox} state from COMMIT_DRAW_PENDING to READY_TO_SHOW; reason: commitFinishDrawingLocked
07-01 08:05:09.677  2570  2889 D CoreBackPreview:  return markWindowHasDrawn mComposed: false  mWaitTransition: false
07-01 08:05:09.677  2570  2889 D ActivityTaskManager: Clearing startingData for activity=ActivityRecord{116431392 u0 com.android.launcher/.Launcher t5} mStartingData=null mStartingSurface=null
07-01 08:05:09.678  2570  2889 D CoreBackPreview:  return markWindowHasDrawn mComposed: false  mWaitTransition: false
07-01 08:05:09.678  2570  2889 D ActivityTaskManager: Clearing startingData for activity=ActivityRecord{116431392 u0 com.android.launcher/.Launcher t5} mStartingData=null mStartingSurface=null
07-01 08:05:09.680  2570  3401 W OplusEapManager handleErrorInfo sendEvent: : com.ipdial happenednative_crash
07-01 08:05:09.694  2570  5689 W OplusSelfProtectManager: pkg[com.oplus.crashbox] not in policy list
07-01 08:05:09.698  2570  2989 E OplusThermalStats: Error getting package info: com.android.launcher
07-01 08:05:09.707  2570  2889 D CoreBackPreview:  return markWindowHasDrawn mComposed: false  mWaitTransition: false
07-01 08:05:09.707  2570  2889 D ActivityTaskManager: Clearing startingData for activity=ActivityRecord{116431392 u0 com.android.launcher/.Launcher t5} mStartingData=null mStartingSurface=null
07-01 08:05:09.709  2570  2938 I UserAwareMgr: handleTopAppChanged: com.google.android.googlequicksearchbox, pid: 9680, uid: 10124
07-01 08:05:09.713  2570  2938 I UserAwareMgr: process killed: {pkgName='com.ipdial', serviceName='', procName=com.ipdial, pid=18818, uid=10806, appId=0, owner='null', flags='fg1', renderTid=18867, hwuiTids=[18875, 18876], glTids=null, threadInfos=null, mVideoActivityList=[], mStates=0}
07-01 08:05:09.713  2570  2938 I UserAwareMgr: handleProcessKilled, pkgName: com.ipdial, pid: 18818
07-01 08:05:09.714  2570  4052 D ActivityTaskManager: removeAppToken: ActivityRecord{174303894 u0 com.ipdial/.MainActivityDefault t14853 f}} delayed=true parent=Task{a474a04 #14853 type=standard A=10806:com.ipdial} animating=true Callers=com.android.server.wm.DisplayContent.removeAppToken:1764 com.android.server.wm.ActivityRecord.removeFromHistory:4970 com.android.server.wm.ActivityRecord.handleAppDied:5329 com.android.server.wm.WindowProcessController.handleAppDied:1720 
07-01 08:05:09.714  2570  4052 D FlexibleWindowManagerService: [resetSiblingEmbeddedTasksToFullScreen] return as is home or recent
07-01 08:05:09.716  2570  2938 W QosScheduler: getScenario failed! scenarios is null, mask=8192
07-01 08:05:09.716  2570  2938 W QosScheduler: executeSceneQosStrategy get scenario failed! scenario is null
07-01 08:05:09.719  2570  2889 D CoreBackPreview:  return markWindowHasDrawn mComposed: false  mWaitTransition: false
07-01 08:05:09.719  2570  2889 D ActivityTaskManager: Clearing startingData for activity=ActivityRecord{116431392 u0 com.android.launcher/.Launcher t5} mStartingData=null mStartingSurface=null
07-01 08:05:09.722  2570  2889 D ActivityTaskManager: commitVisibility: ActivityRecord{116431392 u0 com.android.launcher/.Launcher t5}: visible=true visibleRequested=true, isInTransition=true 
07-01 08:05:09.722  2570  2889 D CoreBackPreview:  return markWindowHasDrawn mComposed: false  mWaitTransition: false
07-01 08:05:09.722  2570  2889 D ActivityTaskManager: Clearing startingData for activity=ActivityRecord{116431392 u0 com.android.launcher/.Launcher t5} mStartingData=null mStartingSurface=null
07-01 08:05:09.724  2570  2889 I WindowManager: Window{5b99c1f u0 com.google.android.googlequicksearchbox} state from READY_TO_SHOW to HAS_DRAWN; reason: performShowLocked
07-01 08:05:09.724  2570  2889 I WindowStateExtImpl: onSurfaceShowChange show = true mPackageName = com.android.launcher parentPkgName = com.android.launcher
07-01 08:05:09.724  2570  2889 D CoreBackPreview:  return markWindowHasDrawn mComposed: false  mWaitTransition: false
07-01 08:05:09.724  2570  2889 E OplusAppQuickStart_AppQuickStartController: not start from launcher transition:179
07-01 08:05:09.724  2570  2889 D Transition: collectOrderChanges onTopTasksEnd: [Task{96667d7 #1 type=home}, Task{ceecb50 #5 type=home I=com.android.launcher/.Launcher}], reportedOnTop:null, mOnTopTasksStart: [Task{a474a04 #14853 type=standard A=10806:com.ipdial}], TDA child: [Task{7f4cfa3 #2 type=undefined}, Task{23621be #14840 type=standard A=10241:com.google.android.apps.messaging}, Task{de87a2 #14841 type=standard A=10190:com.facebook.katana}, Task{be4af85 #14842 type=standard A=10157:com.google.android.youtube}, Task{85c016 #14843 type=standard A=1000:com.android.settings.root}, Task{a474a04 #14853 type=standard A=10806:com.ipdial}, Task{96667d7 #1 type=home}]
07-01 08:05:09.724  2570  2889 D Transition: collectOrderChanges **mParticipants add task: Task{ceecb50 #5 type=home I=com.android.launcher/.Launcher}
07-01 08:05:09.724  2570  2889 D Transition: collectOrderChanges **mParticipants add task: Task{96667d7 #1 type=home}
07-01 08:05:09.726  2570  2889 D OplusFlexibleActivityTransitionManager: fixTransitType type result:2, targets: [ChangeInfo{1c6f6f6 container=Task{96667d7 #1 type=home} flags=0x30}, ChangeInfo{93a4af7 container=Task{a474a04 #14853 type=standard A=10806:com.ipdial} flags=0x10}, ChangeInfo{2b35d64 container=WallpaperWindowToken{ce3237b showWhenLocked=false} flags=0x0}]
07-01 08:05:09.727  2570  2889 D OplusTransitionAnimationManager: activityRecordCount0fullScreenArBeHindStartingWindow null
07-01 08:05:09.728  2570  2889 D OplusTransitionAnimationManager: activityRecordCount0fullScreenArBeHindStartingWindow null
07-01 08:05:09.728  2570  2889 D OplusTransitionAnimationManager: activityRecordCount0fullScreenArBeHindStartingWindow null
07-01 08:05:09.730  2570  2889 D ContinuousTransitionController: is match the remote transition.
07-01 08:05:09.730  2570  2889 D QuickBackInputPolicy: resetInputInterceptState for remoteTransition: false
07-01 08:05:09.730  2570  2889 D OplusTransitionController: onTransactionReady, transition: 179, info: {id=179 t=CLOSE f=0x10 trk=0 r=[0@Point(0, 0)] c=[{WCT{RemoteToken{de0c78e Task{96667d7 #1 type=home}}} m=TO_FRONT f=SHOW_WALLPAPER|MOVE_TO_TOP leash=Surface(name=Task=1)/@0x1825942 sb=Rect(0, 0 - 1080, 2400) eb=Rect(0, 0 - 1080, 2400) epz=Point(1080, 2400) d=0 taskParent=-1},{WCT{RemoteToken{dfeaf88 Task{a474a04 #14853 type=standard A=10806:com.ipdial}}} m=CLOSE f=NONE leash=Surface(name=Task=14853)/@0x5fc59e9 sb=Rect(0, 0 - 1080, 2400) eb=Rect(0, 0 - 1080, 2400) epz=Point(1080, 2400) d=0 taskParent=-1},{m=TO_FRONT f=IS_WALLPAPER leash=Surface(name=WallpaperWindowToken{ce3237b showWhenLocked=false})/@0x6be4d53 sb=Rect(0, 0 - 1080, 2400) eb=Rect(0, 0 - 1080, 2400) epz=Point(1080, 2400) d=0}] 
07-01 08:05:09.730  2570  2889 D OplusTransitionController: extendInfo=[
07-01 08:05:09.730  2570  2889 D OplusTransitionController:  OplusTransitionExtendedInfo{mTmpFinishT=null, mInOplusCompatMode=false, mIsProcessRunning=false, mHasMismatchBoundsTarget=false, mRecentsController=null, mRemoteTransition=null, mIsTranslucentActivityToHome=false, mAvoidInterceptKeyEventToHome=false, mIsFromHome=false, mParentLeash=null, mBackAnimClosingLeash=null, mIsOplusAnimRes=false, mKeepBgForContinuous=false, mIsBalAllow=false, mTaskNotInRecent=false, mIsPredictiveBackAnim=false, mIsMergedWithPredictive=false, mIsLaunchFromSpruce=false, mIsLaunchFromDrive=false, mGlobalSearchPageSwitch=false, mNeedNoAlphaGlobalSearchScene=false, mAssistScreenShowing=false, mSwipeUpBrowserScreenShowing=false, mUserIdTransition=0
07-01 08:05:09.730  2570  2889 D OplusTransitionController: , mInRemoteScene=false, mInPreReady=false, mPreStart=false, mToken=null, mAbortByRemoteFromHome=false, mShellApplyToken=null, mRequestTransitionTaskId=14853, mAbortTransitionOnShell=0, mStartFromShortcut=false, mRemovedTaskId=-1, mTransitionInterruptType=0, mMergeSecondTaskId=-1, mTaskIdStartFromRecents=0, mTransitionId=179, mCanUseSpringSlideAnim=false, mTransitionLaunchFrom=0, mFoldChangeType=-1, mAnimStartingPosition=[0, 0, 0, 0], mIsOpeningStkDialogActivity=false, mSecondaryHomeToFrontWhenUnFolding=false, mIsNeedApplyStartTForEmbedded=false
07-01 08:05:09.730  2570  2889 D OplusTransitionController: , mNeedCanvasExitAnim=false, mMergeSecondTaskAnimation=false, mIsLaunchUnityStart=false, mIsLaunchFromAssistantByDefault=false, mSkipRemoteTransitionfalse, mIsStartFromKeyguard=false flags=0x0, mWCT=null, mIsOpenMergeToInValidPredictive=false, mPromoteTaskWhenKeyguard-1, mRootLayerZOrderArray={}}]}, targets : [ChangeInfo{1c6f6f6 container=Task{96667d7 #1 type=home} flags=0x30}, ChangeInfo{93a4af7 container=Task{a474a04 #14853 type=standard A=10806:com.ipdial} flags=0x10}, ChangeInfo{2b35d64 container=WallpaperWindowToken{ce3237b showWhenLocked=false} flags=0x0}], participants: {ActivityRecord{116431392 u0 com.android.launcher/.Launcher t5}, Task{96667d7 #1 type=home}, Task{a474a04 #14853 type=standard A=10806:com.ipdial}, ActivityRecord{174303894 u0 com.ipdial/.MainActivityDefault t14853 f} isExiting}, WallpaperWindowToken{ce3237b showWhenLocked=false}, Task{ceecb50 #5 type=home I=com.android.launcher/.Launcher}}
07-01 08:05:09.732  2570  2889 W WindowManager: captureTaskSnapshot mSnapshotMode= 0 source=Task{a474a04 #14853 type=standard A=10806:com.ipdial}
07-01 08:05:09.733  2570  2889 D TaskSnapshotControllerExtImpl: createTaskSnapshot isCompatMode:false, isCompactWindow:false
07-01 08:05:09.733  2570  2889 W AbsAppSnapshotControllerExtImpl: updateExcludeLayers, addExcludeLayerList is null or empty, return excludeLayers
07-01 08:05:09.733  2570  2570 D NotificationGroupType: maybeUngroupOplus:after all cleared
07-01 08:05:09.734  3855  4369 V WindowManagerShell: onTransitionReady(transaction=11038065961525)
07-01 08:05:09.735  3855  3923 V WindowManagerShell: onTransitionReady (#179) android.os.BinderProxy@b0bc4c7: {id=179 t=CLOSE f=0x10 trk=0 r=[0@Point(0, 0)] c=[
07-01 08:05:09.735  3855  3923 V WindowManagerShell:         {m=TO_FRONT f=SHOW_WALLPAPER|MOVE_TO_TOP leash=Surface(name=Task=1)/@0x36c92 sb=Rect(0, 0 - 1080, 2400) eb=Rect(0, 0 - 1080, 2400) epz=Point(1080, 2400) d=0 taskParent=-1},
07-01 08:05:09.735  3855  3923 V WindowManagerShell:         {m=CLOSE f=NONE leash=Surface(name=Task=14853)/@0x775e663 sb=Rect(0, 0 - 1080, 2400) eb=Rect(0, 0 - 1080, 2400) epz=Point(1080, 2400) d=0 taskParent=-1},
07-01 08:05:09.735  3855  3923 V WindowManagerShell:         {m=TO_FRONT f=IS_WALLPAPER leash=Surface(name=WallpaperWindowToken{ce3237b showWhenLocked=false})/@0xcf77260 sb=Rect(0, 0 - 1080, 2400) eb=Rect(0, 0 - 1080, 2400) epz=Point(1080, 2400) d=0}
07-01 08:05:09.735  3855  3923 V WindowManagerShell:     ] 
07-01 08:05:09.735  3855  3923 V WindowManagerShell: extendInfo=[
07-01 08:05:09.735  3855  3923 V WindowManagerShell:  OplusTransitionExtendedInfo{mTmpFinishT=null, mInOplusCompatMode=false, mIsProcessRunning=false, mHasMismatchBoundsTarget=false, mRecentsController=null, mRemoteTransition=null, mIsTranslucentActivityToHome=false, mAvoidInterceptKeyEventToHome=false, mIsFromHome=false, mParentLeash=null, mBackAnimClosingLeash=null, mIsOplusAnimRes=false, mKeepBgForContinuous=false, mIsBalAllow=false, mTaskNotInRecent=false, mIsPredictiveBackAnim=false, mIsMergedWithPredictive=false, mIsLaunchFromSpruce=false, mIsLaunchFromDrive=false, mGlobalSearchPageSwitch=false, mNeedNoAlphaGlobalSearchScene=false, mAssistScreenShowing=false, mSwipeUpBrowserScreenShowing=false, mUserIdTransition=0
07-01 08:05:09.735  3855  3923 V WindowManagerShell: , mInRemoteScene=false, mInPreReady=false, mPreStart=false, mToken=null, mAbortByRemoteFromHome=false, mShellApplyToken=null, mRequestTransitionTaskId=14853, mAbortTransitionOnShell=0, mStartFromShortcut=false, mRemovedTaskId=-1, mTransitionInterruptType=0, mMergeSecondTaskId=-1, mTaskIdStartFromRecents=0, mTransitionId=179, mCanUseSpringSlideAnim=false, mTransitionLaunchFrom=0, mFoldChangeType=-1, mAnimStartingPosition=[0, 0, 0, 0], mIsOpeningStkDialogActivity=false, mSecondaryHomeToFrontWhenUnFolding=false, mIsNeedApplyStartTForEmbedded=false
07-01 08:05:09.735  3855  3923 V WindowManagerShell: , mNeedCanvasExitAnim=false, mMergeSecondTaskAnimation=false, mIsLaunchUnityStart=false, mIsLaunchFromAssistantByDefault=false, mSkipRemoteTransitionfalse, mIsStartFromKeyguard=false flags=0x0, mWCT=null, mIsOpenMergeToInValidPredictive=false, mPromoteTaskWhenKeyguard-1, mRootLayerZOrderArray={}}]}
07-01 08:05:09.736  3855  3923 V WindowManagerShell: Playing animation for (#179) android.os.BinderProxy@b0bc4c7@0
07-01 08:05:09.737  3855  3923 D ShellSplitScreen: startAnimation: transition=179 isSplitActive=false
07-01 08:05:09.737  3855  3923 V ShellRecents: RecentsTransitionHandler.startAnimation: no controller found
07-01 08:05:09.738  3855  3923 V WindowManagerShell: start OnePuttTransition animation, info = {id=179 t=CLOSE f=0x10 trk=0 r=[0@Point(0, 0)] c=[{m=TO_FRONT f=SHOW_WALLPAPER|MOVE_TO_TOP leash=Surface(name=Task=1)/@0x36c92 sb=Rect(0, 0 - 1080, 2400) eb=Rect(0, 0 - 1080, 2400) epz=Point(1080, 2400) d=0 taskParent=-1},{m=CLOSE f=NONE leash=Surface(name=Task=14853)/@0x775e663 sb=Rect(0, 0 - 1080, 2400) eb=Rect(0, 0 - 1080, 2400) epz=Point(1080, 2400) d=0 taskParent=-1},{m=TO_FRONT f=IS_WALLPAPER leash=Surface(name=WallpaperWindowToken{ce3237b showWhenLocked=false})/@0xcf77260 sb=Rect(0, 0 - 1080, 2400) eb=Rect(0, 0 - 1080, 2400) epz=Point(1080, 2400) d=0}] 
07-01 08:05:09.738  3855  3923 V WindowManagerShell: extendInfo=[
07-01 08:05:09.738  3855  3923 V WindowManagerShell:  OplusTransitionExtendedInfo{mTmpFinishT=null, mInOplusCompatMode=false, mIsProcessRunning=false, mHasMismatchBoundsTarget=false, mRecentsController=null, mRemoteTransition=null, mIsTranslucentActivityToHome=false, mAvoidInterceptKeyEventToHome=false, mIsFromHome=false, mParentLeash=null, mBackAnimClosingLeash=null, mIsOplusAnimRes=false, mKeepBgForContinuous=false, mIsBalAllow=false, mTaskNotInRecent=false, mIsPredictiveBackAnim=false, mIsMergedWithPredictive=false, mIsLaunchFromSpruce=false, mIsLaunchFromDrive=false, mGlobalSearchPageSwitch=false, mNeedNoAlphaGlobalSearchScene=false, mAssistScreenShowing=false, mSwipeUpBrowserScreenShowing=false, mUserIdTransition=0
07-01 08:05:09.738  3855  3923 V WindowManagerShell: , mInRemoteScene=false, mInPreReady=false, mPreStart=false, mToken=null, mAbortByRemoteFromHome=false, mShellApplyToken=null, mRequestTransitionTaskId=14853, mAbortTransitionOnShell=0, mStartFromShortcut=false, mRemovedTaskId=-1, mTransitionInterruptType=0, mMergeSecondTaskId=-1, mTaskIdStartFromRecents=0, mTransitionId=179, mCanUseSpringSlideAnim=false, mTransitionLaunchFrom=0, mFoldChangeType=-1, mAnimStartingPosition=[0, 0, 0, 0], mIsOpeningStkDialogActivity=false, mSecondaryHomeToFrontWhenUnFolding=false, mIsNeedApplyStartTForEmbedded=false
07-01 08:05:09.738  3855  3923 V WindowManagerShell: , mNeedCanvasExitAnim=false, mMergeSecondTaskAnimation=false, mIsLaunchUnityStart=false, mIsLaunchFromAssistantByDefault=false, mSkipRemoteTransitionfalse, mIsStartFromKeyguard=false flags=0x0, mWCT=null, mIsOpenMergeToInValidPredictive=false, mPromoteTaskWhenKeyguard-1, mRootLayerZOrderArray={}}]}
07-01 08:05:09.739  3855  3923 V WindowManagerShell: Transition doesn't have explicit remote, search filters for match for {id=179 t=CLOSE f=0x10 trk=0 r=[0@Point(0, 0)] c=[{m=TO_FRONT f=SHOW_WALLPAPER|MOVE_TO_TOP leash=Surface(name=Task=1)/@0x36c92 sb=Rect(0, 0 - 1080, 2400) eb=Rect(0, 0 - 1080, 2400) epz=Point(1080, 2400) d=0 taskParent=-1},{m=CLOSE f=NONE leash=Surface(name=Task=14853)/@0x775e663 sb=Rect(0, 0 - 1080, 2400) eb=Rect(0, 0 - 1080, 2400) epz=Point(1080, 2400) d=0 taskParent=-1},{m=TO_FRONT f=IS_WALLPAPER leash=Surface(name=WallpaperWindowToken{ce3237b showWhenLocked=false})/@0xcf77260 sb=Rect(0, 0 - 1080, 2400) eb=Rect(0, 0 - 1080, 2400) epz=Point(1080, 2400) d=0}] 
07-01 08:05:09.739  3855  3923 V WindowManagerShell: extendInfo=[
07-01 08:05:09.739  3855  3923 V WindowManagerShell:  OplusTransitionExtendedInfo{mTmpFinishT=null, mInOplusCompatMode=false, mIsProcessRunning=false, mHasMismatchBoundsTarget=false, mRecentsController=null, mRemoteTransition=null, mIsTranslucentActivityToHome=false, mAvoidInterceptKeyEventToHome=false, mIsFromHome=false, mParentLeash=null, mBackAnimClosingLeash=null, mIsOplusAnimRes=false, mKeepBgForContinuous=false, mIsBalAllow=false, mTaskNotInRecent=false, mIsPredictiveBackAnim=false, mIsMergedWithPredictive=false, mIsLaunchFromSpruce=false, mIsLaunchFromDrive=false, mGlobalSearchPageSwitch=false, mNeedNoAlphaGlobalSearchScene=false, mAssistScreenShowing=false, mSwipeUpBrowserScreenShowing=false, mUserIdTransition=0
07-01 08:05:09.739  3855  3923 V WindowManagerShell: , mInRemoteScene=false, mInPreReady=false, mPreStart=false, mToken=null, mAbortByRemoteFromHome=false, mShellApplyToken=null, mRequestTransitionTaskId=14853, mAbortTransitionOnShell=0, mStartFromShortcut=false, mRemovedTaskId=-1, mTransitionInterruptType=0, mMergeSecondTaskId=-1, mTaskIdStartFromRecents=0, mTransitionId=179, mCanUseSpringSlideAnim=false, mTransitionLaunchFrom=0, mFoldChangeType=-1, mAnimStartingPosition=[0, 0, 0, 0], mIsOpeningStkDialogActivity=false, mSecondaryHomeToFrontWhenUnFolding=false, mIsNeedApplyStartTForEmbedded=false
07-01 08:05:09.739  3855  3923 V WindowManagerShell: , mNeedCanvasExitAnim=false, mMergeSecondTaskAnimation=false, mIsLaunchUnityStart=false, mIsLaunchFromAssistantByDefault=false, mSkipRemoteTransitionfalse, mIsStartFromKeyguard=false flags=0x0, mWCT=null, mIsOpenMergeToInValidPredictive=false, mPromoteTaskWhenKeyguard-1, mRootLayerZOrderArray={}}]}
07-01 08:05:09.739  3855  3923 V WindowManagerShell:  Checking filter Pair{{types=[] flags=0x0] notFlags=0x100 checks=[{atype=home independent=true modes=[OPEN,TO_FRONT] flags=NONE mustBeTask=false order=TOP topActivity=ComponentInfo{com.android.launcher/com.android.launcher.Launcher} launchCookie=null windowingMode=undefined},{atype=standard independent=true modes=[CLOSE,TO_BACK] flags=NONE mustBeTask=false order=ANY topActivity=null launchCookie=null windowingMode=undefined}]} RemoteTransition { remoteTransition = android.window.IRemoteTransition$Stub$Proxy@64fb9d5, appThread = android.app.IApplicationThread$Stub$Proxy@a4f35ea, debugName = QuickstepLaunchHome }}
07-01 08:05:09.740  3855  3923 D RemoteTransitionHandler: Found filterPair{{types=[] flags=0x0] notFlags=0x100 checks=[{atype=home independent=true modes=[OPEN,TO_FRONT] flags=NONE mustBeTask=false order=TOP topActivity=ComponentInfo{com.android.launcher/com.android.launcher.Launcher} launchCookie=null windowingMode=undefined},{atype=standard independent=true modes=[CLOSE,TO_BACK] flags=NONE mustBeTask=false order=ANY topActivity=null launchCookie=null windowingMode=undefined}]} RemoteTransition { remoteTransition = android.window.IRemoteTransition$Stub$Proxy@64fb9d5, appThread = android.app.IApplicationThread$Stub$Proxy@a4f35ea, debugName = QuickstepLaunchHome }}
07-01 08:05:09.741  3855  3923 V WindowManagerShell:  Delegate animation for (#179) to RemoteTransition { remoteTransition = android.window.IRemoteTransition$Stub$Proxy@64fb9d5, appThread = android.app.IApplicationThread$Stub$Proxy@a4f35ea, debugName = QuickstepLaunchHome }
07-01 08:05:09.749  2570  2889 D TaskSnapshotCache: putSnapshot mRunningCache top= ActivityRecord{174303894 u0 com.ipdial/.MainActivityDefault t14853 f} isExiting}, mTaskId=14853, snapshot=TaskSnapshot{ mId=1782871509732 mCaptureTime=24079184692385 mTopActivityComponent=com.ipdial/.MainActivity mSnapshot=android.hardware.HardwareBuffer@a7064e8 (756x1680) mColorSpace=sRGB IEC61966-2.1 (id=0, model=RGB) mOrientation=1 mRotation=0 mTaskSize=Point(1080, 2400) mOplusCompatMode=false mTopActivityBounds=[0,0][1080,2400] mHasDimLayer=false mContentInsets=[0,107][0,48] mLetterboxInsets=[0,0][0,0] mIsLowResolution=false mIsRealSnapshot=true mWindowingMode=1 mAppearance=24 mIsTranslucent=false mHasImeSurface=false mInternalReferences=2 mUiMode=11, mAppIdMap size= 5
07-01 08:05:09.752  2570  2889 I TaskOrganizerController: onTaskInfoChanged taskid 1 config { mBounds=Rect(0, 0 - 1080, 2400) mAppBounds=Rect(0, 0 - 1080, 2400) mMaxBounds=Rect(0, 0 - 1080, 2400) mDisplayRotation=ROTATION_0 mWindowingMode=fullscreen mActivityType=home mAlwaysOnTop=undefined mRotation=ROTATION_0}
07-01 08:05:09.753  2570  2889 D OplusVisibleTasks:  notifyTasksNumChange no need to notify.
07-01 08:05:09.753  2570  2889 D OplusFlexibleDragToSplitAnimController: visibleFlexibleTaskInfos delete:1
07-01 08:05:09.753  2570  2889 E FlexibleWindowManagerService: notifyTaskObserverToAttachController not need to notify!
07-01 08:05:09.753  2570  2889 I FlexibleWindowManagerService: onFlexibleWindowTaskInfoChanged, return for cur task not embedded
07-01 08:05:09.753  2570  3891 W ActivityTaskManager: setRunningRemoteTransition: no process for null
07-01 08:05:09.754  3855  3923 V WindowManagerShell:  animated by com.android.wm.shell.transition.RemoteTransitionHandler@f67bb59
07-01 08:05:09.764  2570  2886 D OplusBatteryManager: getPsyBatteryRm: 1580
07-01 08:05:09.764  2570  2886 D BatteryStatsImplExtImpl: resumedUid:10191 resumedBatteryLevel:36  resumedPackage:com.android.launcher  resumedBatteryRealtimeCapacity:1580
07-01 08:05:09.768  2570  2883 W Looper  : Slow dispatch took 150ms android.ui app=system_server main=false group=SKIP h=com.android.server.am.ActivityManagerService$UiHandler c=null m=1
07-01 08:05:09.768  2570  3891 I BLASTSyncEngine: onCommitted syncId: 179, timeout: false ran: false
07-01 08:05:09.774  2570  2882 W Looper  : Slow dispatch took 131ms android.fg app=system_server main=false group=SKIP h=com.android.server.DropBoxManagerService$DropBoxManagerBroadcastHandler c=null m=1
07-01 08:05:09.776  2570  2886 D FlexibleTaskController: check task which not have enough child, isInSingleWhiteList:false isCloneTask:false
