07-01 08:03:00.951  2570  7317 D WindowManager: NFW_setClientVisible:ActivityRecord{116431392 u0 com.android.launcher/.Launcher t5} clientVisible:true
07-01 08:03:00.953  2570  7317 D ActivityTaskManager: setVisibility(Token{cfd4c7c ActivityRecord{116431392 u0 com.android.launcher/.Launcher t5}}, visible=true) defer commitVisibility for transition collecting
07-01 08:03:00.954  2570  7317 D ActivityTaskManager: onWindowFocusChanged Task{ceecb50 #5 type=home I=com.android.launcher/.Launcher} would transfer to compact
07-01 08:03:00.954  2570  2938 I UserAwareMgr: handleTopAppChanged: com.android.launcher, pid: 4086, uid: 10191
07-01 08:03:00.954  2570  7317 D ActivityTaskManager: NFW_setLastResumedActivityUncheckLocked:true r:ActivityRecord{116431392 u0 com.android.launcher/.Launcher t5} currentFocus:null
07-01 08:03:00.954  2570  7317 D QuickBackInputPolicy: hasMultiChildrenInTask: false
07-01 08:03:00.954  2570  7317 D WindowManager: NFW_findFocusedWindowIfNeeded:Window{24487cc u0 com.android.launcher/com.android.launcher.Launcher} mCurrentFocus:null
07-01 08:03:00.954  2570  7317 D WindowManager: attachImeScreenshotOnTargetIfNeeded, mImeHiding = false, requestedVisibleTypes = -9
07-01 08:03:00.955  2570  7317 D QuickBackInputPolicy: hasMultiChildrenInTask: false
07-01 08:03:00.955  2570  7317 V WindowManager: Changing focus from null to Window{24487cc u0 com.android.launcher/com.android.launcher.Launcher},diplayid=0
07-01 08:03:00.956  2570  7317 D WindowManager: setFrameRateStart invalid typeId return!
07-01 08:03:00.957  2570  7317 D WindowManager: setFrameRateStart invalid typeId return!
07-01 08:03:00.958  2570  7317 D FlexibleTaskController: onTaskFocusChanged prevTask:null ,currentTask:Task{ceecb50 #5 type=home I=com.android.launcher/.Launcher}, reason: resumeTopActivity - onActivityStateChanged
07-01 08:03:00.958  2570  7317 D OplusFlexibleDCSManager: onNextPkgChanged pkg = com.android.launcher
07-01 08:03:00.958  2570  3064 D DisplayModeDirector: setAppRequest displayId : 0  modeId: 1  requestedRefreshRate: 120.00001  requestedMinRefreshRateRange: 120.00001  requestedMaxRefreshRateRange: 120.00001
07-01 08:03:00.959  2570  7317 D KeyguardControllerExtImpl: handleOccludedChanged occlude = false isKeyguardLocked = false executeTransition = false
07-01 08:03:00.960  2570  7317 D FlexibleTaskController: isFullToFlexibleAnimating: false
07-01 08:03:00.960  2570  7317 D WindowManager: rotation(ROTATION_0) no changed  displayId = 0, lastOrientation = 5
07-01 08:03:00.962  2570  7317 D WindowManager: NFW_setClientVisible:WallpaperWindowToken{ce3237b showWhenLocked=false} clientVisible:true
07-01 08:03:00.963  2570  7317 D DisplayModeDirector: setAppRequest displayId : 0  modeId: 1  requestedRefreshRate: 0.0  requestedMinRefreshRateRange: 0.0  requestedMaxRefreshRateRange: 120.00001
07-01 08:03:00.967  2570  7317 I TaskOrganizerController: onTaskInfoChanged taskid 14848 config { mBounds=Rect(0, 0 - 1080, 2400) mAppBounds=Rect(0, 0 - 1080, 2400) mMaxBounds=Rect(0, 0 - 1080, 2400) mDisplayRotation=ROTATION_0 mWindowingMode=fullscreen mActivityType=standard mAlwaysOnTop=undefined mRotation=ROTATION_0}
07-01 08:03:00.968  4086  4086 D ActivityThread: ComponentInfo{com.android.launcher/com.android.launcher.Launcher} checkFinished=false 2
07-01 08:03:00.968  2570  7317 D OplusFlexibleDragToSplitAnimController: visibleFlexibleTaskInfos delete:14848
07-01 08:03:00.968  2570  7317 E FlexibleWindowManagerService: notifyTaskObserverToAttachController not need to notify!
07-01 08:03:00.968  2570  7317 I FlexibleWindowManagerService: onFlexibleWindowTaskInfoChanged, return for cur task not embedded
07-01 08:03:00.968  4086  4086 D ResourcesManagerExtImpl: applyConfigurationToAppResourcesLocked app.getDisplayId() return callback.displayId:0
07-01 08:03:00.968  2570  7317 I TaskOrganizerController: onTaskInfoChanged taskid 1 config { mBounds=Rect(0, 0 - 1080, 2400) mAppBounds=Rect(0, 0 - 1080, 2400) mMaxBounds=Rect(0, 0 - 1080, 2400) mDisplayRotation=ROTATION_0 mWindowingMode=fullscreen mActivityType=home mAlwaysOnTop=undefined mRotation=ROTATION_0}
07-01 08:03:00.968  2570  7317 D OplusFlexibleDragToSplitAnimController: visibleFlexibleTaskInfos delete:1
07-01 08:03:00.968  2570  7317 E FlexibleWindowManagerService: notifyTaskObserverToAttachController not need to notify!
07-01 08:03:00.968  2570  7317 I FlexibleWindowManagerService: onFlexibleWindowTaskInfoChanged, return for cur task not embedded
07-01 08:03:00.969  2570  7317 D WindowManager: onSyncFinishedDrawing: Window{24487cc u0 com.android.launcher/com.android.launcher.Launcher}
07-01 08:03:00.970  2570  7317 D ActivityTaskManager: commitVisibility: ActivityRecord{116431392 u0 com.android.launcher/.Launcher t5}: visible=true visibleRequested=true, isInTransition=true 
07-01 08:03:00.971  2570  7317 E OplusAppQuickStart_AppQuickStartController: not start from launcher transition:165
07-01 08:03:00.971  2570  7317 D Transition: collectOrderChanges onTopTasksEnd: [Task{96667d7 #1 type=home}, Task{ceecb50 #5 type=home I=com.android.launcher/.Launcher}], reportedOnTop:null, mOnTopTasksStart: [Task{f6884b8 #14848 type=standard A=10806:com.ipdial}], TDA child: [Task{7f4cfa3 #2 type=undefined}, Task{23621be #14840 type=standard A=10241:com.google.android.apps.messaging}, Task{de87a2 #14841 type=standard A=10190:com.facebook.katana}, Task{be4af85 #14842 type=standard A=10157:com.google.android.youtube}, Task{85c016 #14843 type=standard A=1000:com.android.settings.root}, Task{f6884b8 #14848 type=standard A=10806:com.ipdial}, Task{96667d7 #1 type=home}]
07-01 08:03:00.971  2570  7317 D Transition: collectOrderChanges **mParticipants add task: Task{ceecb50 #5 type=home I=com.android.launcher/.Launcher}
07-01 08:03:00.971  2570  7317 D Transition: collectOrderChanges **mParticipants add task: Task{96667d7 #1 type=home}
07-01 08:03:00.971  2570  7317 D OplusFlexibleActivityTransitionManager: fixTransitType type result:1, targets: [ChangeInfo{9c29ac8 container=Task{96667d7 #1 type=home} flags=0x30}, ChangeInfo{1b50761 container=Task{f6884b8 #14848 type=standard A=10806:com.ipdial} flags=0x10}, ChangeInfo{859e286 container=WallpaperWindowToken{ce3237b showWhenLocked=false} flags=0x0}]
07-01 08:03:00.972  3855  3923 D WindowManagerShell: setLauncherKeepClearAreaHeight: visible=true, height=201
07-01 08:03:00.972  2570  7317 D OplusTransitionAnimationManager: activityRecordCount0fullScreenArBeHindStartingWindow null
07-01 08:03:00.973  2570  7317 D OplusTransitionAnimationManager: activityRecordCount0fullScreenArBeHindStartingWindow null
07-01 08:03:00.973  2570  7317 D OplusTransitionAnimationManager: activityRecordCount0fullScreenArBeHindStartingWindow null
07-01 08:03:00.974  2570  7317 D ContinuousTransitionController: is match the remote transition.
07-01 08:03:00.974  2570  7317 D QuickBackInputPolicy: resetInputInterceptState for remoteTransition: false
07-01 08:03:00.974  2570  7317 D OplusTransitionController: onTransactionReady, transition: 165, info: {id=165 t=OPEN f=0x0 trk=0 r=[0@Point(0, 0)] c=[{WCT{RemoteToken{de0c78e Task{96667d7 #1 type=home}}} m=TO_FRONT f=SHOW_WALLPAPER|MOVE_TO_TOP leash=Surface(name=Task=1)/@0x1825942 sb=Rect(0, 0 - 1080, 2400) eb=Rect(0, 0 - 1080, 2400) epz=Point(1080, 2400) d=0 taskParent=-1},{WCT{RemoteToken{7cfd4ef Task{f6884b8 #14848 type=standard A=10806:com.ipdial}}} m=TO_BACK f=NONE leash=Surface(name=Task=14848)/@0xe9df6cd sb=Rect(0, 0 - 1080, 2400) eb=Rect(0, 0 - 1080, 2400) epz=Point(1080, 2400) d=0 taskParent=-1},{m=TO_FRONT f=IS_WALLPAPER leash=Surface(name=WallpaperWindowToken{ce3237b showWhenLocked=false})/@0x6be4d53 sb=Rect(0, 0 - 1080, 2400) eb=Rect(0, 0 - 1080, 2400) epz=Point(1080, 2400) d=0}] 
07-01 08:03:00.974  2570  7317 D OplusTransitionController: extendInfo=[
07-01 08:03:00.974  2570  7317 D OplusTransitionController:  OplusTransitionExtendedInfo{mTmpFinishT=null, mInOplusCompatMode=false, mIsProcessRunning=false, mHasMismatchBoundsTarget=false, mRecentsController=null, mRemoteTransition=null, mIsTranslucentActivityToHome=false, mAvoidInterceptKeyEventToHome=false, mIsFromHome=false, mParentLeash=null, mBackAnimClosingLeash=null, mIsOplusAnimRes=false, mKeepBgForContinuous=false, mIsBalAllow=false, mTaskNotInRecent=false, mIsPredictiveBackAnim=false, mIsMergedWithPredictive=false, mIsLaunchFromSpruce=false, mIsLaunchFromDrive=false, mGlobalSearchPageSwitch=false, mNeedNoAlphaGlobalSearchScene=false, mAssistScreenShowing=false, mSwipeUpBrowserScreenShowing=false, mUserIdTransition=0
07-01 08:03:00.974  2570  7317 D OplusTransitionController: , mInRemoteScene=false, mInPreReady=false, mPreStart=false, mToken=null, mAbortByRemoteFromHome=false, mShellApplyToken=null, mRequestTransitionTaskId=14848, mAbortTransitionOnShell=0, mStartFromShortcut=false, mRemovedTaskId=-1, mTransitionInterruptType=0, mMergeSecondTaskId=-1, mTaskIdStartFromRecents=0, mTransitionId=165, mCanUseSpringSlideAnim=false, mTransitionLaunchFrom=0, mFoldChangeType=-1, mAnimStartingPosition=[0, 0, 0, 0], mIsOpeningStkDialogActivity=false, mSecondaryHomeToFrontWhenUnFolding=false, mIsNeedApplyStartTForEmbedded=false
07-01 08:03:00.974  2570  7317 D OplusTransitionController: , mNeedCanvasExitAnim=false, mMergeSecondTaskAnimation=false, mIsLaunchUnityStart=false, mIsLaunchFromAssistantByDefault=false, mSkipRemoteTransitionfalse, mIsStartFromKeyguard=false flags=0x0, mWCT=null, mIsOpenMergeToInValidPredictive=false, mPromoteTaskWhenKeyguard-1, mRootLayerZOrderArray={}}]}, targets : [ChangeInfo{9c29ac8 container=Task{96667d7 #1 type=home} flags=0x30}, ChangeInfo{1b50761 container=Task{f6884b8 #14848 type=standard A=10806:com.ipdial} flags=0x10}, ChangeInfo{859e286 container=WallpaperWindowToken{ce3237b showWhenLocked=false} flags=0x0}], participants: {ActivityRecord{116431392 u0 com.android.launcher/.Launcher t5}, Task{96667d7 #1 type=home}, WallpaperWindowToken{ce3237b showWhenLocked=false}, Task{ceecb50 #5 type=home I=com.android.launcher/.Launcher}, ActivityRecord{217381203 u0 com.ipdial/com.startapp.sdk.adsbase.consent.ConsentActivity t-1 f}}, ActivityRecord{240500631 u0 com.google.android.permissioncontroller/com.android.permissioncontroller.permission.ui.GrantPermissionsActivity t14848 f}}, ActivityRecord{245969194 u0 com.ipdial/.MainActivityDefault t14848 f} isExiting}}
07-01 08:03:00.975  2570  7317 D CoreBackPreview:  return markWindowHasDrawn mComposed: false  mWaitTransition: false
07-01 08:03:00.975  4086  4086 D VRI[Launcher]: relayoutWindow result, sizeChanged:false, surfaceControlChanged:false, transformHintChanged:false, mSurfaceSize:Point(1080, 2400), mLastSurfaceSize:Point(1080, 2400), mWidth:1080, mHeight:2400, requestedWidth:1080, requestedHeight:2400, transformHint:0, installOrientation:0, displayRotation:0, isSurfaceValid:true, attr.flag:-2121203456, tmpFrames:ClientWindowFrames{frame=[0,0][1080,2400] display=[0,0][1080,2400] parentFrame=[0,0][1080,2400]}, relayoutAsync:true, mSyncSeqId:0
07-01 08:03:00.976  4086  4086 W VRI[Launcher]: updateBlastSurfaceIfNeeded, surfaceSize:Point(1080, 2400), lastSurfaceSize:Point(1080, 2400), format:-2, blastBufferQueue:android.graphics.BLASTBufferQueue@59b20c5
07-01 08:03:00.976  2570  7317 W WindowManager: captureTaskSnapshot mSnapshotMode= 0 source=Task{f6884b8 #14848 type=standard A=10806:com.ipdial}
07-01 08:03:00.977  2570  7317 D TaskSnapshotControllerExtImpl: createTaskSnapshot isCompatMode:false, isCompactWindow:false
07-01 08:03:00.977  2570  7317 W AbsAppSnapshotControllerExtImpl: updateExcludeLayers, addExcludeLayerList is null or empty, return excludeLayers
07-01 08:03:00.979  3855  5725 V WindowManagerShell: onTransitionReady(transaction=11038065960764)
07-01 08:03:00.982  3855  3923 V WindowManagerShell: onTransitionReady (#165) android.os.BinderProxy@fb20e80: {id=165 t=OPEN f=0x0 trk=0 r=[0@Point(0, 0)] c=[
07-01 08:03:00.982  3855  3923 V WindowManagerShell:         {m=TO_FRONT f=SHOW_WALLPAPER|MOVE_TO_TOP leash=Surface(name=Task=1)/@0x70e685f sb=Rect(0, 0 - 1080, 2400) eb=Rect(0, 0 - 1080, 2400) epz=Point(1080, 2400) d=0 taskParent=-1},
07-01 08:03:00.982  3855  3923 V WindowManagerShell:         {m=TO_BACK f=NONE leash=Surface(name=Task=14848)/@0xd6992ac sb=Rect(0, 0 - 1080, 2400) eb=Rect(0, 0 - 1080, 2400) epz=Point(1080, 2400) d=0 taskParent=-1},
07-01 08:03:00.982  3855  3923 V WindowManagerShell:         {m=TO_FRONT f=IS_WALLPAPER leash=Surface(name=WallpaperWindowToken{ce3237b showWhenLocked=false})/@0xdac0b75 sb=Rect(0, 0 - 1080, 2400) eb=Rect(0, 0 - 1080, 2400) epz=Point(1080, 2400) d=0}
07-01 08:03:00.982  3855  3923 V WindowManagerShell:     ] 
07-01 08:03:00.982  3855  3923 V WindowManagerShell: extendInfo=[
07-01 08:03:00.982  3855  3923 V WindowManagerShell:  OplusTransitionExtendedInfo{mTmpFinishT=null, mInOplusCompatMode=false, mIsProcessRunning=false, mHasMismatchBoundsTarget=false, mRecentsController=null, mRemoteTransition=null, mIsTranslucentActivityToHome=false, mAvoidInterceptKeyEventToHome=false, mIsFromHome=false, mParentLeash=null, mBackAnimClosingLeash=null, mIsOplusAnimRes=false, mKeepBgForContinuous=false, mIsBalAllow=false, mTaskNotInRecent=false, mIsPredictiveBackAnim=false, mIsMergedWithPredictive=false, mIsLaunchFromSpruce=false, mIsLaunchFromDrive=false, mGlobalSearchPageSwitch=false, mNeedNoAlphaGlobalSearchScene=false, mAssistScreenShowing=false, mSwipeUpBrowserScreenShowing=false, mUserIdTransition=0
07-01 08:03:00.982  3855  3923 V WindowManagerShell: , mInRemoteScene=false, mInPreReady=false, mPreStart=false, mToken=null, mAbortByRemoteFromHome=false, mShellApplyToken=null, mRequestTransitionTaskId=14848, mAbortTransitionOnShell=0, mStartFromShortcut=false, mRemovedTaskId=-1, mTransitionInterruptType=0, mMergeSecondTaskId=-1, mTaskIdStartFromRecents=0, mTransitionId=165, mCanUseSpringSlideAnim=false, mTransitionLaunchFrom=0, mFoldChangeType=-1, mAnimStartingPosition=[0, 0, 0, 0], mIsOpeningStkDialogActivity=false, mSecondaryHomeToFrontWhenUnFolding=false, mIsNeedApplyStartTForEmbedded=false
07-01 08:03:00.982  3855  3923 V WindowManagerShell: , mNeedCanvasExitAnim=false, mMergeSecondTaskAnimation=false, mIsLaunchUnityStart=false, mIsLaunchFromAssistantByDefault=false, mSkipRemoteTransitionfalse, mIsStartFromKeyguard=false flags=0x0, mWCT=null, mIsOpenMergeToInValidPredictive=false, mPromoteTaskWhenKeyguard-1, mRootLayerZOrderArray={}}]}
07-01 08:03:00.982  3855  3923 V WindowManagerShell: Playing animation for (#165) android.os.BinderProxy@fb20e80@0
07-01 08:03:00.982  3855  3923 D ShellSplitScreen: startAnimation: transition=165 isSplitActive=false
07-01 08:03:00.983  3855  3923 V ShellRecents: RecentsTransitionHandler.startAnimation: no controller found
07-01 08:03:00.983  3855  3923 V WindowManagerShell: start OnePuttTransition animation, info = {id=165 t=OPEN f=0x0 trk=0 r=[0@Point(0, 0)] c=[{m=TO_FRONT f=SHOW_WALLPAPER|MOVE_TO_TOP leash=Surface(name=Task=1)/@0x70e685f sb=Rect(0, 0 - 1080, 2400) eb=Rect(0, 0 - 1080, 2400) epz=Point(1080, 2400) d=0 taskParent=-1},{m=TO_BACK f=NONE leash=Surface(name=Task=14848)/@0xd6992ac sb=Rect(0, 0 - 1080, 2400) eb=Rect(0, 0 - 1080, 2400) epz=Point(1080, 2400) d=0 taskParent=-1},{m=TO_FRONT f=IS_WALLPAPER leash=Surface(name=WallpaperWindowToken{ce3237b showWhenLocked=false})/@0xdac0b75 sb=Rect(0, 0 - 1080, 2400) eb=Rect(0, 0 - 1080, 2400) epz=Point(1080, 2400) d=0}] 
07-01 08:03:00.983  3855  3923 V WindowManagerShell: extendInfo=[
07-01 08:03:00.983  3855  3923 V WindowManagerShell:  OplusTransitionExtendedInfo{mTmpFinishT=null, mInOplusCompatMode=false, mIsProcessRunning=false, mHasMismatchBoundsTarget=false, mRecentsController=null, mRemoteTransition=null, mIsTranslucentActivityToHome=false, mAvoidInterceptKeyEventToHome=false, mIsFromHome=false, mParentLeash=null, mBackAnimClosingLeash=null, mIsOplusAnimRes=false, mKeepBgForContinuous=false, mIsBalAllow=false, mTaskNotInRecent=false, mIsPredictiveBackAnim=false, mIsMergedWithPredictive=false, mIsLaunchFromSpruce=false, mIsLaunchFromDrive=false, mGlobalSearchPageSwitch=false, mNeedNoAlphaGlobalSearchScene=false, mAssistScreenShowing=false, mSwipeUpBrowserScreenShowing=false, mUserIdTransition=0
07-01 08:03:00.983  3855  3923 V WindowManagerShell: , mInRemoteScene=false, mInPreReady=false, mPreStart=false, mToken=null, mAbortByRemoteFromHome=false, mShellApplyToken=null, mRequestTransitionTaskId=14848, mAbortTransitionOnShell=0, mStartFromShortcut=false, mRemovedTaskId=-1, mTransitionInterruptType=0, mMergeSecondTaskId=-1, mTaskIdStartFromRecents=0, mTransitionId=165, mCanUseSpringSlideAnim=false, mTransitionLaunchFrom=0, mFoldChangeType=-1, mAnimStartingPosition=[0, 0, 0, 0], mIsOpeningStkDialogActivity=false, mSecondaryHomeToFrontWhenUnFolding=false, mIsNeedApplyStartTForEmbedded=false
07-01 08:03:00.983  3855  3923 V WindowManagerShell: , mNeedCanvasExitAnim=false, mMergeSecondTaskAnimation=false, mIsLaunchUnityStart=false, mIsLaunchFromAssistantByDefault=false, mSkipRemoteTransitionfalse, mIsStartFromKeyguard=false flags=0x0, mWCT=null, mIsOpenMergeToInValidPredictive=false, mPromoteTaskWhenKeyguard-1, mRootLayerZOrderArray={}}]}
07-01 08:03:00.983  3855  3923 V WindowManagerShell: Transition doesn't have explicit remote, search filters for match for {id=165 t=OPEN f=0x0 trk=0 r=[0@Point(0, 0)] c=[{m=TO_FRONT f=SHOW_WALLPAPER|MOVE_TO_TOP leash=Surface(name=Task=1)/@0x70e685f sb=Rect(0, 0 - 1080, 2400) eb=Rect(0, 0 - 1080, 2400) epz=Point(1080, 2400) d=0 taskParent=-1},{m=TO_BACK f=NONE leash=Surface(name=Task=14848)/@0xd6992ac sb=Rect(0, 0 - 1080, 2400) eb=Rect(0, 0 - 1080, 2400) epz=Point(1080, 2400) d=0 taskParent=-1},{m=TO_FRONT f=IS_WALLPAPER leash=Surface(name=WallpaperWindowToken{ce3237b showWhenLocked=false})/@0xdac0b75 sb=Rect(0, 0 - 1080, 2400) eb=Rect(0, 0 - 1080, 2400) epz=Point(1080, 2400) d=0}] 
07-01 08:03:00.983  3855  3923 V WindowManagerShell: extendInfo=[
07-01 08:03:00.983  3855  3923 V WindowManagerShell:  OplusTransitionExtendedInfo{mTmpFinishT=null, mInOplusCompatMode=false, mIsProcessRunning=false, mHasMismatchBoundsTarget=false, mRecentsController=null, mRemoteTransition=null, mIsTranslucentActivityToHome=false, mAvoidInterceptKeyEventToHome=false, mIsFromHome=false, mParentLeash=null, mBackAnimClosingLeash=null, mIsOplusAnimRes=false, mKeepBgForContinuous=false, mIsBalAllow=false, mTaskNotInRecent=false, mIsPredictiveBackAnim=false, mIsMergedWithPredictive=false, mIsLaunchFromSpruce=false, mIsLaunchFromDrive=false, mGlobalSearchPageSwitch=false, mNeedNoAlphaGlobalSearchScene=false, mAssistScreenShowing=false, mSwipeUpBrowserScreenShowing=false, mUserIdTransition=0
07-01 08:03:00.983  3855  3923 V WindowManagerShell: , mInRemoteScene=false, mInPreReady=false, mPreStart=false, mToken=null, mAbortByRemoteFromHome=false, mShellApplyToken=null, mRequestTransitionTaskId=14848, mAbortTransitionOnShell=0, mStartFromShortcut=false, mRemovedTaskId=-1, mTransitionInterruptType=0, mMergeSecondTaskId=-1, mTaskIdStartFromRecents=0, mTransitionId=165, mCanUseSpringSlideAnim=false, mTransitionLaunchFrom=0, mFoldChangeType=-1, mAnimStartingPosition=[0, 0, 0, 0], mIsOpeningStkDialogActivity=false, mSecondaryHomeToFrontWhenUnFolding=false, mIsNeedApplyStartTForEmbedded=false
07-01 08:03:00.983  3855  3923 V WindowManagerShell: , mNeedCanvasExitAnim=false, mMergeSecondTaskAnimation=false, mIsLaunchUnityStart=false, mIsLaunchFromAssistantByDefault=false, mSkipRemoteTransitionfalse, mIsStartFromKeyguard=false flags=0x0, mWCT=null, mIsOpenMergeToInValidPredictive=false, mPromoteTaskWhenKeyguard-1, mRootLayerZOrderArray={}}]}
07-01 08:03:00.983  3855  3923 V WindowManagerShell:  Checking filter Pair{{types=[] flags=0x0] notFlags=0x100 checks=[{atype=home independent=true modes=[OPEN,TO_FRONT] flags=NONE mustBeTask=false order=TOP topActivity=ComponentInfo{com.android.launcher/com.android.launcher.Launcher} launchCookie=null windowingMode=undefined},{atype=standard independent=true modes=[CLOSE,TO_BACK] flags=NONE mustBeTask=false order=ANY topActivity=null launchCookie=null windowingMode=undefined}]} RemoteTransition { remoteTransition = android.window.IRemoteTransition$Stub$Proxy@64fb9d5, appThread = android.app.IApplicationThread$Stub$Proxy@a4f35ea, debugName = QuickstepLaunchHome }}
07-01 08:03:00.983  3855  3923 D RemoteTransitionHandler: Found filterPair{{types=[] flags=0x0] notFlags=0x100 checks=[{atype=home independent=true modes=[OPEN,TO_FRONT] flags=NONE mustBeTask=false order=TOP topActivity=ComponentInfo{com.android.launcher/com.android.launcher.Launcher} launchCookie=null windowingMode=undefined},{atype=standard independent=true modes=[CLOSE,TO_BACK] flags=NONE mustBeTask=false order=ANY topActivity=null launchCookie=null windowingMode=undefined}]} RemoteTransition { remoteTransition = android.window.IRemoteTransition$Stub$Proxy@64fb9d5, appThread = android.app.IApplicationThread$Stub$Proxy@a4f35ea, debugName = QuickstepLaunchHome }}
07-01 08:03:00.983  3855  3923 V WindowManagerShell:  Delegate animation for (#165) to RemoteTransition { remoteTransition = android.window.IRemoteTransition$Stub$Proxy@64fb9d5, appThread = android.app.IApplicationThread$Stub$Proxy@a4f35ea, debugName = QuickstepLaunchHome }
07-01 08:03:00.988  2570  3401 I BootReceiver: Copying /data/tombstones/tombstone_30 to DropBox (SYSTEM_TOMBSTONE)
07-01 08:03:00.991  2570  3401 I DropBoxManagerService: add tag=SYSTEM_TOMBSTONE isTagEnabled=true flags=0x6
07-01 08:03:01.008  2570  7317 D TaskSnapshotCache: putSnapshot mRunningCache top= ActivityRecord{240500631 u0 com.google.android.permissioncontroller/com.android.permissioncontroller.permission.ui.GrantPermissionsActivity t14848 f}}, mTaskId=14848, snapshot=TaskSnapshot{ mId=1782871380976 mCaptureTime=23950443472799 mTopActivityComponent=com.google.android.permissioncontroller/com.android.permissioncontroller.permission.ui.GrantPermissionsActivity mSnapshot=android.hardware.HardwareBuffer@8bd8ad1 (756x1680) mColorSpace=sRGB IEC61966-2.1 (id=0, model=RGB) mOrientation=1 mRotation=0 mTaskSize=Point(1080, 2400) mOplusCompatMode=false mTopActivityBounds=[0,0][1080,2400] mHasDimLayer=false mContentInsets=[0,0][0,0] mLetterboxInsets=[0,0][0,0] mIsLowResolution=false mIsRealSnapshot=true mWindowingMode=1 mAppearance=0 mIsTranslucent=true mHasImeSurface=false mInternalReferences=2 mUiMode=11, mAppIdMap size= 5
07-01 08:03:01.019  2570  7317 I TaskOrganizerController: onTaskInfoChanged taskid 1 config { mBounds=Rect(0, 0 - 1080, 2400) mAppBounds=Rect(0, 0 - 1080, 2400) mMaxBounds=Rect(0, 0 - 1080, 2400) mDisplayRotation=ROTATION_0 mWindowingMode=fullscreen mActivityType=home mAlwaysOnTop=undefined mRotation=ROTATION_0}
07-01 08:03:01.022  2570  7317 D OplusVisibleTasks:  notifyTasksNumChange no need to notify.
07-01 08:03:01.022  2570  7317 D OplusFlexibleDragToSplitAnimController: visibleFlexibleTaskInfos delete:1
07-01 08:03:01.022  2570  7317 E FlexibleWindowManagerService: notifyTaskObserverToAttachController not need to notify!
07-01 08:03:01.022  2570  7317 I FlexibleWindowManagerService: onFlexibleWindowTaskInfoChanged, return for cur task not embedded
07-01 08:03:01.025  2570  4706 I BLASTSyncEngine: onCommitted syncId: 165, timeout: false ran: false
07-01 08:03:01.025  2570  2886 W ActivityManager: setHasOverlayUi called on unknown pid: 16838
07-01 08:03:01.027  2570  2989 E OplusThermalStats: Error getting package info: com.android.launcher
07-01 08:03:01.029  2570  3348 V WindowManager: Relayout Window{24487cc u0 com.android.launcher/com.android.launcher.Launcher}: viewVisibility=0, oldvis=0, req=1080x2400 , apr = 0, vsysui=LAYOUT_STABLE LAYOUT_HIDE_NAVIGATION LAYOUT_FULLSCREEN, x=0, y=0
07-01 08:03:01.035  2570  2938 I UserAwareMgr: handleTopAppChanged: com.google.android.googlequicksearchbox, pid: 9680, uid: 10124
07-01 08:03:01.037  2570  7624 W ActivityTaskManager: setRunningRemoteTransition: no process for null
07-01 08:03:01.039  3855  3923 V WindowManagerShell:  animated by com.android.wm.shell.transition.RemoteTransitionHandler@f67bb59
07-01 08:03:01.059  2570  3551 D InputMethodManagerService: isSecurity: attribute.packageName = com.android.launcher mCurMethodId = com.codepotro.borno.keyboard/.BornoIME isSecurity = false ( enable = false needShow = false inBlackList = false isExist = true )
07-01 08:03:01.059  2570  4133 V WindowManager: Relayout Window{5b99c1f u0 com.google.android.googlequicksearchbox}: viewVisibility=0, oldvis=8, req=1080x2400 , apr = 0, vsysui=LIGHT_STATUS_BAR LIGHT_NAVIGATION_BAR
07-01 08:03:01.068  2570  4133 D WindowManager: relayoutVisibleWindow win:Window{5b99c1f u0 com.google.android.googlequicksearchbox} set mDestroying = false  DestroySavedSurface remove
07-01 08:03:01.069  2570  4133 D QuickBackInputPolicy: hasMultiChildrenInTask: false
07-01 08:03:01.069  2570  4133 D WindowManager: NFW_findFocusedWindowIfNeeded:Window{24487cc u0 com.android.launcher/com.android.launcher.Launcher} mCurrentFocus:Window{24487cc u0 com.android.launcher/com.android.launcher.Launcher}
07-01 08:03:01.075  9680  9680 W VRI[googlequicksearchbox]: updateBlastSurfaceIfNeeded, surfaceSize:Point(1080, 2400), lastSurfaceSize:Point(1080, 2400), format:-2, blastBufferQueue:null
07-01 08:03:01.080  9680  9680 I Quality : UISlowBinder:112482969
07-01 08:03:01.084  2570  2890 D SurfaceAnimationRunner: onAnimationEnd:Surface(name=Dim Layer for - Task=14848)/@0x6ef38c
07-01 08:03:01.119  2570  3348 D WindowManager: setFrameRateStart invalid typeId return!
07-01 08:03:01.121  2570  4406 I WindowManager: Window{5b99c1f u0 com.google.android.googlequicksearchbox} state from DRAW_PENDING to COMMIT_DRAW_PENDING; reason: finishDrawingLocked
07-01 08:03:01.122  2570  3401 D DropBoxManagerService: file :: /data/system/dropbox/SYSTEM_TOMBSTONE@1782871381118.txt.gz
07-01 08:03:01.124  2570  2889 I WindowManager: Window{5b99c1f u0 com.google.android.googlequicksearchbox} state from COMMIT_DRAW_PENDING to READY_TO_SHOW; reason: commitFinishDrawingLocked
07-01 08:03:01.124  2570  2889 D CoreBackPreview:  return markWindowHasDrawn mComposed: false  mWaitTransition: false
07-01 08:03:01.124  2570  2889 D ActivityTaskManager: Clearing startingData for activity=ActivityRecord{116431392 u0 com.android.launcher/.Launcher t5} mStartingData=null mStartingSurface=null
07-01 08:03:01.142  2570  2889 I WindowManager: Window{5b99c1f u0 com.google.android.googlequicksearchbox} state from READY_TO_SHOW to HAS_DRAWN; reason: performShowLocked
07-01 08:03:01.147  2570  4133 W OplusSelfProtectManager: pkg[com.oplus.crashbox] not in policy list
07-01 08:03:01.151  2570  2889 I WindowStateExtImpl: onSurfaceShowChange show = true mPackageName = com.android.launcher parentPkgName = com.android.launcher
07-01 08:03:01.151  2570  2889 D CoreBackPreview:  return markWindowHasDrawn mComposed: false  mWaitTransition: false
07-01 08:03:01.169  2570  3668 D BackgroundInstallControlService: Package event received: 0
07-01 08:03:01.170  2570  2989 D BatteryExternalStatsWorker: begin updateExternalStatsSync reason=remove-uid flag:1
07-01 08:03:01.170  2570  2886 D BatteryStatsImplExtImpl: pausedBatteryLevel:36 activityFocusedTimeInMin:0
07-01 08:03:01.177  2570  3668 D BackgroundInstallControlService: Package event received: 0
07-01 08:03:01.182  2570  2886 D OplusBatteryManager: getPsyBatteryRm: 1592
07-01 08:03:01.182  2570  2886 D BatteryStatsImplExtImpl: resumedUid:10191 resumedBatteryLevel:36  resumedPackage:com.android.launcher  resumedBatteryRealtimeCapacity:1592
07-01 08:03:01.192  2570  3668 D BackgroundInstallControlService: Package event received: 0
07-01 08:03:01.203  2570  2882 W Looper  : Slow dispatch took 254ms android.fg app=system_server main=false group=SKIP h=com.android.server.DropBoxManagerService$DropBoxManagerBroadcastHandler c=null m=1
07-01 08:03:01.204  2570  2882 V WindowManager: Sent Transition (#165) createdAt=07-01 08:03:00.655 via request=TransitionRequestInfo { type = OPEN, triggerTask = TaskInfo{userId=0 taskId=14848 effectiveUid=10806 displayId=0 isRunning=true baseIntent=Intent { act=android.intent.action.MAIN cat=[android.intent.category.LAUNCHER] flg=0x10200000 cmp=com.ipdial/.MainActivityDefault mCallingUid=10191 } baseActivity=ComponentInfo{com.ipdial/com.ipdial.MainActivity} topActivity=ComponentInfo{com.ipdial/com.startapp.sdk.adsbase.consent.ConsentActivity} origActivity=ComponentInfo{com.ipdial/com.ipdial.MainActivityDefault} realActivity=ComponentInfo{com.ipdial/com.ipdial.MainActivity}
07-01 08:03:01.204  2570  2882 V WindowManager:  numActivities=3 lastActiveTime=23950098 supportsSplitScreenMultiWindow=true supportsMultiWindow=true supportsPocketStudioMultiWindow=true isInFlexibleEmbedded = false uid = 10806 pid = 0 resizeMode=1 isResizeable=true minWidth=-1 minHeight=-1 defaultMinSize=220 token=WCT{RemoteToken{7cfd4ef Task{f6884b8 #14848 type=standard A=10806:com.ipdial}}} topActivityType=1 pictureInPictureParams=null shouldDockBigOverlays=false launchIntoPipHostTaskId=-1 lastParentTaskIdBeforePip=-1 displayCutoutSafeInsets=Rect(0, 107 - 0, 48)
07-01 08:03:01.204  2570  2882 V WindowManager:  topActivityInfo=ActivityInfo{ffa4a96 com.startapp.sdk.adsbase.consent.ConsentActivity} launchCookies=[android.os.BinderProxy@e2dfad] positionInParent=Point(0, 0) parentTaskId=-1 isFocused=true isVisible=true isVisibleRequested=true isTopActivityNoDisplay=false isSleeping=false locusId=null displayAreaFeatureId=1 isTopActivityTransparent=true isActivityStackTransparent=false lastNonFullscreenBounds=Rect(281, 689 - 800, 1769) capturedLink=null capturedLinkTimestamp=0 requestedVisibleTypes=-9 topActivityRequestOpenInBrowserEducationTimestamp=0
07-01 08:03:01.204  2570  2882 V WindowManager:  appCompatTaskInfo=AppCompatTaskInfo { topActivityInSizeCompat=false topActivityInOplusCompatMode=false eligibleForLetterboxEducation= false isLetterboxEducationEnabled= false isLetterboxDoubleTapEnabled= false eligibleForUserAspectRatioButton= false topActivityBoundsLetterboxed= false isFromLetterboxDoubleTap= false topActivityLetterboxVerticalPosition= -1 topActivityLetterboxHorizontalPosition= -1 topActivityLetterboxWidth=-1 topActivityLetterboxHeight=-1 topActivityAppBounds=Rect(0, 0 - 1080, 2400) isUserFullscreenOverrideEnabled=false isSystemFullscreenOverrideEnabled=false hasMinAspectRatioOverride=false topActivityLetterboxBounds=null cameraCompatTaskInfo=CameraCompatTaskInfo { freeformCameraCompatMode=inactive}} topActivityMainWindowFrame=null topActivityLetterboxInsets=Rect(0, 0 - 0, 0)
07-01 08:03:01.204  2570  2882 V WindowManager:  mOplusExtraBundle = Bundle[{androidx.flexible.taskFrame=Rect(0, 0 - 0, 0), topOpaqueSystemBarsAppearance=0, androidx.flexible.Alpha=1.0, androidx.activity.task.attach.blur=0, androidx.activity.LaunchInsensible=0, androidx.activity.LaunchCornerRadius=0, key_flexible_task_state=0, topActivitySupportAppInnerSplit=false, key_flexible_task_animating_type=-1, key_flexible_task_root_activity_processname=com.ipdial, androidx.activity.LaunchScenario=0, is_oplus_clone_task=false, flexible_super_mini_state=false, topRunningActivityHash=217381203, androidx.activity.LaunchScale=1.0, androidx.activity.LaunchShadowRadius=0, is_transient_hide_for_task_info=false, key_flexible_task_root_activity_pid=16838, key_flexible_task_root_activity_uid=10806}]}, pipChange = null, remoteTransition = null, displayChange = null, flags = 0, debugId = 165 }
07-01 08:03:01.205  2570  2882 V WindowManager:     startWCT=WindowContainerTransaction { changes= {} hops= [] errorCallbackToken=null taskFragmentOrganizer=null }
07-01 08:03:01.206  2570  2882 V WindowManager:     info={id=165 t=OPEN f=0x0 trk=0 r=[0@Point(0, 0)] c=[
07-01 08:03:01.206  2570  2882 V WindowManager:         {WCT{RemoteToken{de0c78e Task{96667d7 #1 type=home}}} m=TO_FRONT f=SHOW_WALLPAPER|MOVE_TO_TOP leash=Surface(name=Task=1)/@0x1825942 sb=Rect(0, 0 - 1080, 2400) eb=Rect(0, 0 - 1080, 2400) epz=Point(1080, 2400) d=0 taskParent=-1},
07-01 08:03:01.206  2570  2882 V WindowManager:         {WCT{RemoteToken{7cfd4ef Task{f6884b8 #14848 type=standard A=10806:com.ipdial}}} m=TO_BACK f=NONE leash=Surface(name=Task=14848)/@0xe9df6cd sb=Rect(0, 0 - 1080, 2400) eb=Rect(0, 0 - 1080, 2400) epz=Point(1080, 2400) d=0 taskParent=-1},
07-01 08:03:01.206  2570  2882 V WindowManager:         {m=TO_FRONT f=IS_WALLPAPER leash=Surface(name=WallpaperWindowToken{ce3237b showWhenLocked=false})/@0x6be4d53 sb=Rect(0, 0 - 1080, 2400) eb=Rect(0, 0 - 1080, 2400) epz=Point(1080, 2400) d=0}
07-01 08:03:01.206  2570  2882 V WindowManager:     ] 
07-01 08:03:01.206  2570  2882 V WindowManager: extendInfo=[
07-01 08:03:01.206  2570  2882 V WindowManager:  OplusTransitionExtendedInfo{mTmpFinishT=null, mInOplusCompatMode=false, mIsProcessRunning=false, mHasMismatchBoundsTarget=false, mRecentsController=null, mRemoteTransition=null, mIsTranslucentActivityToHome=false, mAvoidInterceptKeyEventToHome=false, mIsFromHome=false, mParentLeash=null, mBackAnimClosingLeash=null, mIsOplusAnimRes=false, mKeepBgForContinuous=false, mIsBalAllow=false, mTaskNotInRecent=false, mIsPredictiveBackAnim=false, mIsMergedWithPredictive=false, mIsLaunchFromSpruce=false, mIsLaunchFromDrive=false, mGlobalSearchPageSwitch=false, mNeedNoAlphaGlobalSearchScene=false, mAssistScreenShowing=false, mSwipeUpBrowserScreenShowing=false, mUserIdTransition=0
07-01 08:03:01.206  2570  2882 V WindowManager: , mInRemoteScene=false, mInPreReady=false, mPreStart=false, mToken=null, mAbortByRemoteFromHome=false, mShellApplyToken=null, mRequestTransitionTaskId=14848, mAbortTransitionOnShell=0, mStartFromShortcut=false, mRemovedTaskId=-1, mTransitionInterruptType=0, mMergeSecondTaskId=-1, mTaskIdStartFromRecents=0, mTransitionId=165, mCanUseSpringSlideAnim=false, mTransitionLaunchFrom=0, mFoldChangeType=-1, mAnimStartingPosition=[0, 0, 0, 0], mIsOpeningStkDialogActivity=false, mSecondaryHomeToFrontWhenUnFolding=false, mIsNeedApplyStartTForEmbedded=false
07-01 08:03:01.206  2570  2882 V WindowManager: , mNeedCanvasExitAnim=false, mMergeSecondTaskAnimation=false, mIsLaunchUnityStart=false, mIsLaunchFromAssistantByDefault=false, mSkipRemoteTransitionfalse, mIsStartFromKeyguard=false flags=0x0, mWCT=null, mIsOpenMergeToInValidPredictive=false, mPromoteTaskWhenKeyguard-1, mRootLayerZOrderArray={}}]}
07-01 08:03:01.224  2570  2886 D FlexibleTaskController: check task which not have enough child, isInSingleWhiteList:false isCloneTask:false
07-01 08:03:01.234  2570  2989 D BatteryExternalStatsWorker: end updateExternalStatsSync
07-01 08:03:01.249  2570  2938 I UserAwareMgr: handleAppChangedToBg, pkgName: com.google.android.permissioncontroller, pid: 15335
07-01 08:03:01.300  2570  4651 I AppWidgetServiceImpl: lookupWidgetLocked widgetId=12, uid=10162, packageName=com.oneplus.deskclock, mWidgets.size=1
07-01 08:03:01.300  2570  4651 I AppWidgetServiceImpl: isDifferentPackageFromProvider provider.id=ProviderId{user:0, app:10162, cmp:ComponentInfo{com.oneplus.deskclock/com.coloros.widget.smallweather.OppoWeatherSingle}}, provider.id.componentName=ComponentInfo{com.oneplus.deskclock/com.coloros.widget.smallweather.OppoWeatherSingle}, packageName=com.oneplus.deskclock, providerpackgename=com.oneplus.deskclock
07-01 08:03:01.313 14975 15021 I AppWidgetManager: updateAppWidgetIds, mPackageName: com.oneplus.deskclock, appWidgetIds: [12], views:android.widget.RemoteViews@88328dd
07-01 08:03:01.316  2570  4133 D AppWidgetServiceImpl: updateAppWidgetIds remoteViews = android.widget.RemoteViews@812cbf6
07-01 08:03:01.316  2570  4133 D AppWidgetServiceImpl: action size = 36
07-01 08:03:01.316  2570  4133 I AppWidgetServiceImpl: lookupWidgetLocked widgetId=12, uid=10162, packageName=com.oneplus.deskclock, mWidgets.size=1
07-01 08:03:01.316  2570  4133 I AppWidgetServiceImpl: isDifferentPackageFromProvider provider.id=ProviderId{user:0, app:10162, cmp:ComponentInfo{com.oneplus.deskclock/com.coloros.widget.smallweather.OppoWeatherSingle}}, provider.id.componentName=ComponentInfo{com.oneplus.deskclock/com.coloros.widget.smallweather.OppoWeatherSingle}, packageName=com.oneplus.deskclock, providerpackgename=com.oneplus.deskclock
07-01 08:03:01.317  2570  4133 I AppWidgetServiceImpl: updateViews: 6945783 widget:AppWidgetId{12:Host{HostId{user:0, app:10191, hostId:1024, pkg:com.android.launcher}}:Provider{ProviderId{user:0, app:10162, cmp:ComponentInfo{com.oneplus.deskclock/com.coloros.widget.smallweather.OppoWeatherSingle}}}}
07-01 08:03:01.317  2570  3637 I AppWidgetServiceImpl: handleNotifyUpdateAppWidget,appWidgetId: 12,packageName:com.oneplus.deskclock
07-01 08:03:01.317  2570  3637 D AppWidgetServiceImpl: Trying to notify widget update for package com.oneplus.deskclock with widget id: 12 callbacks:com.android.internal.appwidget.IAppWidgetHost$Stub$Proxy@fefba64
07-01 08:03:01.318  4086  4086 D AppWidgetHostView: inflateAsync(rvToApply), appWidgetId: 12
07-01 08:03:01.349  2570  4651 I AppWidgetServiceImpl: lookupWidgetLocked widgetId=12, uid=10162, packageName=com.oneplus.deskclock, mWidgets.size=1
07-01 08:03:01.349  2570  4651 I AppWidgetServiceImpl: isDifferentPackageFromProvider provider.id=ProviderId{user:0, app:10162, cmp:ComponentInfo{com.oneplus.deskclock/com.coloros.widget.smallweather.OppoWeatherSingle}}, provider.id.componentName=ComponentInfo{com.oneplus.deskclock/com.coloros.widget.smallweather.OppoWeatherSingle}, packageName=com.oneplus.deskclock, providerpackgename=com.oneplus.deskclock
07-01 08:03:01.351  2570  2886 W ActivityTaskManager: Activity top resumed state loss timeout for ActivityRecord{217381203 u0 com.ipdial/com.startapp.sdk.adsbase.consent.ConsentActivity t-1 f}}
07-01 08:03:01.352  2570  2886 I OplusJoystickManager: handleApplicationSwitch deprecated!
07-01 08:03:01.352  2570  2886 I GameManagerServiceExt-GameManagerServiceExt: on FG change: com.ipdial|com.android.launcher
07-01 08:03:01.353  2570  4565 D OplusEapManager: mTargetExitName :com.ipdial
07-01 08:03:01.353  4086  4086 D ResourcesManagerExtImpl: applyConfigurationToAppResourcesLocked app.getDisplayId() return callback.displayId:0
07-01 08:03:01.354  2570  3064 D VRR [OPlusRefreshRateService]: handleFrontAppChange pkgName: null
07-01 08:03:01.356  2570  4565 D OplusAppSwitchRuleInfo: generateAppEnterInfo - launch_source_type =  , launch_source_traceid = 
07-01 08:03:01.356  2570  4565 D OplusEapManager: mTargetEnterName :com.android.launcher
07-01 08:03:01.356  2570  3064 D VRR [OPlusRefreshRateService]: handleFrontAppChange pkgName: com.android.launcher
07-01 08:03:01.356  2570  4565 D OplusAppSwitchRuleInfo: generateAppEnterInfo - launch_source_type =  , launch_source_traceid = 
07-01 08:03:01.356  2570  4565 D OplusAppSwitchRuleInfo: generateAppEnterInfo - launch_source_type =  , launch_source_traceid = 
07-01 08:03:01.356  2570  4565 D OplusAppSwitchRuleInfo: generateAppEnterInfo - launch_source_type =  , launch_source_traceid = 
07-01 08:03:01.362  2570  3060 D OplusAppSwitchListener: App Activity Change
07-01 08:03:01.362  2570  3060 D OplusAppSwitchListener: Detect com.ipdial switch to background
07-01 08:03:01.362  2570  3060 D OplusFeatureReduceBrightness: onAppExit , info = com.ipdial
07-01 08:03:01.362  2570  3060 D OplusAppSwitchListener: Detect com.android.launcher switch to foreground
07-01 08:03:01.362  2570  3060 W OplusFeatureGlobalLimitBrightness: switch to display normal mode 
07-01 08:03:01.363  2570  4565 D OplusAppSwitchRuleInfo: generateAppEnterInfo - launch_source_type =  , launch_source_traceid = 
07-01 08:03:01.364  2570  4565 D OplusAppSwitchRuleInfo: generateAppEnterInfo - launch_source_type =  , launch_source_traceid = 
07-01 08:03:01.364  2570  4565 D OplusAppSwitchRuleInfo: generateAppEnterInfo - launch_source_type =  , launch_source_traceid = 
07-01 08:03:01.364  2570  3043 D OplusBiometricsDisplayHelper: isFold: false, isUnblockByFp: null
07-01 08:03:01.365  2570  4565 D OplusAppSwitchRuleInfo: generateActivityEnterInfo - launch_source_type =  , launch_source_traceid = 
07-01 08:03:01.367  2570  4565 D OplusAppSwitchRuleInfo: generateActivityEnterInfo - launch_source_type =  , launch_source_traceid = 
07-01 08:03:01.367  2570  4565 D OplusAppSwitchRuleInfo: generateActivityEnterInfo - launch_source_type =  , launch_source_traceid = 
07-01 08:03:01.367  2570  4565 D OplusAppSwitchRuleInfo: generateActivityEnterInfo - launch_source_type =  , launch_source_traceid = 
07-01 08:03:01.368 14975 15021 I AppWidgetManager: updateAppWidgetIds, mPackageName: com.oneplus.deskclock, appWidgetIds: [12], views:android.widget.RemoteViews@43dd64c
07-01 08:03:01.371  2570  2690 D AppWidgetServiceImpl: updateAppWidgetIds remoteViews = android.widget.RemoteViews@2e41ea6
07-01 08:03:01.371  2570  2690 D AppWidgetServiceImpl: action size = 36
07-01 08:03:01.371  2570  2690 I AppWidgetServiceImpl: lookupWidgetLocked widgetId=12, uid=10162, packageName=com.oneplus.deskclock, mWidgets.size=1
07-01 08:03:01.371  2570  2690 I AppWidgetServiceImpl: isDifferentPackageFromProvider provider.id=ProviderId{user:0, app:10162, cmp:ComponentInfo{com.oneplus.deskclock/com.coloros.widget.smallweather.OppoWeatherSingle}}, provider.id.componentName=ComponentInfo{com.oneplus.deskclock/com.coloros.widget.smallweather.OppoWeatherSingle}, packageName=com.oneplus.deskclock, providerpackgename=com.oneplus.deskclock
07-01 08:03:01.373  2570  2690 I AppWidgetServiceImpl: updateViews: 250119316 widget:AppWidgetId{12:Host{HostId{user:0, app:10191, hostId:1024, pkg:com.android.launcher}}:Provider{ProviderId{user:0, app:10162, cmp:ComponentInfo{com.oneplus.deskclock/com.coloros.widget.smallweather.OppoWeatherSingle}}}}
07-01 08:03:01.373  2570  3637 I AppWidgetServiceImpl: handleNotifyUpdateAppWidget,appWidgetId: 12,packageName:com.oneplus.deskclock
07-01 08:03:01.378  2570  3637 D AppWidgetServiceImpl: Trying to notify widget update for package com.oneplus.deskclock with widget id: 12 callbacks:com.android.internal.appwidget.IAppWidgetHost$Stub$Proxy@fefba64
07-01 08:03:01.381  4086  4086 D AppWidgetHostView: inflateAsync(rvToApply), appWidgetId: 12
07-01 08:03:01.458  3855  3923 V WindowManagerShell: Transition animation finished (aborted=false), notifying core (#165) android.os.BinderProxy@fb20e80@0
07-01 08:03:01.458  3855  3923 D SplitScreen-->AppLockManager: setStartFromSafeControl mStartFromSafeControl=false
07-01 08:03:01.463  2570  4686 D Transition: finishTransition ar ActivityRecord{116431392 u0 com.android.launcher/.Launcher t5}, isVisibleRequested=true, state=RESUMED, visibleAtTransitionEndTokens={ActivityRecord{116431392 u0 com.android.launcher/.Launcher t5}, WallpaperWindowToken{ce3237b showWhenLocked=false}}, this=TransitionRecord{7ca9b74 id=165 track=0 type=OPEN flags=0x0 state=2 c=[
07-01 08:03:01.463  2570  4686 D Transition:    ChangeInfo{c59b89d container=Display{#0 state=ON size=1080x2400 ROTATION_0} flags=0x0}
07-01 08:03:01.463  2570  4686 D Transition:    ChangeInfo{ee1a112 container=DefaultTaskDisplayArea@74644813 flags=0x0}
07-01 08:03:01.463  2570  4686 D Transition:    ChangeInfo{b1140e3 container=ActivityRecord{116431392 u0 com.android.launcher/.Launcher t5} flags=0x0}
07-01 08:03:01.463  2570  4686 D Transition:    ChangeInfo{9c29ac8 container=Task{96667d7 #1 type=home} flags=0x30}
07-01 08:03:01.463  2570  4686 D Transition:    ChangeInfo{859e286 container=WallpaperWindowToken{ce3237b showWhenLocked=false} flags=0x0}
07-01 08:03:01.463  2570  4686 D Transition:    ChangeInfo{aaffae0 container=Task{ceecb50 #5 type=home I=com.android.launcher/.Launcher} flags=0x30}
07-01 08:03:01.463  2570  4686 D Transition:    ChangeInfo{49e4199 container=ActivityRecord{217381203 u0 com.ipdial/com.startapp.sdk.adsbase.consent.ConsentActivity t-1 f}} flags=0x0}
07-01 08:03:01.463  2570  4686 D Transition:    ChangeInfo{4b4bc5e container=ActivityRecord{240500631 u0 com.google.android.permissioncontroller/com.android.permissioncontroller.permission.ui.GrantPermissionsActivity t14848 f}} flags=0x0}
07-01 08:03:01.463  2570  4686 D Transition:    ChangeInfo{10d083f container=ActivityRecord{245969194 u0 com.ipdial/.MainActivityDefault t14848 f} isExiting} flags=0x0}
07-01 08:03:01.463  2570  4686 D Transition:    ChangeInfo{1b50761 container=Task{f6884b8 #14848 type=standard A=10806:com.ipdial} flags=0x10}
07-01 08:03:01.463  2570  4686 D Transition: ]
07-01 08:03:01.463  2570  4686 D Transition: }
07-01 08:03:01.464  2570  4686 D Transition: finishTransition ar ActivityRecord{240500631 u0 com.google.android.permissioncontroller/com.android.permissioncontroller.permission.ui.GrantPermissionsActivity t14848 f}}, isVisibleRequested=false, state=STOPPING, visibleAtTransitionEndTokens={ActivityRecord{116431392 u0 com.android.launcher/.Launcher t5}, WallpaperWindowToken{ce3237b showWhenLocked=false}}, this=TransitionRecord{7ca9b74 id=165 track=0 type=OPEN flags=0x0 state=2 c=[
07-01 08:03:01.464  2570  4686 D Transition:    ChangeInfo{c59b89d container=Display{#0 state=ON size=1080x2400 ROTATION_0} flags=0x0}
07-01 08:03:01.464  2570  4686 D Transition:    ChangeInfo{ee1a112 container=DefaultTaskDisplayArea@74644813 flags=0x0}
07-01 08:03:01.464  2570  4686 D Transition:    ChangeInfo{b1140e3 container=ActivityRecord{116431392 u0 com.android.launcher/.Launcher t5} flags=0x0}
07-01 08:03:01.464  2570  4686 D Transition:    ChangeInfo{9c29ac8 container=Task{96667d7 #1 type=home} flags=0x30}
07-01 08:03:01.464  2570  4686 D Transition:    ChangeInfo{859e286 container=WallpaperWindowToken{ce3237b showWhenLocked=false} flags=0x0}
07-01 08:03:01.464  2570  4686 D Transition:    ChangeInfo{aaffae0 container=Task{ceecb50 #5 type=home I=com.android.launcher/.Launcher} flags=0x30}
07-01 08:03:01.464  2570  4686 D Transition:    ChangeInfo{49e4199 container=ActivityRecord{217381203 u0 com.ipdial/com.startapp.sdk.adsbase.consent.ConsentActivity t-1 f}} flags=0x0}
07-01 08:03:01.464  2570  4686 D Transition:    ChangeInfo{4b4bc5e container=ActivityRecord{240500631 u0 com.google.android.permissioncontroller/com.android.permissioncontroller.permission.ui.GrantPermissionsActivity t14848 f}} flags=0x0}
07-01 08:03:01.464  2570  4686 D Transition:    ChangeInfo{10d083f container=ActivityRecord{245969194 u0 com.ipdial/.MainActivityDefault t14848 f} isExiting} flags=0x0}
07-01 08:03:01.464  2570  4686 D Transition:    ChangeInfo{1b50761 container=Task{f6884b8 #14848 type=standard A=10806:com.ipdial} flags=0x10}
07-01 08:03:01.464  2570  4686 D Transition: ]
07-01 08:03:01.464  2570  4686 D Transition: }
07-01 08:03:01.465  2570  4686 D ActivityTaskManager: commitVisibility: ActivityRecord{240500631 u0 com.google.android.permissioncontroller/com.android.permissioncontroller.permission.ui.GrantPermissionsActivity t14848 f}}: visible=false visibleRequested=false, isInTransition=false 
07-01 08:03:01.465  2570  4686 D WindowManager: NFW_setClientVisible:ActivityRecord{240500631 u0 com.google.android.permissioncontroller/com.android.permissioncontroller.permission.ui.GrantPermissionsActivity t14848 f}} clientVisible:false
07-01 08:03:01.466  2570  4686 I WindowManager: Window{3407764 u0 com.google.android.permissioncontroller/com.android.permissioncontroller.permission.ui.GrantPermissionsActivity} state from HAS_DRAWN to DRAW_PENDING; reason: resetDrawState
07-01 08:03:01.466  2570  4686 D Transition: finishTransition ar ActivityRecord{245969194 u0 com.ipdial/.MainActivityDefault t14848 f} isExiting}, isVisibleRequested=false, state=DESTROYED, visibleAtTransitionEndTokens={ActivityRecord{116431392 u0 com.android.launcher/.Launcher t5}, WallpaperWindowToken{ce3237b showWhenLocked=false}}, this=TransitionRecord{7ca9b74 id=165 track=0 type=OPEN flags=0x0 state=2 c=[
07-01 08:03:01.466  2570  4686 D Transition:    ChangeInfo{c59b89d container=Display{#0 state=ON size=1080x2400 ROTATION_0} flags=0x0}
07-01 08:03:01.466  2570  4686 D Transition:    ChangeInfo{ee1a112 container=DefaultTaskDisplayArea@74644813 flags=0x0}
07-01 08:03:01.466  2570  4686 D Transition:    ChangeInfo{b1140e3 container=ActivityRecord{116431392 u0 com.android.launcher/.Launcher t5} flags=0x0}
07-01 08:03:01.466  2570  4686 D Transition:    ChangeInfo{9c29ac8 container=Task{96667d7 #1 type=home} flags=0x30}
07-01 08:03:01.466  2570  4686 D Transition:    ChangeInfo{859e286 container=WallpaperWindowToken{ce3237b showWhenLocked=false} flags=0x0}
07-01 08:03:01.466  2570  4686 D Transition:    ChangeInfo{aaffae0 container=Task{ceecb50 #5 type=home I=com.android.launcher/.Launcher} flags=0x30}
07-01 08:03:01.466  2570  4686 D Transition:    ChangeInfo{49e4199 container=ActivityRecord{217381203 u0 com.ipdial/com.startapp.sdk.adsbase.consent.ConsentActivity t-1 f}} flags=0x0}
07-01 08:03:01.466  2570  4686 D Transition:    ChangeInfo{4b4bc5e container=ActivityRecord{240500631 u0 com.google.android.permissioncontroller/com.android.permissioncontroller.permission.ui.GrantPermissionsActivity t14848 f}} flags=0x0}
07-01 08:03:01.466  2570  4686 D Transition:    ChangeInfo{10d083f container=ActivityRecord{245969194 u0 com.ipdial/.MainActivityDefault t14848 f} isExiting} flags=0x0}
07-01 08:03:01.466  2570  4686 D Transition:    ChangeInfo{1b50761 container=Task{f6884b8 #14848 type=standard A=10806:com.ipdial} flags=0x10}
07-01 08:03:01.466  2570  4686 D Transition: ]
07-01 08:03:01.466  2570  4686 D Transition: }
07-01 08:03:01.467  2570  4686 D ActivityTaskManager: commitVisibility: ActivityRecord{245969194 u0 com.ipdial/.MainActivityDefault t14848 f} isExiting}: visible=false visibleRequested=false, isInTransition=false 
07-01 08:03:01.467  2570  4686 D WindowManager: NFW_setClientVisible:ActivityRecord{245969194 u0 com.ipdial/.MainActivityDefault t14848 f} isExiting} clientVisible:false
07-01 08:03:01.467  2570  3348 D Transition: finishTransaction-onCommitted syncId=165
07-01 08:03:01.468  2570  4686 W ActivityManager: pid 2570 system sent binder code 7 with flags 1 to frozen apps and got error -32
07-01 08:03:01.468  2570  4686 W WindowManager: Exception thrown during dispatchAppVisibility Window{fbb7902 u0 com.ipdial/com.ipdial.MainActivityDefault EXITING}
