07-01 08:04:31.461 18351 18351 F DEBUG   :       #23 pc 00000000002a9268  /apex/com.android.art/lib64/libart.so (art::ArtMethod::Invoke(art::Thread*, unsigned int*, unsigned int, art::JValue*, char const*)+148) (BuildId: cecb684d19b4f44ee3cbd66142c315f4)
07-01 08:04:31.461 18351 18351 F DEBUG   :       #24 pc 00000000004e1a68  /apex/com.android.art/lib64/libart.so (art::Thread::CreateCallback(void*)+1384) (BuildId: cecb684d19b4f44ee3cbd66142c315f4)
07-01 08:04:31.461 18351 18351 F DEBUG   :       #25 pc 00000000004e14ec  /apex/com.android.art/lib64/libart.so (art::Thread::CreateCallbackWithUffdGc(void*)+12) (BuildId: cecb684d19b4f44ee3cbd66142c315f4)
07-01 08:04:31.461 18351 18351 F DEBUG   :       #26 pc 000000000009bc74  /apex/com.android.runtime/lib64/bionic/libc.so (__pthread_start(void*)+184) (BuildId: e86c12767b7ffe779233d6bd0a8f6b8a)
07-01 08:04:31.461 18351 18351 F DEBUG   :       #27 pc 000000000008e134  /apex/com.android.runtime/lib64/bionic/libc.so (__start_thread+68) (BuildId: e86c12767b7ffe779233d6bd0a8f6b8a)
07-01 08:05:02.108 18508 18542 F libc    : ../src/pj/os_core_unix.c:1278: pj_status_t pj_mutex_lock(pj_mutex_t *): assertion "mutex" failed
07-01 08:05:02.109 18508 18542 F libc    : Fatal signal 6 (SIGABRT), code -1 (SI_QUEUE) in tid 18542 (DefaultDispatch), pid 18508 (com.ipdial)
07-01 08:05:02.520 18566 18566 F DEBUG   : Process name is com.ipdial, uid is 10806, not key_process
07-01 08:05:02.520 18566 18566 F DEBUG   : keyProcess: 0
07-01 08:05:02.520 18566 18566 F DEBUG   : *** *** *** *** *** *** *** *** *** *** *** *** *** *** *** ***
07-01 08:05:02.520 18566 18566 F DEBUG   : Build fingerprint: 'OnePlus/CPH2621/OP5D49L1:16/BP2A.250605.015/U.R4T2.370c561-12d1a45-12d89e9:user/release-keys'
07-01 08:05:02.520 18566 18566 F DEBUG   : Revision: '0'
07-01 08:05:02.520 18566 18566 F DEBUG   : ABI: 'arm64'
07-01 08:05:02.520 18566 18566 F DEBUG   : Timestamp: 2026-07-01 08:05:02.256697398+0600
07-01 08:05:02.520 18566 18566 F DEBUG   : Process uptime: 1s
07-01 08:05:02.520 18566 18566 F DEBUG   : Cmdline: com.ipdial
07-01 08:05:02.520 18566 18566 F DEBUG   : pid: 18508, tid: 18542, name: DefaultDispatch  >>> com.ipdial <<<
07-01 08:05:02.520 18566 18566 F DEBUG   : uid: 10806
07-01 08:05:02.520 18566 18566 F DEBUG   : tagged_addr_ctrl: 0000000000000001 (PR_TAGGED_ADDR_ENABLE)
07-01 08:05:02.520 18566 18566 F DEBUG   : signal 6 (SIGABRT), code -1 (SI_QUEUE), fault addr --------
07-01 08:05:02.520 18566 18566 F DEBUG   : Abort message: '../src/pj/os_core_unix.c:1278: pj_status_t pj_mutex_lock(pj_mutex_t *): assertion "mutex" failed'
07-01 08:05:02.520 18566 18566 F DEBUG   :     x0  0000000000000000  x1  000000000000486e  x2  0000000000000006  x3  0000007b515c73a0
07-01 08:05:02.520 18566 18566 F DEBUG   :     x4  6f1f393736313039  x5  6f1f393736313039  x6  6f1f393736313039  x7  7f7f7f7f7f7f7f7f
07-01 08:05:02.520 18566 18566 F DEBUG   :     x8  00000000000000f0  x9  c3fdfe722eb62136  x10 000000ff00000020  x11 0000000000000000
07-01 08:05:02.520 18566 18566 F DEBUG   :     x12 000000006a4475ce  x13 000000007fffffff  x14 0000000000293152  x15 0000006ba1b5639e
07-01 08:05:02.520 18566 18566 F DEBUG   :     x16 0000007c857d8828  x17 0000007c857bdb80  x18 0000007b4f168000  x19 000000000000484c
07-01 08:05:02.520 18566 18566 F DEBUG   :     x20 000000000000486e  x21 00000000ffffffff  x22 0000007b6391786e  x23 000000000000000e
07-01 08:05:02.520 18566 18566 F DEBUG   :     x24 0000007bfaec1c40  x25 0000007b515c79a8  x26 b400007bbd12ee70  x27 b400007bb5866380
07-01 08:05:02.520 18566 18566 F DEBUG   :     x28 0000007b515c78a0  x29 0000007b515c7420
07-01 08:05:02.520 18566 18566 F DEBUG   :     lr  0000007c857578e8  sp  0000007b515c73a0  pc  0000007c8575790c  pst 0000000000001000
07-01 08:05:02.520 18566 18566 F DEBUG   : 28 total frames
07-01 08:05:02.520 18566 18566 F DEBUG   : backtrace:
07-01 08:05:02.520 18566 18566 F DEBUG   :       #00 pc 000000000008a90c  /apex/com.android.runtime/lib64/bionic/libc.so (abort+160) (BuildId: e86c12767b7ffe779233d6bd0a8f6b8a)
07-01 08:05:02.520 18566 18566 F DEBUG   :       #01 pc 000000000008b190  /apex/com.android.runtime/lib64/bionic/libc.so (__assert2+40) (BuildId: e86c12767b7ffe779233d6bd0a8f6b8a)
07-01 08:05:02.520 18566 18566 F DEBUG   :       #02 pc 0000000000589614  /data/app/~~E3gtp_mW0Bns0peHOyZtAA==/com.ipdial--R9HsdJsWw-1OWn_Ueg3Zw==/lib/arm64/libpjsua2.so (pj_mutex_lock+124) (BuildId: 69dfd2f5d7a61abb87f953b9fe98831da87032c4)
07-01 08:05:02.520 18566 18566 F DEBUG   :       #03 pc 00000000002b639c  /data/app/~~E3gtp_mW0Bns0peHOyZtAA==/com.ipdial--R9HsdJsWw-1OWn_Ueg3Zw==/lib/arm64/libpjsua2.so (pj::Endpoint::libRegisterThread(std::__ndk1::basic_string<char, std::__ndk1::char_traits<char>, std::__ndk1::allocator<char>> const&)+640) (BuildId: 69dfd2f5d7a61abb87f953b9fe98831da87032c4)
07-01 08:05:02.520 18566 18566 F DEBUG   :       #04 pc 0000000000242974  /data/app/~~E3gtp_mW0Bns0peHOyZtAA==/com.ipdial--R9HsdJsWw-1OWn_Ueg3Zw==/lib/arm64/libpjsua2.so (Java_org_pjsip_pjsua2_pjsua2JNI_Endpoint_1libRegisterThread+236) (BuildId: 69dfd2f5d7a61abb87f953b9fe98831da87032c4)
07-01 08:05:02.520 18566 18566 F DEBUG   :       #05 pc 00000000002c23a0  /apex/com.android.art/lib64/libart.so (art_quick_generic_jni_trampoline+144) (BuildId: cecb684d19b4f44ee3cbd66142c315f4)
07-01 08:05:02.520 18566 18566 F DEBUG   :       #06 pc 000000000072b39c  /apex/com.android.art/lib64/libart.so (nterp_helper+780) (BuildId: cecb684d19b4f44ee3cbd66142c315f4)
07-01 08:05:02.520 18566 18566 F DEBUG   :       #07 pc 000000000058e86e  /data/app/~~E3gtp_mW0Bns0peHOyZtAA==/com.ipdial--R9HsdJsWw-1OWn_Ueg3Zw==/oat/arm64/base.vdex (org.pjsip.pjsua2.Endpoint.libRegisterThread+10)
07-01 08:05:02.520 18566 18566 F DEBUG   :       #08 pc 000000000072b884  /apex/com.android.art/lib64/libart.so (nterp_helper+2036) (BuildId: cecb684d19b4f44ee3cbd66142c315f4)
07-01 08:05:02.521 18566 18566 F DEBUG   :       #09 pc 00000000004ed396  /data/app/~~E3gtp_mW0Bns0peHOyZtAA==/com.ipdial--R9HsdJsWw-1OWn_Ueg3Zw==/oat/arm64/base.vdex (com.ipdial.service.SipEngine.init+194)
07-01 08:05:02.521 18566 18566 F DEBUG   :       #10 pc 000000000072b884  /apex/com.android.art/lib64/libart.so (nterp_helper+2036) (BuildId: cecb684d19b4f44ee3cbd66142c315f4)
07-01 08:05:02.521 18566 18566 F DEBUG   :       #11 pc 00000000001dadd0  /data/app/~~E3gtp_mW0Bns0peHOyZtAA==/com.ipdial--R9HsdJsWw-1OWn_Ueg3Zw==/oat/arm64/base.vdex (ip.invokeSuspend+376)
07-01 08:05:02.521 18566 18566 F DEBUG   :       #12 pc 000000000072b884  /apex/com.android.art/lib64/libart.so (nterp_helper+2036) (BuildId: cecb684d19b4f44ee3cbd66142c315f4)
07-01 08:05:02.521 18566 18566 F DEBUG   :       #13 pc 00000000001d7a46  /data/app/~~E3gtp_mW0Bns0peHOyZtAA==/com.ipdial--R9HsdJsWw-1OWn_Ueg3Zw==/oat/arm64/base.vdex (io.resumeWith+14)
07-01 08:05:02.521 18566 18566 F DEBUG   :       #14 pc 000000000072b910  /apex/com.android.art/lib64/libart.so (nterp_helper+2176) (BuildId: cecb684d19b4f44ee3cbd66142c315f4)
07-01 08:05:02.521 18566 18566 F DEBUG   :       #15 pc 0000000000244352  /data/app/~~E3gtp_mW0Bns0peHOyZtAA==/com.ipdial--R9HsdJsWw-1OWn_Ueg3Zw==/oat/arm64/base.vdex (bj0.run+226)
07-01 08:05:02.521 18566 18566 F DEBUG   :       #16 pc 000000000072b884  /apex/com.android.art/lib64/libart.so (nterp_helper+2036) (BuildId: cecb684d19b4f44ee3cbd66142c315f4)
07-01 08:05:02.521 18566 18566 F DEBUG   :       #17 pc 0000000000195356  /data/app/~~E3gtp_mW0Bns0peHOyZtAA==/com.ipdial--R9HsdJsWw-1OWn_Ueg3Zw==/oat/arm64/base.vdex (a9.run+1954)
07-01 08:05:02.521 18566 18566 F DEBUG   :       #18 pc 000000000072b884  /apex/com.android.art/lib64/libart.so (nterp_helper+2036) (BuildId: cecb684d19b4f44ee3cbd66142c315f4)
07-01 08:05:02.521 18566 18566 F DEBUG   :       #19 pc 000000000039ec2c  /data/app/~~E3gtp_mW0Bns0peHOyZtAA==/com.ipdial--R9HsdJsWw-1OWn_Ueg3Zw==/oat/arm64/base.vdex (di3.run+4)
07-01 08:05:02.521 18566 18566 F DEBUG   :       #20 pc 000000000072b884  /apex/com.android.art/lib64/libart.so (nterp_helper+2036) (BuildId: cecb684d19b4f44ee3cbd66142c315f4)
07-01 08:05:02.521 18566 18566 F DEBUG   :       #21 pc 000000000022b366  /data/app/~~E3gtp_mW0Bns0peHOyZtAA==/com.ipdial--R9HsdJsWw-1OWn_Ueg3Zw==/oat/arm64/base.vdex (ib0.run+174)
07-01 08:05:02.521 18566 18566 F DEBUG   :       #22 pc 00000000002aaf94  /apex/com.android.art/lib64/libart.so (art_quick_invoke_stub+612) (BuildId: cecb684d19b4f44ee3cbd66142c315f4)
07-01 08:05:02.521 18566 18566 F DEBUG   :       #23 pc 00000000002a9268  /apex/com.android.art/lib64/libart.so (art::ArtMethod::Invoke(art::Thread*, unsigned int*, unsigned int, art::JValue*, char const*)+148) (BuildId: cecb684d19b4f44ee3cbd66142c315f4)
07-01 08:05:02.521 18566 18566 F DEBUG   :       #24 pc 00000000004e1a68  /apex/com.android.art/lib64/libart.so (art::Thread::CreateCallback(void*)+1384) (BuildId: cecb684d19b4f44ee3cbd66142c315f4)
07-01 08:05:02.521 18566 18566 F DEBUG   :       #25 pc 00000000004e14ec  /apex/com.android.art/lib64/libart.so (art::Thread::CreateCallbackWithUffdGc(void*)+12) (BuildId: cecb684d19b4f44ee3cbd66142c315f4)
07-01 08:05:02.521 18566 18566 F DEBUG   :       #26 pc 000000000009bc74  /apex/com.android.runtime/lib64/bionic/libc.so (__pthread_start(void*)+184) (BuildId: e86c12767b7ffe779233d6bd0a8f6b8a)
07-01 08:05:02.521 18566 18566 F DEBUG   :       #27 pc 000000000008e134  /apex/com.android.runtime/lib64/bionic/libc.so (__start_thread+68) (BuildId: e86c12767b7ffe779233d6bd0a8f6b8a)
07-01 08:05:06.611 18623 18662 F libc    : ../src/pj/os_core_unix.c:1278: pj_status_t pj_mutex_lock(pj_mutex_t *): assertion "mutex" failed
07-01 08:05:06.612 18623 18662 F libc    : Fatal signal 6 (SIGABRT), code -1 (SI_QUEUE) in tid 18662 (DefaultDispatch), pid 18623 (com.ipdial)
07-01 08:05:07.198 18734 18734 F DEBUG   : Process name is com.ipdial, uid is 10806, not key_process
07-01 08:05:07.198 18734 18734 F DEBUG   : keyProcess: 0
07-01 08:05:07.198 18734 18734 F DEBUG   : *** *** *** *** *** *** *** *** *** *** *** *** *** *** *** ***
07-01 08:05:07.198 18734 18734 F DEBUG   : Build fingerprint: 'OnePlus/CPH2621/OP5D49L1:16/BP2A.250605.015/U.R4T2.370c561-12d1a45-12d89e9:user/release-keys'
07-01 08:05:07.198 18734 18734 F DEBUG   : Revision: '0'
07-01 08:05:07.198 18734 18734 F DEBUG   : ABI: 'arm64'
07-01 08:05:07.198 18734 18734 F DEBUG   : Timestamp: 2026-07-01 08:05:06.916556406+0600
07-01 08:05:07.198 18734 18734 F DEBUG   : Process uptime: 2s
07-01 08:05:07.198 18734 18734 F DEBUG   : Cmdline: com.ipdial
07-01 08:05:07.198 18734 18734 F DEBUG   : pid: 18623, tid: 18662, name: DefaultDispatch  >>> com.ipdial <<<
07-01 08:05:07.198 18734 18734 F DEBUG   : uid: 10806
07-01 08:05:07.198 18734 18734 F DEBUG   : tagged_addr_ctrl: 0000000000000001 (PR_TAGGED_ADDR_ENABLE)
07-01 08:05:07.198 18734 18734 F DEBUG   : signal 6 (SIGABRT), code -1 (SI_QUEUE), fault addr --------
07-01 08:05:07.198 18734 18734 F DEBUG   : Abort message: '../src/pj/os_core_unix.c:1278: pj_status_t pj_mutex_lock(pj_mutex_t *): assertion "mutex" failed'
07-01 08:05:07.198 18734 18734 F DEBUG   :     x0  0000000000000000  x1  00000000000048e6  x2  0000000000000006  x3  0000007b4bde23e0
07-01 08:05:07.198 18734 18734 F DEBUG   :     x4  6f1f393736313039  x5  6f1f393736313039  x6  6f1f393736313039  x7  7f7f7f7f7f7f7f7f
07-01 08:05:07.198 18734 18734 F DEBUG   :     x8  00000000000000f0  x9  aaa00c067575ad3b  x10 000000ff00000020  x11 0000000000000000
07-01 08:05:07.198 18734 18734 F DEBUG   :     x12 000000006a4475d2  x13 000000007fffffff  x14 00000000002939e2  x15 0000006ba6dc87ba
07-01 08:05:07.198 18734 18734 F DEBUG   :     x16 0000007c857d8828  x17 0000007c857bdb80  x18 0000007b494cc000  x19 00000000000048bf
07-01 08:05:07.198 18734 18734 F DEBUG   :     x20 00000000000048e6  x21 00000000ffffffff  x22 b400007bb567c780  x23 0000000000000000
07-01 08:05:07.198 18734 18734 F DEBUG   :     x24 0000000000000000  x25 0000007b4bde29a8  x26 b400007bab399670  x27 b400007bb5866380
07-01 08:05:07.198 18734 18734 F DEBUG   :     x28 0000000000000056  x29 0000007b4bde2460
07-01 08:05:07.198 18734 18734 F DEBUG   :     lr  0000007c857578e8  sp  0000007b4bde23e0  pc  0000007c8575790c  pst 0000000000001000
07-01 08:05:07.198 18734 18734 F DEBUG   : 28 total frames
07-01 08:05:07.198 18734 18734 F DEBUG   : backtrace:
07-01 08:05:07.198 18734 18734 F DEBUG   :       #00 pc 000000000008a90c  /apex/com.android.runtime/lib64/bionic/libc.so (abort+160) (BuildId: e86c12767b7ffe779233d6bd0a8f6b8a)
07-01 08:05:07.198 18734 18734 F DEBUG   :       #01 pc 000000000008b190  /apex/com.android.runtime/lib64/bionic/libc.so (__assert2+40) (BuildId: e86c12767b7ffe779233d6bd0a8f6b8a)
07-01 08:05:07.198 18734 18734 F DEBUG   :       #02 pc 0000000000589614  /data/app/~~E3gtp_mW0Bns0peHOyZtAA==/com.ipdial--R9HsdJsWw-1OWn_Ueg3Zw==/lib/arm64/libpjsua2.so (pj_mutex_lock+124) (BuildId: 69dfd2f5d7a61abb87f953b9fe98831da87032c4)
07-01 08:05:07.198 18734 18734 F DEBUG   :       #03 pc 00000000002b639c  /data/app/~~E3gtp_mW0Bns0peHOyZtAA==/com.ipdial--R9HsdJsWw-1OWn_Ueg3Zw==/lib/arm64/libpjsua2.so (pj::Endpoint::libRegisterThread(std::__ndk1::basic_string<char, std::__ndk1::char_traits<char>, std::__ndk1::allocator<char>> const&)+640) (BuildId: 69dfd2f5d7a61abb87f953b9fe98831da87032c4)
07-01 08:05:07.198 18734 18734 F DEBUG   :       #04 pc 0000000000242974  /data/app/~~E3gtp_mW0Bns0peHOyZtAA==/com.ipdial--R9HsdJsWw-1OWn_Ueg3Zw==/lib/arm64/libpjsua2.so (Java_org_pjsip_pjsua2_pjsua2JNI_Endpoint_1libRegisterThread+236) (BuildId: 69dfd2f5d7a61abb87f953b9fe98831da87032c4)
07-01 08:05:07.198 18734 18734 F DEBUG   :       #05 pc 00000000012624f8  /data/misc/apexdata/com.android.art/dalvik-cache/arm64/boot.oat (art_jni_trampoline+136)
07-01 08:05:07.198 18734 18734 F DEBUG   :       #06 pc 000000000072b39c  /apex/com.android.art/lib64/libart.so (nterp_helper+780) (BuildId: cecb684d19b4f44ee3cbd66142c315f4)
07-01 08:05:07.198 18734 18734 F DEBUG   :       #07 pc 000000000058e86e  /data/app/~~E3gtp_mW0Bns0peHOyZtAA==/com.ipdial--R9HsdJsWw-1OWn_Ueg3Zw==/oat/arm64/base.vdex (org.pjsip.pjsua2.Endpoint.libRegisterThread+10)
07-01 08:05:07.198 18734 18734 F DEBUG   :       #08 pc 000000000072b884  /apex/com.android.art/lib64/libart.so (nterp_helper+2036) (BuildId: cecb684d19b4f44ee3cbd66142c315f4)
07-01 08:05:07.198 18734 18734 F DEBUG   :       #09 pc 00000000004ed396  /data/app/~~E3gtp_mW0Bns0peHOyZtAA==/com.ipdial--R9HsdJsWw-1OWn_Ueg3Zw==/oat/arm64/base.vdex (com.ipdial.service.SipEngine.init+194)
07-01 08:05:07.198 18734 18734 F DEBUG   :       #10 pc 000000000072b884  /apex/com.android.art/lib64/libart.so (nterp_helper+2036) (BuildId: cecb684d19b4f44ee3cbd66142c315f4)
07-01 08:05:07.198 18734 18734 F DEBUG   :       #11 pc 00000000001dadd0  /data/app/~~E3gtp_mW0Bns0peHOyZtAA==/com.ipdial--R9HsdJsWw-1OWn_Ueg3Zw==/oat/arm64/base.vdex (ip.invokeSuspend+376)
07-01 08:05:07.198 18734 18734 F DEBUG   :       #12 pc 000000000072b884  /apex/com.android.art/lib64/libart.so (nterp_helper+2036) (BuildId: cecb684d19b4f44ee3cbd66142c315f4)
07-01 08:05:07.198 18734 18734 F DEBUG   :       #13 pc 00000000001d7a46  /data/app/~~E3gtp_mW0Bns0peHOyZtAA==/com.ipdial--R9HsdJsWw-1OWn_Ueg3Zw==/oat/arm64/base.vdex (io.resumeWith+14)
07-01 08:05:07.198 18734 18734 F DEBUG   :       #14 pc 000000000072b910  /apex/com.android.art/lib64/libart.so (nterp_helper+2176) (BuildId: cecb684d19b4f44ee3cbd66142c315f4)
07-01 08:05:07.198 18734 18734 F DEBUG   :       #15 pc 0000000000244352  /data/app/~~E3gtp_mW0Bns0peHOyZtAA==/com.ipdial--R9HsdJsWw-1OWn_Ueg3Zw==/oat/arm64/base.vdex (bj0.run+226)
07-01 08:05:07.198 18734 18734 F DEBUG   :       #16 pc 000000000072b884  /apex/com.android.art/lib64/libart.so (nterp_helper+2036) (BuildId: cecb684d19b4f44ee3cbd66142c315f4)
07-01 08:05:07.198 18734 18734 F DEBUG   :       #17 pc 0000000000195356  /data/app/~~E3gtp_mW0Bns0peHOyZtAA==/com.ipdial--R9HsdJsWw-1OWn_Ueg3Zw==/oat/arm64/base.vdex (a9.run+1954)
07-01 08:05:07.198 18734 18734 F DEBUG   :       #18 pc 000000000072b884  /apex/com.android.art/lib64/libart.so (nterp_helper+2036) (BuildId: cecb684d19b4f44ee3cbd66142c315f4)
07-01 08:05:07.198 18734 18734 F DEBUG   :       #19 pc 000000000039ec2c  /data/app/~~E3gtp_mW0Bns0peHOyZtAA==/com.ipdial--R9HsdJsWw-1OWn_Ueg3Zw==/oat/arm64/base.vdex (di3.run+4)
07-01 08:05:07.198 18734 18734 F DEBUG   :       #20 pc 000000000072b884  /apex/com.android.art/lib64/libart.so (nterp_helper+2036) (BuildId: cecb684d19b4f44ee3cbd66142c315f4)
07-01 08:05:07.198 18734 18734 F DEBUG   :       #21 pc 000000000022b366  /data/app/~~E3gtp_mW0Bns0peHOyZtAA==/com.ipdial--R9HsdJsWw-1OWn_Ueg3Zw==/oat/arm64/base.vdex (ib0.run+174)
07-01 08:05:07.198 18734 18734 F DEBUG   :       #22 pc 00000000002aaf94  /apex/com.android.art/lib64/libart.so (art_quick_invoke_stub+612) (BuildId: cecb684d19b4f44ee3cbd66142c315f4)
07-01 08:05:07.198 18734 18734 F DEBUG   :       #23 pc 00000000002a9268  /apex/com.android.art/lib64/libart.so (art::ArtMethod::Invoke(art::Thread*, unsigned int*, unsigned int, art::JValue*, char const*)+148) (BuildId: cecb684d19b4f44ee3cbd66142c315f4)
07-01 08:05:07.198 18734 18734 F DEBUG   :       #24 pc 00000000004e1a68  /apex/com.android.art/lib64/libart.so (art::Thread::CreateCallback(void*)+1384) (BuildId: cecb684d19b4f44ee3cbd66142c315f4)
07-01 08:05:07.198 18734 18734 F DEBUG   :       #25 pc 00000000004e14ec  /apex/com.android.art/lib64/libart.so (art::Thread::CreateCallbackWithUffdGc(void*)+12) (BuildId: cecb684d19b4f44ee3cbd66142c315f4)
07-01 08:05:07.198 18734 18734 F DEBUG   :       #26 pc 000000000009bc74  /apex/com.android.runtime/lib64/bionic/libc.so (__pthread_start(void*)+184) (BuildId: e86c12767b7ffe779233d6bd0a8f6b8a)
07-01 08:05:07.198 18734 18734 F DEBUG   :       #27 pc 000000000008e134  /apex/com.android.runtime/lib64/bionic/libc.so (__start_thread+68) (BuildId: e86c12767b7ffe779233d6bd0a8f6b8a)
--------- beginning of system
07-01 08:05:07.957  2570  4651 D ActivityTaskManager: removeAppToken: ActivityRecord{225218858 u0 com.ipdial/.MainActivityDefault t14852 f}} delayed=false parent=Task{54ae4b8 #14852 type=standard A=10806:com.ipdial} animating=false Callers=com.android.server.wm.ActivityRecord.removeImmediately:5344 com.android.server.wm.WindowToken.removeIfPossible:267 com.android.server.wm.WindowToken.handleCompleteDeferredRemoval:273 com.android.server.wm.WindowContainer.handleCompleteDeferredRemoval:1646 
07-01 08:05:07.957  2570  4651 D QuickBackInputPolicy: hasMultiChildrenInTask: false
07-01 08:05:07.957  2570  4651 D WindowManager: NFW_findFocusedWindowIfNeeded:Window{24487cc u0 com.android.launcher/com.android.launcher.Launcher} mCurrentFocus:Window{24487cc u0 com.android.launcher/com.android.launcher.Launcher}
07-01 08:05:07.959  2570  4651 I WindowManager: Window{1f9f752 u0 com.ipdial/com.ipdial.MainActivityDefault EXITING} state from DRAW_PENDING to NO_SURFACE; reason: destroySurface
07-01 08:05:07.961  2570  2938 W QosScheduler: getScenario failed! scenarios is null, mask=2
07-01 08:05:07.961  2570  2938 W QosScheduler: executeSceneQosStrategy get scenario failed! scenario is null
07-01 08:05:07.963  2570  4651 D OplusMirageWindowManagerService: onTaskRemoved displayid:0 taskId:14852 callers:com.android.server.wm.MirageWindowManagerExtImpl.onTaskRemoved:47 com.android.server.wm.TaskDisplayArea.removeChildTask:391 com.android.server.wm.TaskDisplayArea.removeChild:380 com.android.server.wm.WindowContainer.removeImmediately:1098 com.android.server.wm.TaskFragment.removeImmediately:3767 
07-01 08:05:07.963  2570  4651 I OplusScreenSecurityMask: onStackRemoved task = Task{54ae4b8 #14852 type=standard A=10806:com.ipdial} record = null displayId = 0
07-01 08:05:07.964  2570  4651 D OplusTransitionController: finishTransition, transition: TransitionRecord{288ae4e id=177 track=0 type=OPEN flags=0x0 state=4 c=[
07-01 08:05:07.964  2570  4651 D OplusTransitionController:    ChangeInfo{7a22b6f container=Display{#0 state=ON size=1080x2400 ROTATION_0} flags=0x0}
07-01 08:05:07.964  2570  4651 D OplusTransitionController:    ChangeInfo{22807c container=ActivityRecord{17479988 u0 com.ipdial/com.startapp.sdk.adsbase.consent.ConsentActivity t-1 f}} flags=0x0}
07-01 08:05:07.964  2570  4651 D OplusTransitionController:    ChangeInfo{dbead05 container=DefaultTaskDisplayArea@74644813 flags=0x0}
07-01 08:05:07.964  2570  4651 D OplusTransitionController:    ChangeInfo{e399113 container=Task{54ae4b8 #14852 type=standard A=10806:com.ipdial} flags=0x10}
07-01 08:05:07.964  2570  4651 D OplusTransitionController:    ChangeInfo{9c5615a container=ActivityRecord{116431392 u0 com.android.launcher/.Launcher t5} flags=0x0}
07-01 08:05:07.964  2570  4651 D OplusTransitionController:    ChangeInfo{2155402 container=Task{96667d7 #1 type=home} flags=0x30}
07-01 08:05:07.964  2570  4651 D OplusTransitionController:    ChangeInfo{68bf50 container=WallpaperWindowToken{ce3237b showWhenLocked=false} flags=0x0}
07-01 08:05:07.964  2570  4651 D OplusTransitionController:    ChangeInfo{2500f8b container=Task{ceecb50 #5 type=home I=com.android.launcher/.Launcher} flags=0x30}
07-01 08:05:07.964  2570  4651 D OplusTransitionController:    ChangeInfo{1552868 container=ActivityRecord{225218858 u0 com.ipdial/.MainActivityDefault t-1 f}} flags=0x0}
07-01 08:05:07.964  2570  4651 D OplusTransitionController: ]
07-01 08:05:07.964  2570  4651 D OplusTransitionController: }
07-01 08:05:07.964  2570  4651 D FlexibleTaskTransitionController:  finishTransition pendingRecentToFlexibleTask:null,isRotationTransition:false ,pendingRecentToFlexible:null ,transition:TransitionRecord{288ae4e id=177 track=0 type=OPEN flags=0x0 state=4 c=[
07-01 08:05:07.964  2570  4651 D FlexibleTaskTransitionController:    ChangeInfo{7a22b6f container=Display{#0 state=ON size=1080x2400 ROTATION_0} flags=0x0}
07-01 08:05:07.964  2570  4651 D FlexibleTaskTransitionController:    ChangeInfo{22807c container=ActivityRecord{17479988 u0 com.ipdial/com.startapp.sdk.adsbase.consent.ConsentActivity t-1 f}} flags=0x0}
07-01 08:05:07.964  2570  4651 D FlexibleTaskTransitionController:    ChangeInfo{dbead05 container=DefaultTaskDisplayArea@74644813 flags=0x0}
07-01 08:05:07.964  2570  4651 D FlexibleTaskTransitionController:    ChangeInfo{e399113 container=Task{54ae4b8 #14852 type=standard A=10806:com.ipdial} flags=0x10}
07-01 08:05:07.964  2570  4651 D FlexibleTaskTransitionController:    ChangeInfo{9c5615a container=ActivityRecord{116431392 u0 com.android.launcher/.Launcher t5} flags=0x0}
07-01 08:05:07.964  2570  4651 D FlexibleTaskTransitionController:    ChangeInfo{2155402 container=Task{96667d7 #1 type=home} flags=0x30}
07-01 08:05:07.964  2570  4651 D FlexibleTaskTransitionController:    ChangeInfo{68bf50 container=WallpaperWindowToken{ce3237b showWhenLocked=false} flags=0x0}
07-01 08:05:07.964  2570  4651 D FlexibleTaskTransitionController:    ChangeInfo{2500f8b container=Task{ceecb50 #5 type=home I=com.android.launcher/.Launcher} flags=0x30}
07-01 08:05:07.964  2570  4651 D FlexibleTaskTransitionController:    ChangeInfo{1552868 container=ActivityRecord{225218858 u0 com.ipdial/.MainActivityDefault t-1 f}} flags=0x0}
07-01 08:05:07.964  2570  4651 D FlexibleTaskTransitionController: ]
07-01 08:05:07.964  2570  4651 D FlexibleTaskTransitionController: }
07-01 08:05:07.966  2570  4651 D KEYLOG_PhoneWindowManager: setKeyguardOccludedLw occluded=false,true,true
07-01 08:05:07.966  2570  2938 W UserAwareMgr: event can not be released, id: 5005, count: 2, releasePid: 2570
07-01 08:05:07.966  2570  4651 D TransitionControllerExtImpl: NFW_send RECOMPUTE_FOCUS in finishTransition
07-01 08:05:07.967  3855  3923 D ShellTaskOrganizer: onTransitionFinish, isRecent:false
07-01 08:05:07.967  3855  3923 V WindowManagerShell: Track 0 became idle
07-01 08:05:07.967  3855  3923 V WindowManagerShell: All active transition animations finished
07-01 08:05:07.970  2570  2889 D OplusFlexibleWindowMinimizedManagerHelper: onTaskVanished taskInfo:14852 task:Task{54ae4b8 #14852 type=standard A=10806:com.ipdial}
07-01 08:05:07.970  2570  2889 D OplusFlexibleDragToSplitAnimController: visibleFlexibleTaskInfos delete:14852
07-01 08:05:07.970  2570  2889 D FlexibleTaskController: no need releaseFlexibleCaptionView or destroyFlexibleDragLeash when non-caption-view-task vanished, task=Task{54ae4b8 #14852 type=standard A=10806:com.ipdial}
07-01 08:05:07.970  2570  2889 D FlexibleWindowManagerService: notifyFlexibleTaskVanish taskId : 14852 is not taskEmbedded
07-01 08:05:07.970  2570  2889 D FlexibleWindowManagerService: onFlexibleWindowTaskVanished: task = 14852,size:0
07-01 08:05:07.970  2570  2889 D OplusFlexibleWindowMinimizedManagerHelper: onTaskVanished taskInfo:14852 task:Task{54ae4b8 #14852 type=standard A=10806:com.ipdial}
07-01 08:05:07.970  2570  2889 D OplusFlexibleDragToSplitAnimController: visibleFlexibleTaskInfos delete:14852
07-01 08:05:07.970  2570  2889 D FlexibleTaskController: no need releaseFlexibleCaptionView or destroyFlexibleDragLeash when non-caption-view-task vanished, task=Task{54ae4b8 #14852 type=standard A=10806:com.ipdial}
07-01 08:05:07.970  2570  2889 D FlexibleWindowManagerService: notifyFlexibleTaskVanish taskId : 14852 is not taskEmbedded
07-01 08:05:07.970  2570  2889 D FlexibleWindowManagerService: onFlexibleWindowTaskVanished: task = 14852,size:0
07-01 08:05:07.972  2570  2886 D QuickBackInputPolicy: hasMultiChildrenInTask: false
07-01 08:05:07.972  2570  2886 D WindowManager: NFW_findFocusedWindowIfNeeded:Window{24487cc u0 com.android.launcher/com.android.launcher.Launcher} mCurrentFocus:Window{24487cc u0 com.android.launcher/com.android.launcher.Launcher}
07-01 08:05:07.974  3855  3923 D FlexibleSeekBarManager: removeAlpha for taskId=14852
07-01 08:05:07.975  2570  4651 D ActivityTaskManager: Skipping, invisible task: Task{ceecb50 #5 type=home I=com.android.launcher/.Launcher}
07-01 08:05:07.975  2570  4651 D OplusSplitScreenManagerService: com.android.settings unSupportsSplitScreen by blockList or ForbidActivityList
07-01 08:05:07.975  2570  4651 D OplusSplitScreenManagerService: com.android.settings unSupportsSplitScreen by blockList or ForbidActivityList
07-01 08:05:07.975  2570  4651 D OplusSplitScreenManagerService: com.android.settings unSupportsSplitScreen by blockList or ForbidActivityList
07-01 08:05:07.976  2570  4651 D OplusSplitScreenManagerService: com.android.settings unSupportsSplitScreen by blockList or ForbidActivityList
07-01 08:05:07.976  2570  4651 D ActivityTaskManager: after skip size:7,pre-Filtered:com.ipdial # com.android.settings # com.android.settings # com.android.settings # com.google.android.youtube # com.facebook.katana # com.google.android.apps.messaging # 
07-01 08:05:07.985  2570  2938 W UserAwareMgr: event can not be released, id: 2020, count: 2, releasePid: 4086
07-01 08:05:07.986  2570  4133 D ActivityTaskManager: Skipping, invisible task: Task{ceecb50 #5 type=home I=com.android.launcher/.Launcher}
07-01 08:05:07.986  2570  4133 D OplusSplitScreenManagerService: com.android.settings unSupportsSplitScreen by blockList or ForbidActivityList
07-01 08:05:07.987  2570  4133 D OplusSplitScreenManagerService: com.android.settings unSupportsSplitScreen by blockList or ForbidActivityList
07-01 08:05:07.987  2570  4133 D OplusSplitScreenManagerService: com.android.settings unSupportsSplitScreen by blockList or ForbidActivityList
07-01 08:05:07.987  2570  4133 D OplusSplitScreenManagerService: com.android.settings unSupportsSplitScreen by blockList or ForbidActivityList
07-01 08:05:07.987  2570  4133 D ActivityTaskManager: after skip size:7,pre-Filtered:com.ipdial # com.android.settings # com.android.settings # com.android.settings # com.google.android.youtube # com.facebook.katana # com.google.android.apps.messaging # 
07-01 08:05:08.231  2570  3044 D PowerManagerService: userActivityNoUpdateLocked: groupId=0, eventTime=5865003, event=touch, flags=0x0, uid=1000
07-01 08:05:08.233  2570  3044 D PowerManagerService: userActivityNoUpdateLocked: groupId=0, eventTime=5865003, event=touch, flags=0x0, uid=1000
07-01 08:05:08.241  2570  4133 I OplusPreStartController: preStartActivity Intent { act=android.intent.action.MAIN cat=[android.intent.category.LAUNCHER] flg=0x10200000 cmp=com.ipdial/.MainActivityDefault bnds=[642,1308][846,1587] (has extras) }
07-01 08:05:08.244  2570  4133 I OplusPreStartController: isCapBitmapExists intent: Intent { act=android.intent.action.MAIN cat=[android.intent.category.LAUNCHER] flg=0x10200000 cmp=com.ipdial/.MainActivityDefault bnds=[642,1308][846,1587] (has extras) }, requestRotation: SCREEN_ORIENTATION_UNSPECIFIED, surfaceRotation: ROTATION_0, targetRotation: ROTATION_0, uiMode: 17, found captures: true
07-01 08:05:08.246  4503  4946 I iopgp   : Iopgp: TRANSACTION_IOPGP_PRELOAD Sequence_id = 13 pkg_name = com.ipdial uid = 10806 size = 1 isProfile = 1
07-01 08:05:08.317  2570  5689 D RefreshRate: isLimitBySettingMode: [2] currentSettingMode: 3
07-01 08:05:08.317  2570  5689 D RefreshRate: register remote connection: RemoteConnection{mPriority=PRIORITY_LAUNCHER_REQUEST, mRequestSource=com.android.launcher10191, mBinder=android.os.BinderProxy@4e87a15}
07-01 08:05:08.317  2570  5689 D RefreshRate: requestRefreshRate: status=1,rate=120.0,ret=1: votes=PRIORITY_LAUNCHER_REQUEST -> Vote{mRefreshRate=120.0, mMinRefreshRate=120.0, mRequestSource=com.android.launcher10191};PRIORITY_WINDOW_REQUEST -> Vote{mRefreshRate=120.0, mMinRefreshRate=120.0, mRequestSource=null};
07-01 08:05:08.326  2570  4133 E OplusAppQuickStart_AppQuickStartController: notifyStartActivity intent:Intent { act=android.intent.action.MAIN cat=[android.intent.category.LAUNCHER] flg=0x10200000 xflg=0x4 cmp=com.ipdial/.MainActivityDefault bnds=[642,1308][846,1587] (has extras) }
07-01 08:05:08.329  4503  4946 I iopgp   : Iopgp: TRANSACTION_IOPGP_ON_INTENT_STARTED sequence_id = 13 pkg_name = com.ipdial class_name = com.ipdial.MainActivityDefault isCanTrace = 1
07-01 08:05:08.331  2570  4133 D WindowManager: NFW_setClientVisible:ActivityRecord{174303894 u0 com.ipdial/.MainActivityDefault clientVisible:true
07-01 08:05:08.332  2570  4133 D FlexibleTaskController: isSupportFlexibleWindow target = com.ipdial/.MainActivity callPkg = FlexibleTaskController support = true ,caller = 2570
07-01 08:05:08.332  2570  4133 D ActivityStarterExtImpl: NOT BACKGROUND_START_ACTIVITY_PERMISSION FEATURE
07-01 08:05:08.332  4503  4503 I iopgp   : Total traces exceed kMaxAppTraces limits, and number is 1
07-01 08:05:08.333  2570  4133 D FlexibleWindowManagerService: isIgnoreAppearedAcrossTask:false
07-01 08:05:08.333  2570  4133 D FlexibleWindowManagerService: isIgnoreAppearedAcrossTask:false
07-01 08:05:08.334  2570  4133 D FlexibleTaskController: findSourceTaskForFreeForm: sourceRecord = ActivityRecord{116431392 u0 com.android.launcher/.Launcher t5} ,realCallingPid:4086 ,launchFromZoomMode:false ,prevTopTask:Task{ceecb50 #5 type=home I=com.android.launcher/.Launcher}
07-01 08:05:08.334  2570  4133 D FlexibleTaskController: adjustOptionsForFlexibleTask not allow options follow process task's options, reason:9 ,reusedOptions:null
07-01 08:05:08.334  2570  4133 D FlexibleTaskController: isSupportFlexibleWindow target = com.ipdial/.MainActivity callPkg = FlexibleTaskController support = true ,caller = 2570
07-01 08:05:08.334  2570  4133 D FlexibleWindowManagerService: no reused task found for ActivityRecord{174303894 u0 com.ipdial/.MainActivityDefault t-1}
07-01 08:05:08.335  2570  4133 D CompactServiceDelegate: updateDecorsManagerIfNeed return because not attachToProcess task:Task{a474a04 #14853 type=standard}
07-01 08:05:08.335  2570  4133 D CompactServiceDelegate: updateDecorsManagerIfNeed return because not attachToProcess task:Task{a474a04 #14853 type=standard}
07-01 08:05:08.339  2570  4133 D TaskExtImpl: setScenario --> 0 for #14853
07-01 08:05:08.342  2570  4133 D SecondaryPageStartupPolicy: checkSecondaryPageStartupStatus not support sourcePackage=com.android.launcher
07-01 08:05:08.343  2570  4133 D OplusStartingWindowManager: we don't revise window flags for third app
07-01 08:05:08.343  2570  4133 D ActivityTaskManager: validateStartingWindowTheme:  Pkg=com.ipdial, Translucent=false, Floating=false, ShowWallpaper=false, Disable=false, LaunchSource=2, Prev=null, LaunchedFromPackage=com.android.launcher
07-01 08:05:08.343  2570  4133 D ActivityTaskManager: addStartingWindow for ActivityRecord{174303894 u0 com.ipdial/.MainActivityDefault t14853}, mainWin=null, state=INITIALIZING, isKeyguardLocked=false, isKeyguardGoingAway=false
07-01 08:05:08.343  2570  4133 D ActivityTaskManager: getStartingWindowType: , newTask=true, taskSwitch=true, processRunning=false, allowTaskSnapshot=true, activityCreated=false, activityAllDrawn=false, snapshot exist: false
07-01 08:05:08.343  2570  4133 D ActivityRecordExtImpl: handleStartingWindowForCompactWindow origin type:2, adjustType : 2
07-01 08:05:08.346  2570  4133 D QuickBackInputPolicy: hasMultiChildrenInTask: false
07-01 08:05:08.346  2570  4133 D ActivityTaskManager: setAppVisibility(Token{bffebed ActivityRecord{174303894 u0 com.ipdial/.MainActivityDefault t14853}}, visible=true):  visible=false mVisibleRequested=false
07-01 08:05:08.347  2570  4133 D ActivityTaskManager: setVisibility(Token{bffebed ActivityRecord{174303894 u0 com.ipdial/.MainActivityDefault t14853}}, visible=true) defer commitVisibility for transition collecting
07-01 08:05:08.347  2570  4133 D OplusFlexibleActivityTransitionManager: fixTransitType type result:1, targets: null
07-01 08:05:08.349  2570  4133 D OplusTransitionAnimationManager: activityRecordCount0fullScreenArBeHindStartingWindow null
07-01 08:05:08.353  3855  3965 D PhoneStartingWindowTypeAlgorithm: preferredStartingWindowType newTask=true, taskSwitch=true, processRunning=false, allowTaskSnapshot=true, activityCreated=false, isSolidColorSplashScreen=false, legacySplashScreen=false, activityDrawn=false, windowless=false, topIsHome=false
07-01 08:05:08.353  3855  3965 D OplusShellStartingWindowManager: getReviseStartingWindowType not support, windowInfo is null
07-01 08:05:08.356  3855  3965 D OplusShellStartingWindowManager: adjustSuggestedWindowType originType: 1, wi: StartingWindowInfo{taskId=14853 targetActivityInfo=null displayId=0 topActivityType=1 preferredStartingWindowType=8b mainWindowLayoutParams=null splashScreenThemeResId 7f0b0009, exi: OplusStartingWindowExtendedInfo{mAppToken=android.os.BinderProxy@919b18e, mSupportSplashScreenPreview=false, mIsSystemApp=false, mIsExceptionListApp=false, mPreviewBitmap=null, mShouldDrawBackground=false, mForceLightMode=false, mForceNightMode=false, mNotSupportNightMode=false, mForcePreview=false, mForceBigIcon=false, mQuickStartingSurface=null, mForceSolidColorSplash=false}
07-01 08:05:08.357  3855  3965 D OplusShellStartingWindowManager: adjustSuggestedWindowType: skip no-system app and no-exception list app
07-01 08:05:08.359  3855  3971 D ShellStartingWindow: getWindowAttrs SplashScreenWindowAttrs{ mWindowBgResId: 10602ea, mWindowBgColor: 0, mWindowBgImage: false, mSplashScreenIcon: false, mBrandingImage: false, mIconBgColor: 0, uiMode: 0}
07-01 08:05:08.359  3855  3971 I ShellStartingWindow: makeSplashScreenContentView themeBGColor: fffafafa, isDark: false, last config hash: 1465137123
07-01 08:05:08.360  2570  4133 D KeyguardControllerExtImpl: handleOccludedChanged occlude = false isKeyguardLocked = false executeTransition = false
07-01 08:05:08.361  2570  4133 D ActivityTaskManager: setAppVisibility(Token{cfd4c7c ActivityRecord{116431392 u0 com.android.launcher/.Launcher t5}}, visible=false):  visible=true mVisibleRequested=true
07-01 08:05:08.361  2570  4133 D ActivityTaskManager: setVisibility(Token{cfd4c7c ActivityRecord{116431392 u0 com.android.launcher/.Launcher t5}}, visible=false) defer commitVisibility for transition collecting
07-01 08:05:08.363  3855  3971 D ShellStartingWindow: inconsize = 576
07-01 08:05:08.366  2570  4133 D ActivityTaskManager: notifyTaskRemoved, task: Task{54ae4b8 #14852 type=standard A=10806:com.ipdial} trace:com.android.server.wm.RecentTasks.removeForAddTask:1888 com.android.server.wm.RecentTasks.add:1377 com.android.server.wm.ActivityStarter.startActivityInner:3039 com.android.server.wm.ActivityStarter.startActivityUnchecked:2174 com.android.server.wm.ActivityStarter.executeRequest:1924 
07-01 08:05:08.366  2570  4133 D ActivityTaskManager: notifyTaskAdded, task: Task{a474a04 #14853 type=standard A=10806:com.ipdial} trace:com.android.server.wm.RecentTasks.add:1392 com.android.server.wm.ActivityStarter.startActivityInner:3039 com.android.server.wm.ActivityStarter.startActivityUnchecked:2174 com.android.server.wm.ActivityStarter.executeRequest:1924 com.android.server.wm.ActivityStarter.execute:1012 
07-01 08:05:08.367  2570  2938 W UserAwareMgr: can not find match thread: UiThreadHelper for process system_server Pid: 2570
07-01 08:05:08.373  3855  3923 V WindowManagerShell: Transition requested (#178): android.os.BinderProxy@dda0bfd TransitionRequestInfo { type = OPEN, triggerTask = TaskInfo{userId=0 taskId=14853 effectiveUid=10806 displayId=0 isRunning=true baseIntent=Intent { act=android.intent.action.MAIN cat=[android.intent.category.LAUNCHER] flg=0x10200000 cmp=com.ipdial/.MainActivityDefault mCallingUid=10191 } baseActivity=ComponentInfo{com.ipdial/com.ipdial.MainActivity} topActivity=ComponentInfo{com.ipdial/com.ipdial.MainActivity} origActivity=ComponentInfo{com.ipdial/com.ipdial.MainActivityDefault} realActivity=ComponentInfo{com.ipdial/com.ipdial.MainActivity}
07-01 08:05:08.373  3855  3923 V WindowManagerShell:  numActivities=1 lastActiveTime=24077802 supportsSplitScreenMultiWindow=true supportsMultiWindow=true supportsPocketStudioMultiWindow=true isInFlexibleEmbedded = false uid = 10806 pid = 0 resizeMode=1 isResizeable=true minWidth=-1 minHeight=-1 defaultMinSize=220 token=WCT{android.window.IWindowContainerToken$Stub$Proxy@82c60f2} topActivityType=1 pictureInPictureParams=null shouldDockBigOverlays=false launchIntoPipHostTaskId=-1 lastParentTaskIdBeforePip=-1 displayCutoutSafeInsets=Rect(0, 107 - 0, 0)
07-01 08:05:08.373  3855  3923 V WindowManagerShell:  topActivityInfo=ActivityInfo{d9b3343 com.ipdial.MainActivityDefault} launchCookies=[android.os.BinderProxy@d856dc0] positionInParent=Point(0, 0) parentTaskId=-1 isFocused=false isVisible=false isVisibleRequested=true isTopActivityNoDisplay=false isSleeping=false locusId=null displayAreaFeatureId=1 isTopActivityTransparent=false isActivityStackTransparent=false lastNonFullscreenBounds=Rect(281, 689 - 800, 1769) capturedLink=null capturedLinkTimestamp=0 requestedVisibleTypes=-9 topActivityRequestOpenInBrowserEducationTimestamp=0
07-01 08:05:08.373  3855  3923 V WindowManagerShell:  appCompatTaskInfo=AppCompatTaskInfo { topActivityInSizeCompat=false topActivityInOplusCompatMode=false eligibleForLetterboxEducation= false isLetterboxEducationEnabled= false isLetterboxDoubleTapEnabled= false eligibleForUserAspectRatioButton= false topActivityBoundsLetterboxed= false isFromLetterboxDoubleTap= false topActivityLetterboxVerticalPosition= -1 topActivityLetterboxHorizontalPosition= -1 topActivityLetterboxWidth=-1 topActivityLetterboxHeight=-1 topActivityAppBounds=Rect(0, 0 - 1080, 2400) isUserFullscreenOverrideEnabled=false isSystemFullscreenOverrideEnabled=false hasMinAspectRatioOverride=false topActivityLetterboxBounds=null cameraCompatTaskInfo=CameraCompatTaskInfo { freeformCameraCompatMode=inactive}} topActivityMainWindowFrame=null topActivityLetterboxInsets=Rect(0, 0 - 0, 0)
07-01 08:05:08.373  3855  3923 V WindowManagerShell:  mOplusExtraBundle = Bundle[mParcelledData.dataSize=1452]}, pipChange = null, remoteTransition = RemoteTransition { remoteTransition = android.window.IRemoteTransition$Stub$Proxy@bc06af9, appThread = null, debugName = QuickstepLaunch }, displayChange = null, flags = 0, debugId = 178 }
07-01 08:05:08.374  2570  4133 D FlexibleWindowManagerService: onFlexibleWindowTaskAppeared: task = 14853, visible = false
07-01 08:05:08.375  2570  4133 D OplusFlexibleWindowMinimizedManagerHelper: onTaskAppered taskInfo:14853
07-01 08:05:08.375  2570  4133 D OplusFlexibleDragToSplitAnimController: visibleFlexibleTaskInfos delete:14853
07-01 08:05:08.375  2570  4133 E FlexibleWindowManagerService: notifyTaskObserverToAttachController not need to notify!
07-01 08:05:08.375  2570  4133 D FlexibleWindowManagerService: should not dispatch appeared task Task{a474a04 #14853 type=standard A=10806:com.ipdial}
07-01 08:05:08.375  2570  4133 D OplusTransitionController: tryFinishAheadIfNeed transition 178 , SyncGroup: com.android.server.wm.BLASTSyncEngine$SyncGroup@a933c34
07-01 08:05:08.375  2570  4133 D ActivityTaskManager: commitVisibility: ActivityRecord{174303894 u0 com.ipdial/.MainActivityDefault t14853}: visible=true visibleRequested=true, isInTransition=true 
07-01 08:05:08.375  2570  4133 D Transition: collectOrderChanges onTopTasksEnd: [Task{a474a04 #14853 type=standard A=10806:com.ipdial}], reportedOnTop:null, mOnTopTasksStart: [Task{a474a04 #14853 type=standard A=10806:com.ipdial}], TDA child: [Task{7f4cfa3 #2 type=undefined}, Task{23621be #14840 type=standard A=10241:com.google.android.apps.messaging}, Task{de87a2 #14841 type=standard A=10190:com.facebook.katana}, Task{be4af85 #14842 type=standard A=10157:com.google.android.youtube}, Task{85c016 #14843 type=standard A=1000:com.android.settings.root}, Task{96667d7 #1 type=home}, Task{a474a04 #14853 type=standard A=10806:com.ipdial}]
07-01 08:05:08.376  2570  4133 D OplusFlexibleActivityTransitionManager: fixTransitType type result:1, targets: [ChangeInfo{29e8b7a container=Task{a474a04 #14853 type=standard A=10806:com.ipdial} flags=0x10}, ChangeInfo{2fc91b container=Task{96667d7 #1 type=home} flags=0x10}]
07-01 08:05:08.376  2570  4133 D OplusTransitionAnimationManager: activityRecordCount0fullScreenArBeHindStartingWindow null
07-01 08:05:08.377  2570  4133 D OplusTransitionAnimationManager: activityRecordCount0fullScreenArBeHindStartingWindow null
07-01 08:05:08.378  3855  3923 D ShellSplitScreen: logExit: no-op, mLoggerSessionId is null
07-01 08:05:08.378  2570  4133 D QuickBackInputPolicy: resetInputInterceptState for remoteTransition: false
07-01 08:05:08.378  3855  3923 V WindowManagerShell: RemoteTransition directly requested for (#178) android.os.BinderProxy@dda0bfd: RemoteTransition { remoteTransition = android.window.IRemoteTransition$Stub$Proxy@bc06af9, appThread = null, debugName = QuickstepLaunch }
07-01 08:05:08.378  2570  4133 D OplusTransitionController: onTransactionReady, transition: 178, info: {id=178 t=OPEN f=0x0 trk=0 r=[0@Point(0, 0)] c=[{WCT{RemoteToken{dfeaf88 Task{a474a04 #14853 type=standard A=10806:com.ipdial}}} m=OPEN f=NONE leash=Surface(name=Task=14853)/@0x5fc59e9 sb=Rect(0, 0 - 1080, 2400) eb=Rect(0, 0 - 1080, 2400) epz=Point(1080, 2400) d=0 taskParent=-1},{WCT{RemoteToken{de0c78e Task{96667d7 #1 type=home}}} m=TO_BACK f=SHOW_WALLPAPER leash=Surface(name=Task=1)/@0x1825942 sb=Rect(0, 0 - 1080, 2400) eb=Rect(0, 0 - 1080, 2400) epz=Point(1080, 2400) d=0 taskParent=-1}] 
07-01 08:05:08.378  2570  4133 D OplusTransitionController: extendInfo=[
07-01 08:05:08.378  2570  4133 D OplusTransitionController:  OplusTransitionExtendedInfo{mTmpFinishT=null, mInOplusCompatMode=false, mIsProcessRunning=false, mHasMismatchBoundsTarget=false, mRecentsController=null, mRemoteTransition=null, mIsTranslucentActivityToHome=false, mAvoidInterceptKeyEventToHome=false, mIsFromHome=true, mParentLeash=null, mBackAnimClosingLeash=null, mIsOplusAnimRes=false, mKeepBgForContinuous=false, mIsBalAllow=false, mTaskNotInRecent=false, mIsPredictiveBackAnim=false, mIsMergedWithPredictive=false, mIsLaunchFromSpruce=false, mIsLaunchFromDrive=false, mGlobalSearchPageSwitch=false, mNeedNoAlphaGlobalSearchScene=false, mAssistScreenShowing=false, mSwipeUpBrowserScreenShowing=false, mUserIdTransition=0
07-01 08:05:08.378  2570  4133 D OplusTransitionController: , mInRemoteScene=false, mInPreReady=true, mPreStart=false, mToken=Token{a1c5d21 TransitionRecord{de5210f id=178 track=0 type=OPEN flags=0x0 state=2 c=[
07-01 08:05:08.378  2570  4133 D OplusTransitionController:    ChangeInfo{b3bd59c container=Display{#0 state=ON size=1080x2400 ROTATION_0} flags=0x0}
07-01 08:05:08.378  2570  4133 D OplusTransitionController:    ChangeInfo{637aba5 container=DefaultTaskDisplayArea@74644813 flags=0x0}
07-01 08:05:08.378  2570  4133 D OplusTransitionController:    ChangeInfo{f85d091 container=ActivityRecord{116431392 u0 com.android.launcher/.Launcher t5} flags=0x0}
07-01 08:05:08.378  2570  4133 D OplusTransitionController:    ChangeInfo{2fc91b container=Task{96667d7 #1 type=home} flags=0x10}
07-01 08:05:08.378  2570  4133 D OplusTransitionController:    ChangeInfo{29e8b7a container=Task{a474a04 #14853 type=standard A=10806:com.ipdial} flags=0x10}
07-01 08:05:08.378  2570  4133 D OplusTransitionController:    ChangeInfo{65cbf2b container=ActivityRecord{174303894 u0 com.ipdial/.MainActivityDefault t14853} flags=0x0}
07-01 08:05:08.378  2570  4133 D OplusTransitionController:    ChangeInfo{2ac2bf6 container=WallpaperWindowToken{ce3237b showWhenLocked=false} flags=0x0}
07-01 08:05:08.378  2570  4133 D OplusTransitionController:    ChangeInfo{ef7dbf7 container=Task{ceecb50 #5 type=home I=com.android.launcher/.Launcher} flags=0x10}
07-01 08:05:08.378  2570  4133 D OplusTransitionController:    ChangeInfo{c981a64 container=WallpaperWindowToken{f9b8d00 showWhenLocked=true} flags=0x0}
07-01 08:05:08.378  2570  4133 D OplusTransitionController: ]
07-01 08:05:08.378  2570  4133 D OplusTransitionController: }}, mAbortByRemoteFromHome=false, mShellApplyToken=null, mRequestTransitionTaskId=14853, mAbortTransitionOnShell=0, mStartFromShortcut=false, mRemovedTaskId=-1, mTransitionInterruptType=0, mMergeSecondTaskId=-1, mTaskIdStartFromRecents=0, mTransitionId=178, mCanUseSpringSlideAnim=false, mTransitionLaunchFrom=0, mFoldChangeType=-1, mAnimStartingPosition=[0, 0, 0, 0], mIsOpeningStkDialogActivity=false, mSecondaryHomeToFrontWhenUnFolding=false, mIsNeedApplyStartTForEmbedded=false
07-01 08:05:08.378  2570  4133 D OplusTransitionController: , mNeedCanvasExitAnim=false, mMergeSecondTaskAnimation=false, mIsLaunchUnityStart=false, mIsLaunchFromAssistantByDefault=false, mSkipRemoteTransitionfalse, mIsStartFromKeyguard=false flags=0x0, mWCT=null, mIsOpenMergeToInValidPredictive=false, mPromoteTaskWhenKeyguard-1, mRootLayerZOrderArray={}}]}, targets : [ChangeInfo{29e8b7a container=Task{a474a04 #14853 type=standard A=10806:com.ipdial} flags=0x10}, ChangeInfo{2fc91b container=Task{96667d7 #1 type=home} flags=0x10}], participants: {ActivityRecord{116431392 u0 com.android.launcher/.Launcher t5}, Task{a474a04 #14853 type=standard A=10806:com.ipdial}, ActivityRecord{174303894 u0 com.ipdial/.MainActivityDefault t14853}, WallpaperWindowToken{ce3237b showWhenLocked=false}, WallpaperWindowToken{f9b8d00 showWhenLocked=true}}
07-01 08:05:08.378  3855  3923 V WindowManagerShell: Transition (#178): request handled by DefaultMixedHandler
07-01 08:05:08.379  2570  4651 W WindowOrganizerController: skip start transition id: 178
07-01 08:05:08.381  2570  4133 D osense.compress: notifyActivityLaunched pkgName = com.ipdial, userId = 0
07-01 08:05:08.381  2570  2882 V WindowManager: Sent Transition (#178) createdAt=07-01 08:05:08.332 via request=TransitionRequestInfo { type = OPEN, triggerTask = TaskInfo{userId=0 taskId=14853 effectiveUid=10806 displayId=0 isRunning=true baseIntent=Intent { act=android.intent.action.MAIN cat=[android.intent.category.LAUNCHER] flg=0x10200000 cmp=com.ipdial/.MainActivityDefault mCallingUid=10191 } baseActivity=ComponentInfo{com.ipdial/com.ipdial.MainActivity} topActivity=ComponentInfo{com.ipdial/com.ipdial.MainActivity} origActivity=ComponentInfo{com.ipdial/com.ipdial.MainActivityDefault} realActivity=ComponentInfo{com.ipdial/com.ipdial.MainActivity}
07-01 08:05:08.381  2570  2882 V WindowManager:  numActivities=1 lastActiveTime=24077802 supportsSplitScreenMultiWindow=true supportsMultiWindow=true supportsPocketStudioMultiWindow=true isInFlexibleEmbedded = false uid = 10806 pid = 0 resizeMode=1 isResizeable=true minWidth=-1 minHeight=-1 defaultMinSize=220 token=WCT{RemoteToken{dfeaf88 Task{a474a04 #14853 type=standard A=10806:com.ipdial}}} topActivityType=1 pictureInPictureParams=null shouldDockBigOverlays=false launchIntoPipHostTaskId=-1 lastParentTaskIdBeforePip=-1 displayCutoutSafeInsets=Rect(0, 107 - 0, 0)
07-01 08:05:08.381  2570  2882 V WindowManager:  topActivityInfo=ActivityInfo{7ee78d0 com.ipdial.MainActivityDefault} launchCookies=[android.os.BinderProxy@a3900c9] positionInParent=Point(0, 0) parentTaskId=-1 isFocused=false isVisible=false isVisibleRequested=true isTopActivityNoDisplay=false isSleeping=false locusId=null displayAreaFeatureId=1 isTopActivityTransparent=false isActivityStackTransparent=false lastNonFullscreenBounds=Rect(281, 689 - 800, 1769) capturedLink=null capturedLinkTimestamp=0 requestedVisibleTypes=-9 topActivityRequestOpenInBrowserEducationTimestamp=0
07-01 08:05:08.381  2570  2882 V WindowManager:  appCompatTaskInfo=AppCompatTaskInfo { topActivityInSizeCompat=false topActivityInOplusCompatMode=false eligibleForLetterboxEducation= false isLetterboxEducationEnabled= false isLetterboxDoubleTapEnabled= false eligibleForUserAspectRatioButton= false topActivityBoundsLetterboxed= false isFromLetterboxDoubleTap= false topActivityLetterboxVerticalPosition= -1 topActivityLetterboxHorizontalPosition= -1 topActivityLetterboxWidth=-1 topActivityLetterboxHeight=-1 topActivityAppBounds=Rect(0, 0 - 1080, 2400) isUserFullscreenOverrideEnabled=false isSystemFullscreenOverrideEnabled=false hasMinAspectRatioOverride=false topActivityLetterboxBounds=null cameraCompatTaskInfo=CameraCompatTaskInfo { freeformCameraCompatMode=inactive}} topActivityMainWindowFrame=null topActivityLetterboxInsets=Rect(0, 0 - 0, 0)
